Archive member included because of file (symbol)

C:/Freescale/CW MCU v11.0/MCU/ARM_GCC_Support/ewl/lib/armv6-m\libc.a(scanf.o)
                              ./Sources/main.o (scanf)
C:/Freescale/CW MCU v11.0/MCU/ARM_GCC_Support/ewl/lib/armv6-m\libc.a(puts.o)
                              ./Sources/main.o (puts)
C:/Freescale/CW MCU v11.0/MCU/ARM_GCC_Support/ewl/lib/armv6-m\libc.a(__putchar.o)
                              C:/Freescale/CW MCU v11.0/MCU/ARM_GCC_Support/ewl/lib/armv6-m\libc.a(puts.o) (__put_char)
C:/Freescale/CW MCU v11.0/MCU/ARM_GCC_Support/ewl/lib/armv6-m\libc.a(__buffer_io.o)
                              C:/Freescale/CW MCU v11.0/MCU/ARM_GCC_Support/ewl/lib/armv6-m\libc.a(__putchar.o) (__prep_buffer)
C:/Freescale/CW MCU v11.0/MCU/ARM_GCC_Support/ewl/lib/armv6-m\libc.a(printf.o)
                              ./Sources/main.o (printf)
C:/Freescale/CW MCU v11.0/MCU/ARM_GCC_Support/ewl/lib/armv6-m\libc.a(exit.o)
                              ./Project_Settings/Startup_Code/__arm_start.o (exit)
C:/Freescale/CW MCU v11.0/MCU/ARM_GCC_Support/ewl/lib/armv6-m\libc.a(memset.o)
                              ./Project_Settings/Startup_Code/__arm_start.o (memset)
C:/Freescale/CW MCU v11.0/MCU/ARM_GCC_Support/ewl/lib/armv6-m\libc.a(__filll_mem.o)
                              C:/Freescale/CW MCU v11.0/MCU/ARM_GCC_Support/ewl/lib/armv6-m\libc.a(memset.o) (__fill_mem)
C:/Freescale/CW MCU v11.0/MCU/ARM_GCC_Support/ewl/lib/armv6-m\libc.a(printformat_fp_ll.o)
                              (__pformatterFPLL)
C:/Freescale/CW MCU v11.0/MCU/ARM_GCC_Support/ewl/lib/armv6-m\libc.a(scanformat_fp.o)
                              (__sformatter_FP)
C:/Freescale/CW MCU v11.0/MCU/ARM_GCC_Support/ewl/lib/armv6-m\libc.a(ctype_aeabi.o)
                              C:/Freescale/CW MCU v11.0/MCU/ARM_GCC_Support/ewl/lib/armv6-m\libc.a(scanformat_fp.o) (isspace)
C:/Freescale/CW MCU v11.0/MCU/ARM_GCC_Support/ewl/lib/armv6-m\libc.a(ungetc.o)
                              C:/Freescale/CW MCU v11.0/MCU/ARM_GCC_Support/ewl/lib/armv6-m\libc.a(scanf.o) (__ungetc)
C:/Freescale/CW MCU v11.0/MCU/ARM_GCC_Support/ewl/lib/armv6-m\libc.a(fwrite.o)
                              C:/Freescale/CW MCU v11.0/MCU/ARM_GCC_Support/ewl/lib/armv6-m\libc.a(printf.o) (__FileWrite)
C:/Freescale/CW MCU v11.0/MCU/ARM_GCC_Support/ewl/lib/armv6-m\libc.a(ansi_files.o)
                              C:/Freescale/CW MCU v11.0/MCU/ARM_GCC_Support/ewl/lib/armv6-m\libc.a(scanf.o) (__files)
C:/Freescale/CW MCU v11.0/MCU/ARM_GCC_Support/ewl/lib/armv6-m\libc.a(__getchar.o)
                              C:/Freescale/CW MCU v11.0/MCU/ARM_GCC_Support/ewl/lib/armv6-m\libc.a(scanf.o) (__get_char)
C:/Freescale/CW MCU v11.0/MCU/ARM_GCC_Support/ewl/lib/armv6-m\libc.a(fflush.o)
                              C:/Freescale/CW MCU v11.0/MCU/ARM_GCC_Support/ewl/lib/armv6-m\libc.a(ansi_files.o) (fflush)
C:/Freescale/CW MCU v11.0/MCU/ARM_GCC_Support/ewl/lib/armv6-m\libc.a(__strtold.o)
                              C:/Freescale/CW MCU v11.0/MCU/ARM_GCC_Support/ewl/lib/armv6-m\libc.a(scanformat_fp.o) (__strtold)
C:/Freescale/CW MCU v11.0/MCU/ARM_GCC_Support/ewl/lib/armv6-m\libc.a(__strtoul.o)
                              C:/Freescale/CW MCU v11.0/MCU/ARM_GCC_Support/ewl/lib/armv6-m\libc.a(scanformat_fp.o) (__strtoul)
C:/Freescale/CW MCU v11.0/MCU/ARM_GCC_Support/ewl/lib/armv6-m\libc.a(strchr.o)
                              C:/Freescale/CW MCU v11.0/MCU/ARM_GCC_Support/ewl/lib/armv6-m\libc.a(printformat_fp_ll.o) (strchr)
C:/Freescale/CW MCU v11.0/MCU/ARM_GCC_Support/ewl/lib/armv6-m\libc.a(memcpy.o)
                              C:/Freescale/CW MCU v11.0/MCU/ARM_GCC_Support/ewl/lib/armv6-m\libc.a(scanformat_fp.o) (memcpy)
C:/Freescale/CW MCU v11.0/MCU/ARM_GCC_Support/ewl/lib/armv6-m\libc.a(strcpy.o)
                              C:/Freescale/CW MCU v11.0/MCU/ARM_GCC_Support/ewl/lib/armv6-m\libc.a(printformat_fp_ll.o) (strcpy)
C:/Freescale/CW MCU v11.0/MCU/ARM_GCC_Support/ewl/lib/armv6-m\libc.a(strlen.o)
                              C:/Freescale/CW MCU v11.0/MCU/ARM_GCC_Support/ewl/lib/armv6-m\libc.a(printformat_fp_ll.o) (strlen)
C:/Freescale/CW MCU v11.0/MCU/ARM_GCC_Support/ewl/lib/armv6-m\libc.a(__memrchr.o)
                              C:/Freescale/CW MCU v11.0/MCU/ARM_GCC_Support/ewl/lib/armv6-m\libc.a(fwrite.o) (__memrchr)
C:/Freescale/CW MCU v11.0/MCU/ARM_GCC_Support/ewl/lib/armv6-m\libc.a(memchr.o)
                              C:/Freescale/CW MCU v11.0/MCU/ARM_GCC_Support/ewl/lib/armv6-m\libc.a(printformat_fp_ll.o) (memchr)
C:/Freescale/CW MCU v11.0/MCU/ARM_GCC_Support/ewl/lib/armv6-m\libc.a(errno.o)
                              C:/Freescale/CW MCU v11.0/MCU/ARM_GCC_Support/ewl/lib/armv6-m\libc.a(__strtold.o) (errno)
C:/Freescale/CW MCU v11.0/MCU/ARM_GCC_Support/ewl/lib/armv6-m\libc.a(vsscanf.o)
                              C:/Freescale/CW MCU v11.0/MCU/ARM_GCC_Support/ewl/lib/armv6-m\libc.a(__strtold.o) (__StringRead)
[...]
Memory Configuration

Name             Origin             Length             Attributes
m_interrupts     0x00000000         0x000000c0         xr
m_text           0x00000410         0x0001fbf0         xr
m_data           0x1ffff000         0x00004000         rw
m_cfmprotrom     0x00000400         0x00000010         xr
*default*        0x00000000         0xffffffff

Linker script and memory map

LOAD ./.metadata/.plugins/org.eclipse.cdt.make.core/specs.o
LOAD ./Generated_Code/WAIT1.o
LOAD ./Generated_Code/Vectors.o
LOAD ./Generated_Code/SCL.o
LOAD ./Generated_Code/PE_LDD.o
LOAD ./Generated_Code/MOSI.o
LOAD ./Generated_Code/MISO.o
LOAD ./Generated_Code/LED.o
LOAD ./Generated_Code/IO1.o
LOAD ./Generated_Code/I2C2.o
LOAD ./Generated_Code/CsIO1.o
LOAD ./Generated_Code/Cpu.o
LOAD ./Generated_Code/CS.o
LOAD ./Project_Settings/Startup_Code/__arm_start.o
LOAD ./Project_Settings/Startup_Code/__arm_end.o
LOAD ./Sources/sa_mtb.o
LOAD ./Sources/main.o
LOAD ./Sources/Events.o
                0x00004df8                __pformatter = __pformatterFPLL
                0x000056c8                __sformatter = __sformatter_FP
START GROUP
LOAD C:/Freescale/CW MCU v11.0/MCU/ARM_GCC_Support/ewl/lib/armv6-m\libc.a
LOAD C:/Freescale/CW MCU v11.0/MCU/ARM_GCC_Support/ewl/lib/armv6-m\libm.a
LOAD c:/freescale/cw mcu v11.0/cross_tools/arm-none-eabi-gcc-4_7_3/bin/../lib/gcc/arm-none-eabi/4.7.3/armv6-m\libgcc.a
LOAD C:/Freescale/CW MCU v11.0/MCU/ARM_GCC_Support/ewl/lib/armv6-m\librt.a
LOAD C:/Freescale/CW MCU v11.0/MCU/ARM_GCC_Support/ewl/lib/armv6-m\libuart.a
END GROUP
                0x20003000                _estack = 0x20003000
                0x20003000                __SP_INIT = _estack
                0x00000000                __heap_size = 0x0
                0x00000400                __stack_size = 0x400

.interrupts     0x00000000       0xc0
                0x00000000                __vector_table = .
                0x00000000                . = ALIGN (0x4)
 *(.vectortable)
 .vectortable   0x00000000       0xc0 ./Generated_Code/Vectors.o
                0x00000000                __vect_table
                0x000000c0                . = ALIGN (0x4)

.cfmprotect     0x00000400       0x10
                0x00000400                . = ALIGN (0x4)
 *(.cfmconfig)
 .cfmconfig     0x00000400       0x10 ./Generated_Code/Cpu.o
                0x00000400                _cfm
                0x00000410                . = ALIGN (0x4)

.text           0x00000410     0x80b0
                0x00000410                . = ALIGN (0x4)
 *(.text)
 .text          0x00000410       0x14 c:/freescale/cw mcu v11.0/cross_tools/arm-none-eabi-gcc-4_7_3/bin/../lib/gcc/arm-none-eabi/4.7.3/armv6-m\libgcc.a(_thumb1_case_sqi.o)
                0x00000410                __gnu_thumb1_case_sqi
 .text          0x00000424       0x14 c:/freescale/cw mcu v11.0/cross_tools/arm-none-eabi-gcc-4_7_3/bin/../lib/gcc/arm-none-eabi/4.7.3/armv6-m\libgcc.a(_thumb1_case_uqi.o)
                0x00000424                __gnu_thumb1_case_uqi
 .text          0x00000438       0x14 c:/freescale/cw mcu v11.0/cross_tools/arm-none-eabi-gcc-4_7_3/bin/../lib/gcc/arm-none-eabi/4.7.3/armv6-m\libgcc.a(_thumb1_case_shi.o)
                0x00000438                __gnu_thumb1_case_shi
 .text          0x0000044c       0x9c c:/freescale/cw mcu v11.0/cross_tools/arm-none-eabi-gcc-4_7_3/bin/../lib/gcc/arm-none-eabi/4.7.3/armv6-m\libgcc.a(_udivsi3.o)
                0x0000044c                __aeabi_uidiv
                0x0000044c                __udivsi3
                0x000004d4                __aeabi_uidivmod
 .text          0x000004e8       0xc0 c:/freescale/cw mcu v11.0/cross_tools/arm-none-eabi-gcc-4_7_3/bin/../lib/gcc/arm-none-eabi/4.7.3/armv6-m\libgcc.a(_divsi3.o)
                0x000004e8                __divsi3
                0x000004e8                __aeabi_idiv
                0x00000594                __aeabi_idivmod
 .text          0x000005a8        0x4 c:/freescale/cw mcu v11.0/cross_tools/arm-none-eabi-gcc-4_7_3/bin/../lib/gcc/arm-none-eabi/4.7.3/armv6-m\libgcc.a(_dvmd_tls.o)
                0x000005a8                __aeabi_idiv0
                0x000005a8                __aeabi_ldiv0
 .text          0x000005ac       0x7c c:/freescale/cw mcu v11.0/cross_tools/arm-none-eabi-gcc-4_7_3/bin/../lib/gcc/arm-none-eabi/4.7.3/armv6-m\libgcc.a(_arm_cmpdf2.o)
                0x000005ac                __aeabi_cdrcmple
                0x000005bc                __aeabi_cdcmple
                0x000005bc                __aeabi_cdcmpeq
                0x000005cc                __aeabi_dcmpeq
                0x000005d8                __aeabi_dcmplt
                0x000005ec                __aeabi_dcmple
                0x00000600                __aeabi_dcmpgt
                0x00000614                __aeabi_dcmpge
 .text          0x00000628       0x40 c:/freescale/cw mcu v11.0/cross_tools/arm-none-eabi-gcc-4_7_3/bin/../lib/gcc/arm-none-eabi/4.7.3/armv6-m\libgcc.a(_aeabi_uldivmod.o)
                0x00000628                __aeabi_uldivmod
 .text          0x00000668       0x74 c:/freescale/cw mcu v11.0/cross_tools/arm-none-eabi-gcc-4_7_3/bin/../lib/gcc/arm-none-eabi/4.7.3/armv6-m\libgcc.a(bpabi.o)
                0x00000668                __gnu_ldivmod_helper
                0x000006a4                __gnu_uldivmod_helper
 .text          0x000006dc      0x758 c:/freescale/cw mcu v11.0/cross_tools/arm-none-eabi-gcc-4_7_3/bin/../lib/gcc/arm-none-eabi/4.7.3/armv6-m\libgcc.a(adddf3.o)
                0x000006dc                __aeabi_dadd
 .text          0x00000e34      0x5b8 c:/freescale/cw mcu v11.0/cross_tools/arm-none-eabi-gcc-4_7_3/bin/../lib/gcc/arm-none-eabi/4.7.3/armv6-m\libgcc.a(divdf3.o)
                0x00000e34                __aeabi_ddiv
 .text          0x000013ec       0x7c c:/freescale/cw mcu v11.0/cross_tools/arm-none-eabi-gcc-4_7_3/bin/../lib/gcc/arm-none-eabi/4.7.3/armv6-m\libgcc.a(eqdf2.o)
                0x000013ec                __nedf2
                0x000013ec                __eqdf2
 .text          0x00001468       0xe8 c:/freescale/cw mcu v11.0/cross_tools/arm-none-eabi-gcc-4_7_3/bin/../lib/gcc/arm-none-eabi/4.7.3/armv6-m\libgcc.a(gedf2.o)
                0x00001468                __gedf2
                0x00001468                __gtdf2
 .text          0x00001550       0xd8 c:/freescale/cw mcu v11.0/cross_tools/arm-none-eabi-gcc-4_7_3/bin/../lib/gcc/arm-none-eabi/4.7.3/armv6-m\libgcc.a(ledf2.o)
                0x00001550                __ledf2
                0x00001550                __ltdf2
 .text          0x00001628      0x4e4 c:/freescale/cw mcu v11.0/cross_tools/arm-none-eabi-gcc-4_7_3/bin/../lib/gcc/arm-none-eabi/4.7.3/armv6-m\libgcc.a(muldf3.o)
                0x00001628                __aeabi_dmul
 .text          0x00001b0c      0x6f8 c:/freescale/cw mcu v11.0/cross_tools/arm-none-eabi-gcc-4_7_3/bin/../lib/gcc/arm-none-eabi/4.7.3/armv6-m\libgcc.a(subdf3.o)
                0x00001b0c                __aeabi_dsub
 .text          0x00002204       0x68 c:/freescale/cw mcu v11.0/cross_tools/arm-none-eabi-gcc-4_7_3/bin/../lib/gcc/arm-none-eabi/4.7.3/armv6-m\libgcc.a(fixdfsi.o)
                0x00002204                __aeabi_d2iz
 .text          0x0000226c       0x74 c:/freescale/cw mcu v11.0/cross_tools/arm-none-eabi-gcc-4_7_3/bin/../lib/gcc/arm-none-eabi/4.7.3/armv6-m\libgcc.a(floatsidf.o)
                0x0000226c                __aeabi_i2d
 .text          0x000022e0       0xa8 c:/freescale/cw mcu v11.0/cross_tools/arm-none-eabi-gcc-4_7_3/bin/../lib/gcc/arm-none-eabi/4.7.3/armv6-m\libgcc.a(extendsfdf2.o)
                0x000022e0                __aeabi_f2d
 .text          0x00002388      0x134 c:/freescale/cw mcu v11.0/cross_tools/arm-none-eabi-gcc-4_7_3/bin/../lib/gcc/arm-none-eabi/4.7.3/armv6-m\libgcc.a(truncdfsf2.o)
                0x00002388                __aeabi_d2f
 .text          0x000024bc       0x3c c:/freescale/cw mcu v11.0/cross_tools/arm-none-eabi-gcc-4_7_3/bin/../lib/gcc/arm-none-eabi/4.7.3/armv6-m\libgcc.a(_clzsi2.o)
                0x000024bc                __clzsi2
 .text          0x000024f8       0x44 c:/freescale/cw mcu v11.0/cross_tools/arm-none-eabi-gcc-4_7_3/bin/../lib/gcc/arm-none-eabi/4.7.3/armv6-m\libgcc.a(_muldi3.o)
                0x000024f8                __muldi3
                0x000024f8                __aeabi_lmul
 .text          0x0000253c      0x3d0 c:/freescale/cw mcu v11.0/cross_tools/arm-none-eabi-gcc-4_7_3/bin/../lib/gcc/arm-none-eabi/4.7.3/armv6-m\libgcc.a(_divdi3.o)
                0x0000253c                __divdi3
 .text          0x0000290c      0x38c c:/freescale/cw mcu v11.0/cross_tools/arm-none-eabi-gcc-4_7_3/bin/../lib/gcc/arm-none-eabi/4.7.3/armv6-m\libgcc.a(_udivdi3.o)
                0x0000290c                __udivdi3
 *(.text*)
 .text.WAIT1_Wait10Cycles
                0x00002c98       0x1c ./Generated_Code/WAIT1.o
                0x00002c98                WAIT1_Wait10Cycles
 .text.WAIT1_Wait100Cycles
                0x00002cb4       0x30 ./Generated_Code/WAIT1.o
                0x00002cb4                WAIT1_Wait100Cycles
 .text.WAIT1_WaitCycles
                0x00002ce4       0x2c ./Generated_Code/WAIT1.o
                0x00002ce4                WAIT1_WaitCycles
 .text.WAIT1_Waitms
                0x00002d10       0x30 ./Generated_Code/WAIT1.o
                0x00002d10                WAIT1_Waitms
 .text.SCL_Init
                0x00002d40       0x60 ./Generated_Code/SCL.o
                0x00002d40                SCL_Init
 .text.SCL_ClrVal
                0x00002da0       0x18 ./Generated_Code/SCL.o
                0x00002da0                SCL_ClrVal
 .text.SCL_SetVal
                0x00002db8       0x18 ./Generated_Code/SCL.o
                0x00002db8                SCL_SetVal
 .text.MOSI_Init
                0x00002dd0       0x60 ./Generated_Code/MOSI.o
                0x00002dd0                MOSI_Init
 .text.MOSI_PutVal
                0x00002e30       0x30 ./Generated_Code/MOSI.o
                0x00002e30                MOSI_PutVal
 .text.MOSI_ClrVal
                0x00002e60       0x18 ./Generated_Code/MOSI.o
                0x00002e60                MOSI_ClrVal
 .text.MOSI_SetVal
                0x00002e78       0x18 ./Generated_Code/MOSI.o
                0x00002e78                MOSI_SetVal
 .text.MISO_Init
                0x00002e90       0x54 ./Generated_Code/MISO.o
                0x00002e90                MISO_Init
 .text.MISO_GetVal
                0x00002ee4       0x28 ./Generated_Code/MISO.o
                0x00002ee4                MISO_GetVal
 .text.LED_Init
                0x00002f0c       0x64 ./Generated_Code/LED.o
                0x00002f0c                LED_Init
 .text.LED_ClrVal
                0x00002f70       0x1c ./Generated_Code/LED.o
                0x00002f70                LED_ClrVal
 .text.LED_SetVal
                0x00002f8c       0x1c ./Generated_Code/LED.o
                0x00002f8c                LED_SetVal
 .text.IO1_Init
                0x00002fa8      0x160 ./Generated_Code/IO1.o
                0x00002fa8                IO1_Init
 .text.I2C2_Interrupt
                0x00003108      0x208 ./Generated_Code/I2C2.o
                0x00003108                I2C2_Interrupt
 .text.I2C2_Init
                0x00003310      0x114 ./Generated_Code/I2C2.o
                0x00003310                I2C2_Init
 .text.I2C2_MasterSendBlock
                0x00003424      0x13c ./Generated_Code/I2C2.o
                0x00003424                I2C2_MasterSendBlock
 .text.I2C2_MasterReceiveBlock
                0x00003560      0x148 ./Generated_Code/I2C2.o
                0x00003560                I2C2_MasterReceiveBlock
 .text.__read_console
                0x000036a8       0x8c ./Generated_Code/CsIO1.o
                0x000036a8                __read_console
 .text.__write_console
                0x00003734       0x7c ./Generated_Code/CsIO1.o
                0x00003734                __write_console
 .text.__close_console
                0x000037b0       0x14 ./Generated_Code/CsIO1.o
                0x000037b0                __close_console
 .text.Cpu_INT_NMIInterrupt
                0x000037c4        0xc ./Generated_Code/Cpu.o
                0x000037c4                Cpu_INT_NMIInterrupt
 .text.Cpu_Interrupt
                0x000037d0        0xc ./Generated_Code/Cpu.o
                0x000037d0                Cpu_Interrupt
 .text.__init_hardware
                0x000037dc      0x110 ./Generated_Code/Cpu.o
                0x000037dc                __init_hardware
 .text.PE_low_level_init
                0x000038ec       0xd4 ./Generated_Code/Cpu.o
                0x000038ec                PE_low_level_init
 .text.CS_Init  0x000039c0       0x60 ./Generated_Code/CS.o
                0x000039c0                CS_Init
 .text.CS_ClrVal
                0x00003a20       0x18 ./Generated_Code/CS.o
                0x00003a20                CS_ClrVal
 .text.CS_SetVal
                0x00003a38       0x18 ./Generated_Code/CS.o
                0x00003a38                CS_SetVal
 .text.zero_fill_bss
                0x00003a50       0x24 ./Project_Settings/Startup_Code/__arm_start.o
 .text.__thumb_startup
                0x00003a74       0x30 ./Project_Settings/Startup_Code/__arm_start.o
                0x00003a74                __thumb_startup
 .text._ExitProcess
                0x00003aa4        0xc ./Project_Settings/Startup_Code/__arm_end.o
                0x00003aa4                _ExitProcess
 .text.I2C_read_reg
                0x00003ab0       0x84 ./Sources/main.o
                0x00003ab0                I2C_read_reg
 .text.I2C_write_reg
                0x00003b34       0x9c ./Sources/main.o
                0x00003b34                I2C_write_reg
 .text.SPI_write_byte
                0x00003bd0      0x304 ./Sources/main.o
                0x00003bd0                SPI_write_byte
 .text.SPI_read_byte
                0x00003ed4      0x1dc ./Sources/main.o
                0x00003ed4                SPI_read_byte
 .text.main     0x000040b0      0x6e0 ./Sources/main.o
                0x000040b0                main
 .text.Cpu_OnNMIINT
                0x00004790        0x8 ./Sources/Events.o
                0x00004790                Cpu_OnNMIINT
 .text.I2C2_OnMasterBlockSent
                0x00004798       0x10 ./Sources/Events.o
                0x00004798                I2C2_OnMasterBlockSent
 .text.I2C2_OnMasterBlockReceived
                0x000047a8       0x10 ./Sources/Events.o
                0x000047a8                I2C2_OnMasterBlockReceived
 .text.__FileRead
                0x000047b8       0x4e C:/Freescale/CW MCU v11.0/MCU/ARM_GCC_Support/ewl/lib/armv6-m\libc.a(scanf.o)
                0x000047b8                __FileRead
 *fill*         0x00004806        0x2 00
 .text.scanf    0x00004808       0x28 C:/Freescale/CW MCU v11.0/MCU/ARM_GCC_Support/ewl/lib/armv6-m\libc.a(scanf.o)
                0x00004808                scanf
 .text.puts     0x00004830       0x54 C:/Freescale/CW MCU v11.0/MCU/ARM_GCC_Support/ewl/lib/armv6-m\libc.a(puts.o)
                0x00004830                puts
 .text.__put_char
                0x00004884       0x90 C:/Freescale/CW MCU v11.0/MCU/ARM_GCC_Support/ewl/lib/armv6-m\libc.a(__putchar.o)
                0x00004884                __put_char
 .text.__prep_buffer
                0x00004914       0x14 C:/Freescale/CW MCU v11.0/MCU/ARM_GCC_Support/ewl/lib/armv6-m\libc.a(__buffer_io.o)
                0x00004914                __prep_buffer
 .text.__load_buffer
                0x00004928       0x44 C:/Freescale/CW MCU v11.0/MCU/ARM_GCC_Support/ewl/lib/armv6-m\libc.a(__buffer_io.o)
                0x00004928                __load_buffer
 .text.__flush_buffer
                0x0000496c       0x38 C:/Freescale/CW MCU v11.0/MCU/ARM_GCC_Support/ewl/lib/armv6-m\libc.a(__buffer_io.o)
                0x0000496c                __flush_buffer
 .text.printf   0x000049a4       0x28 C:/Freescale/CW MCU v11.0/MCU/ARM_GCC_Support/ewl/lib/armv6-m\libc.a(printf.o)
                0x000049a4                printf
 .text.exit     0x000049cc       0x38 C:/Freescale/CW MCU v11.0/MCU/ARM_GCC_Support/ewl/lib/armv6-m\libc.a(exit.o)
                0x000049cc                exit
 .text.memset   0x00004a04        0xc C:/Freescale/CW MCU v11.0/MCU/ARM_GCC_Support/ewl/lib/armv6-m\libc.a(memset.o)
                0x00004a04                memset
 .text.__fill_mem
                0x00004a10       0x7e C:/Freescale/CW MCU v11.0/MCU/ARM_GCC_Support/ewl/lib/armv6-m\libc.a(__filll_mem.o)
                0x00004a10                __fill_mem
 *fill*         0x00004a8e        0x2 00
 .text.long2str.isra.0
                0x00004a90      0x19c C:/Freescale/CW MCU v11.0/MCU/ARM_GCC_Support/ewl/lib/armv6-m\libc.a(printformat_fp_ll.o)
 .text.longlong2str.isra.1
                0x00004c2c      0x1c8 C:/Freescale/CW MCU v11.0/MCU/ARM_GCC_Support/ewl/lib/armv6-m\libc.a(printformat_fp_ll.o)
 *fill*         0x00004df4        0x4 00
 .text.__pformatterFPLL
                0x00004df8      0x8d0 C:/Freescale/CW MCU v11.0/MCU/ARM_GCC_Support/ewl/lib/armv6-m\libc.a(printformat_fp_ll.o)
                0x00004df8                __pformatterFPLL
 .text.__sformatter_FP
                0x000056c8      0x740 C:/Freescale/CW MCU v11.0/MCU/ARM_GCC_Support/ewl/lib/armv6-m\libc.a(scanformat_fp.o)
                0x000056c8                __sformatter_FP
 .text.isalpha  0x00005e08       0x20 C:/Freescale/CW MCU v11.0/MCU/ARM_GCC_Support/ewl/lib/armv6-m\libc.a(ctype_aeabi.o)
                0x00005e08                isalpha
 .text.isspace  0x00005e28       0x20 C:/Freescale/CW MCU v11.0/MCU/ARM_GCC_Support/ewl/lib/armv6-m\libc.a(ctype_aeabi.o)
                0x00005e28                isspace
 .text.isupper  0x00005e48       0x20 C:/Freescale/CW MCU v11.0/MCU/ARM_GCC_Support/ewl/lib/armv6-m\libc.a(ctype_aeabi.o)
                0x00005e48                isupper
 .text.isxdigit
                0x00005e68       0x20 C:/Freescale/CW MCU v11.0/MCU/ARM_GCC_Support/ewl/lib/armv6-m\libc.a(ctype_aeabi.o)
                0x00005e68                isxdigit
 .text.toupper  0x00005e88        0xe C:/Freescale/CW MCU v11.0/MCU/ARM_GCC_Support/ewl/lib/armv6-m\libc.a(ctype_aeabi.o)
                0x00005e88                toupper
 .text.__ungetc
                0x00005e96       0x36 C:/Freescale/CW MCU v11.0/MCU/ARM_GCC_Support/ewl/lib/armv6-m\libc.a(ungetc.o)
                0x00005e96                __ungetc
 .text.__fwrite
                0x00005ecc      0x160 C:/Freescale/CW MCU v11.0/MCU/ARM_GCC_Support/ewl/lib/armv6-m\libc.a(fwrite.o)
                0x00005ecc                __fwrite
 .text.__FileWrite
                0x0000602c       0x1c C:/Freescale/CW MCU v11.0/MCU/ARM_GCC_Support/ewl/lib/armv6-m\libc.a(fwrite.o)
                0x0000602c                __FileWrite
 .text.__get_char
                0x00006048       0x82 C:/Freescale/CW MCU v11.0/MCU/ARM_GCC_Support/ewl/lib/armv6-m\libc.a(__getchar.o)
                0x00006048                __get_char
 *fill*         0x000060ca        0x6 00
 .text.__strtold
                0x000060d0      0x6d0 C:/Freescale/CW MCU v11.0/MCU/ARM_GCC_Support/ewl/lib/armv6-m\libc.a(__strtold.o)
                0x000060d0                __strtold
 .text.__strtoul
                0x000067a0      0x1ce C:/Freescale/CW MCU v11.0/MCU/ARM_GCC_Support/ewl/lib/armv6-m\libc.a(__strtoul.o)
                0x000067a0                __strtoul
 .text.strchr   0x0000696e       0x1e C:/Freescale/CW MCU v11.0/MCU/ARM_GCC_Support/ewl/lib/armv6-m\libc.a(strchr.o)
                0x0000696e                strchr
 .text.memcpy   0x0000698c       0x12 C:/Freescale/CW MCU v11.0/MCU/ARM_GCC_Support/ewl/lib/armv6-m\libc.a(memcpy.o)
                0x0000698c                memcpy
 .text.strcpy   0x0000699e       0x10 C:/Freescale/CW MCU v11.0/MCU/ARM_GCC_Support/ewl/lib/armv6-m\libc.a(strcpy.o)
                0x0000699e                strcpy
 .text.strlen   0x000069ae       0x10 C:/Freescale/CW MCU v11.0/MCU/ARM_GCC_Support/ewl/lib/armv6-m\libc.a(strlen.o)
                0x000069ae                strlen
 .text.__memrchr
                0x000069be       0x1e C:/Freescale/CW MCU v11.0/MCU/ARM_GCC_Support/ewl/lib/armv6-m\libc.a(__memrchr.o)
                0x000069be                __memrchr
 .text.memchr   0x000069dc       0x1a C:/Freescale/CW MCU v11.0/MCU/ARM_GCC_Support/ewl/lib/armv6-m\libc.a(memchr.o)
                0x000069dc                memchr
 *fill*         0x000069f6        0x2 00
 .text.__num2dec
                0x000069f8      0x248 C:/Freescale/CW MCU v11.0/MCU/ARM_GCC_Support/ewl/lib/armv6-m\libm.a(ansi_fp.o)
                0x000069f8                __num2dec
 .text.__dec2num
                0x00006c40      0x168 C:/Freescale/CW MCU v11.0/MCU/ARM_GCC_Support/ewl/lib/armv6-m\libm.a(ansi_fp.o)
                0x00006c40                __dec2num
 .text.__round_decimal
                0x00006da8       0x98 C:/Freescale/CW MCU v11.0/MCU/ARM_GCC_Support/ewl/lib/armv6-m\libm.a(ansi_fp.o)
                0x00006da8                __round_decimal
 .text.pow      0x00006e40        0x8 C:/Freescale/CW MCU v11.0/MCU/ARM_GCC_Support/ewl/lib/armv6-m\libm.a(w_pow.o)
                0x00006e40                pow
 .text.__ieee754_pow
                0x00006e48      0xb70 C:/Freescale/CW MCU v11.0/MCU/ARM_GCC_Support/ewl/lib/armv6-m\libm.a(e_pow.o)
                0x00006e48                __ieee754_pow
 .text.scalbn   0x000079b8       0x14 C:/Freescale/CW MCU v11.0/MCU/ARM_GCC_Support/ewl/lib/armv6-m\libm.a(scalbn.o)
                0x000079b8                scalbn
 .text.sqrt     0x000079cc        0x8 C:/Freescale/CW MCU v11.0/MCU/ARM_GCC_Support/ewl/lib/armv6-m\libm.a(w_sqrt.o)
                0x000079cc                sqrt
 .text.__signbitd
                0x000079d4        0x4 C:/Freescale/CW MCU v11.0/MCU/ARM_GCC_Support/ewl/lib/armv6-m\libm.a(math_api.o)
                0x000079d4                __signbitd
 .text.__fpclassifyd
                0x000079d8       0x38 C:/Freescale/CW MCU v11.0/MCU/ARM_GCC_Support/ewl/lib/armv6-m\libm.a(math_api.o)
                0x000079d8                __fpclassifyd
 .text.frexp    0x00007a10       0x80 C:/Freescale/CW MCU v11.0/MCU/ARM_GCC_Support/ewl/lib/armv6-m\libm.a(s_frexp.o)
                0x00007a10                frexp
 .text.ldexp    0x00007a90      0x148 C:/Freescale/CW MCU v11.0/MCU/ARM_GCC_Support/ewl/lib/armv6-m\libm.a(s_ldexp.o)
                0x00007a90                ldexp
 .text.__ieee754_sqrt
                0x00007bd8      0x17c C:/Freescale/CW MCU v11.0/MCU/ARM_GCC_Support/ewl/lib/armv6-m\libm.a(e_sqrt.o)
                0x00007bd8                __ieee754_sqrt
 .text.__init_cpp
                0x00007d54       0x48 C:/Freescale/CW MCU v11.0/MCU/ARM_GCC_Support/ewl/lib/armv6-m\librt.a(gcc_ctor_dtor.o)
                0x00007d54                __init_cpp
 .text.__fini_cpp
                0x00007d9c       0x34 C:/Freescale/CW MCU v11.0/MCU/ARM_GCC_Support/ewl/lib/armv6-m\librt.a(gcc_ctor_dtor.o)
                0x00007d9c                __fini_cpp
 .text.__destroy_global_chain
                0x00007dd0       0x1c C:/Freescale/CW MCU v11.0/MCU/ARM_GCC_Support/ewl/lib/armv6-m\librt.a(__arm_eabi_init.o)
                0x00007dd0                __destroy_global_chain
 .text.__init_registers
                0x00007dec       0x1c C:/Freescale/CW MCU v11.0/MCU/ARM_GCC_Support/ewl/lib/armv6-m\librt.a(__arm_eabi_init.o)
                0x00007dec                __init_registers
 .text.__init_user
                0x00007e08        0x4 C:/Freescale/CW MCU v11.0/MCU/ARM_GCC_Support/ewl/lib/armv6-m\librt.a(__arm_eabi_init.o)
                0x00007e08                __init_user
 .text.__copy_rom_section
                0x00007e0c       0x48 C:/Freescale/CW MCU v11.0/MCU/ARM_GCC_Support/ewl/lib/armv6-m\librt.a(ROMCopy.o)
                0x00007e0c                __copy_rom_section
 .text.__copy_rom_sections_to_ram
                0x00007e54       0x34 C:/Freescale/CW MCU v11.0/MCU/ARM_GCC_Support/ewl/lib/armv6-m\librt.a(ROMCopy.o)
                0x00007e54                __copy_rom_sections_to_ram
 *(.rodata)
 .rodata        0x00007e88      0x3c8 ./Sources/main.o
 .rodata        0x00008250       0x20 C:/Freescale/CW MCU v11.0/MCU/ARM_GCC_Support/ewl/lib/armv6-m\libc.a(__strtold.o)
 .rodata        0x00008270       0x40 c:/freescale/cw mcu v11.0/cross_tools/arm-none-eabi-gcc-4_7_3/bin/../lib/gcc/arm-none-eabi/4.7.3/armv6-m\libgcc.a(divdf3.o)
 .rodata        0x000082b0       0x40 c:/freescale/cw mcu v11.0/cross_tools/arm-none-eabi-gcc-4_7_3/bin/../lib/gcc/arm-none-eabi/4.7.3/armv6-m\libgcc.a(muldf3.o)
 *(.rodata*)
 .rodata.str1.1
                0x000082f0       0x14 C:/Freescale/CW MCU v11.0/MCU/ARM_GCC_Support/ewl/lib/armv6-m\libc.a(printformat_fp_ll.o)
                                 0x25 (size before relaxing)
 .rodata.__aeabi_ctype_table_C
                0x00008304      0x101 C:/Freescale/CW MCU v11.0/MCU/ARM_GCC_Support/ewl/lib/armv6-m\libc.a(ctype_aeabi.o)
                0x00008304                __aeabi_ctype_table_C
 *fill*         0x00008405        0x3 00
 .rodata.digit_values
                0x00008408       0x40 C:/Freescale/CW MCU v11.0/MCU/ARM_GCC_Support/ewl/lib/armv6-m\libm.a(ansi_fp.o)
 .rodata.bit_values
                0x00008448       0x48 C:/Freescale/CW MCU v11.0/MCU/ARM_GCC_Support/ewl/lib/armv6-m\libm.a(ansi_fp.o)
 .rodata.dp_h   0x00008490       0x10 C:/Freescale/CW MCU v11.0/MCU/ARM_GCC_Support/ewl/lib/armv6-m\libm.a(e_pow.o)
 .rodata.dp_l   0x000084a0       0x10 C:/Freescale/CW MCU v11.0/MCU/ARM_GCC_Support/ewl/lib/armv6-m\libm.a(e_pow.o)
 .rodata.bp     0x000084b0       0x10 C:/Freescale/CW MCU v11.0/MCU/ARM_GCC_Support/ewl/lib/armv6-m\libm.a(e_pow.o)
 *(.glue_7)
 .glue_7        0x00000000        0x0 linker stubs
 *(.glue_7t)
 .glue_7t       0x00000000        0x0 linker stubs
 *(.eh_frame)
 *(.init)
 *(.fini)
                0x000084c0                . = ALIGN (0x4)
                0x000084c0                _etext = .

.vfp11_veneer   0x000084c0        0x0
 .vfp11_veneer  0x00000000        0x0 linker stubs

.v4_bx          0x000084c0        0x0
 .v4_bx         0x00000000        0x0 linker stubs

.iplt           0x000084c0        0x0
 .iplt          0x00000000        0x0 ./.metadata/.plugins/org.eclipse.cdt.make.core/specs.o

.ARM.extab
 *(.ARM.extab* .gnu.linkonce.armextab.*)

.ARM            0x000084c0        0x8
                0x000084c0                __exidx_start = .
 *(.ARM.exidx*)
 .ARM.exidx     0x000084c0        0x8 c:/freescale/cw mcu v11.0/cross_tools/arm-none-eabi-gcc-4_7_3/bin/../lib/gcc/arm-none-eabi/4.7.3/armv6-m\libgcc.a(_divdi3.o)
 .ARM.exidx     0x000084c8        0x0 c:/freescale/cw mcu v11.0/cross_tools/arm-none-eabi-gcc-4_7_3/bin/../lib/gcc/arm-none-eabi/4.7.3/armv6-m\libgcc.a(_udivdi3.o)
                                  0x8 (size before relaxing)
                0x000084c8                __exidx_end = .

.rel.dyn        0x000084c8        0x0
 .rel.iplt      0x00000000        0x0 ./.metadata/.plugins/org.eclipse.cdt.make.core/specs.o

.ctors          0x000084c8        0x0
                0x000084c8                __CTOR_LIST__ = .
 *crtbegin.o(.ctors)
 *(EXCLUDE_FILE(*crtend.o) .ctors)
 *(SORT(.ctors.*))
 *(.ctors)
                0x000084c8                __CTOR_END__ = .

.dtors          0x000084c8        0x0
                0x000084c8                __DTOR_LIST__ = .
 *crtbegin.o(.dtors)
 *(EXCLUDE_FILE(*crtend.o) .dtors)
 *(SORT(.dtors.*))
 *(.dtors)
                0x000084c8                __DTOR_END__ = .

.preinit_array  0x000084c8        0x0
                0x000084c8                PROVIDE (__preinit_array_start, .)
 *(.preinit_array*)
                0x000084c8                PROVIDE (__preinit_array_end, .)

.init_array     0x000084c8        0x0
                0x000084c8                PROVIDE (__init_array_start, .)
 *(SORT(.init_array.*))
 *(.init_array*)
                0x000084c8                PROVIDE (__init_array_end, .)

.fini_array     0x000084c8        0x0
                0x000084c8                PROVIDE (__fini_array_start, .)
 *(SORT(.fini_array.*))
 *(.fini_array*)
                0x000084c8                PROVIDE (__fini_array_end, .)
                0x000084c8                ___ROM_AT = .

.mtb            0x1ffff000        0x0
                0x1ffff000                . = ALIGN (0x8)
                0x1ffff000                _mtb_start = .
 *(.mtb_buf)
                0x1ffff000                . = ALIGN (0x8)
                0x1ffff000                _mtb_end = .

.data           0x1ffff000       0xe8 load address 0x000084c8
                0x1ffff000                . = ALIGN (0x4)
                0x1ffff000                _sdata = .
 *(.data)
 *(.data*)
 .data.__files  0x1ffff000       0xcc C:/Freescale/CW MCU v11.0/MCU/ARM_GCC_Support/ewl/lib/armv6-m\libc.a(ansi_files.o)
                0x1ffff000                __files
 .data.__double_nan
                0x1ffff0cc        0x8 C:/Freescale/CW MCU v11.0/MCU/ARM_GCC_Support/ewl/lib/armv6-m\libm.a(float.o)
                0x1ffff0cc                __double_nan
 .data.__double_huge
                0x1ffff0d4        0x8 C:/Freescale/CW MCU v11.0/MCU/ARM_GCC_Support/ewl/lib/armv6-m\libm.a(float.o)
                0x1ffff0d4                __double_huge
 .data.__float_nan
                0x1ffff0dc        0x4 C:/Freescale/CW MCU v11.0/MCU/ARM_GCC_Support/ewl/lib/armv6-m\libm.a(float.o)
                0x1ffff0dc                __float_nan
 .data.__extended_max
                0x1ffff0e0        0x8 C:/Freescale/CW MCU v11.0/MCU/ARM_GCC_Support/ewl/lib/armv6-m\libm.a(float.o)
                0x1ffff0e0                __extended_max
                0x1ffff0e8                . = ALIGN (0x4)
                0x1ffff0e8                _edata = .
                0x000000e8                ___data_size = (_edata - _sdata)

.igot.plt       0x1ffff0e8        0x0 load address 0x000085b0
 .igot.plt      0x00000000        0x0 ./.metadata/.plugins/org.eclipse.cdt.make.core/specs.o
                0x1ffff0e8                . = ALIGN (0x4)

.bss            0x1ffff0e8      0x148 load address 0x000085b0
                0x1ffff0e8                __START_BSS = .
                0x1ffff0e8                PROVIDE (__bss_start__, __START_BSS)
 *(.bss)
 *(.bss*)
 .bss.DeviceDataPrv__DEFAULT_RTOS_ALLOC
                0x1ffff0e8        0x4 ./Generated_Code/SCL.o
 .bss.PE_LDD_DeviceDataList
                0x1ffff0ec       0x1c ./Generated_Code/PE_LDD.o
                0x1ffff0ec                PE_LDD_DeviceDataList
 .bss.DeviceDataPrv__DEFAULT_RTOS_ALLOC
                0x1ffff108        0x4 ./Generated_Code/MOSI.o
 .bss.DeviceDataPrv__DEFAULT_RTOS_ALLOC
                0x1ffff10c        0x4 ./Generated_Code/MISO.o
 .bss.DeviceDataPrv__DEFAULT_RTOS_ALLOC
                0x1ffff110        0x4 ./Generated_Code/LED.o
 .bss.DeviceDataPrv__DEFAULT_RTOS_ALLOC
                0x1ffff114       0x18 ./Generated_Code/IO1.o
 .bss.DeviceDataPrv__DEFAULT_RTOS_ALLOC
                0x1ffff12c       0x14 ./Generated_Code/I2C2.o
 .bss.INT_I2C1__DEFAULT_RTOS_ISRPARAM
                0x1ffff140        0x4 ./Generated_Code/I2C2.o
 .bss.SR_lock   0x1ffff144        0x1 ./Generated_Code/Cpu.o
                0x1ffff144                SR_lock
 *fill*         0x1ffff145        0x3 00
 .bss.DeviceDataPrv__DEFAULT_RTOS_ALLOC
                0x1ffff148        0x4 ./Generated_Code/CS.o
 .bss.argv      0x1ffff14c        0x4 ./Project_Settings/Startup_Code/__arm_start.o
 .bss.__stdio_exit
                0x1ffff150        0x4 C:/Freescale/CW MCU v11.0/MCU/ARM_GCC_Support/ewl/lib/armv6-m\libc.a(exit.o)
                0x1ffff150                __stdio_exit
 .bss.__console_exit
                0x1ffff154        0x4 C:/Freescale/CW MCU v11.0/MCU/ARM_GCC_Support/ewl/lib/armv6-m\libc.a(exit.o)
                0x1ffff154                __console_exit
 .bss.__global_destructor_chain
                0x1ffff158        0x4 C:/Freescale/CW MCU v11.0/MCU/ARM_GCC_Support/ewl/lib/armv6-m\librt.a(__arm_eabi_init.o)
                0x1ffff158                __global_destructor_chain
 .bss.__S_romp  0x1ffff15c        0xc C:/Freescale/CW MCU v11.0/MCU/ARM_GCC_Support/ewl/lib/armv6-m\librt.a(ROMCopy.o)
 *(COMMON)
 COMMON         0x1ffff168        0x1 ./Generated_Code/Cpu.o
                0x1ffff168                SR_reg
 COMMON         0x1ffff169       0xc0 C:/Freescale/CW MCU v11.0/MCU/ARM_GCC_Support/ewl/lib/armv6-m\libc.a(ansi_files.o)
                0x1ffff169                stdout_buff
                0x1ffff1a9                stdin_buff
                0x1ffff1e9                stderr_buff
 *fill*         0x1ffff229        0x3 00
 COMMON         0x1ffff22c        0x4 C:/Freescale/CW MCU v11.0/MCU/ARM_GCC_Support/ewl/lib/armv6-m\libc.a(errno.o)
                0x1ffff22c                errno
                0x1ffff230                . = ALIGN (0x4)
                0x1ffff230                __END_BSS = .
                0x1ffff230                PROVIDE (__bss_end__, __END_BSS)
                0x000085b0                _romp_at = (___ROM_AT + SIZEOF (.data))

.romp           0x1ffff230       0x18 load address 0x000085b0
                0x000085b0                __S_romp = _romp_at
                0x1ffff230        0x4 LONG 0x84c8 ___ROM_AT
                0x1ffff234        0x4 LONG 0x1ffff000 _sdata
                0x1ffff238        0x4 LONG 0xe8 ___data_size
                0x1ffff23c        0x4 LONG 0x0
                0x1ffff240        0x4 LONG 0x0
                0x1ffff244        0x4 LONG 0x0

._user_heap_stack
                0x1ffff248      0x400 load address 0x000085c8
                0x1ffff248                . = ALIGN (0x4)
                0x1ffff248                PROVIDE (end, .)
                0x1ffff248                PROVIDE (_end, .)
                0x1ffff248                __heap_addr = .
                0x1ffff248                . = (. + __heap_size)
                0x1ffff648                . = (. + __stack_size)
 *fill*         0x1ffff248      0x400 00
                0x1ffff648                . = ALIGN (0x4)

.ARM.attributes
                0x00000000       0x31
 *(.ARM.attributes)
 .ARM.attributes
                0x00000000       0x31 ./Generated_Code/WAIT1.o
 .ARM.attributes
                0x00000031       0x31 ./Generated_Code/Vectors.o
 .ARM.attributes
                0x00000062       0x31 ./Generated_Code/SCL.o
 .ARM.attributes
                0x00000093       0x31 ./Generated_Code/PE_LDD.o
 .ARM.attributes
                0x000000c4       0x31 ./Generated_Code/MOSI.o
 .ARM.attributes
                0x000000f5       0x31 ./Generated_Code/MISO.o
 .ARM.attributes
                0x00000126       0x31 ./Generated_Code/LED.o
 .ARM.attributes
                0x00000157       0x31 ./Generated_Code/IO1.o
 .ARM.attributes
                0x00000188       0x31 ./Generated_Code/I2C2.o
 .ARM.attributes
                0x000001b9       0x31 ./Generated_Code/CsIO1.o
 .ARM.attributes
                0x000001ea       0x31 ./Generated_Code/Cpu.o
 .ARM.attributes
                0x0000021b       0x31 ./Generated_Code/CS.o
 .ARM.attributes
                0x0000024c       0x31 ./Project_Settings/Startup_Code/__arm_start.o
 .ARM.attributes
                0x0000027d       0x31 ./Project_Settings/Startup_Code/__arm_end.o
 .ARM.attributes
                0x000002ae       0x31 ./Sources/main.o
 .ARM.attributes
                0x000002df       0x31 ./Sources/Events.o
 .ARM.attributes
                0x00000310       0x31 C:/Freescale/CW MCU v11.0/MCU/ARM_GCC_Support/ewl/lib/armv6-m\libc.a(scanf.o)
 .ARM.attributes
                0x00000341       0x31 C:/Freescale/CW MCU v11.0/MCU/ARM_GCC_Support/ewl/lib/armv6-m\libc.a(puts.o)
 .ARM.attributes
                0x00000372       0x31 C:/Freescale/CW MCU v11.0/MCU/ARM_GCC_Support/ewl/lib/armv6-m\libc.a(__putchar.o)
 .ARM.attributes
                0x000003a3       0x31 C:/Freescale/CW MCU v11.0/MCU/ARM_GCC_Support/ewl/lib/armv6-m\libc.a(__buffer_io.o)
 .ARM.attributes
                0x000003d4       0x31 C:/Freescale/CW MCU v11.0/MCU/ARM_GCC_Support/ewl/lib/armv6-m\libc.a(printf.o)
 .ARM.attributes
                0x00000405       0x31 C:/Freescale/CW MCU v11.0/MCU/ARM_GCC_Support/ewl/lib/armv6-m\libc.a(exit.o)
 .ARM.attributes
                0x00000436       0x31 C:/Freescale/CW MCU v11.0/MCU/ARM_GCC_Support/ewl/lib/armv6-m\libc.a(memset.o)
 .ARM.attributes
                0x00000467       0x31 C:/Freescale/CW MCU v11.0/MCU/ARM_GCC_Support/ewl/lib/armv6-m\libc.a(__filll_mem.o)
 .ARM.attributes
                0x00000498       0x31 C:/Freescale/CW MCU v11.0/MCU/ARM_GCC_Support/ewl/lib/armv6-m\libc.a(printformat_fp_ll.o)
 .ARM.attributes
                0x000004c9       0x31 C:/Freescale/CW MCU v11.0/MCU/ARM_GCC_Support/ewl/lib/armv6-m\libc.a(scanformat_fp.o)
 .ARM.attributes
                0x000004fa       0x31 C:/Freescale/CW MCU v11.0/MCU/ARM_GCC_Support/ewl/lib/armv6-m\libc.a(ctype_aeabi.o)
 .ARM.attributes
                0x0000052b       0x31 C:/Freescale/CW MCU v11.0/MCU/ARM_GCC_Support/ewl/lib/armv6-m\libc.a(ungetc.o)
 .ARM.attributes
                0x0000055c       0x31 C:/Freescale/CW MCU v11.0/MCU/ARM_GCC_Support/ewl/lib/armv6-m\libc.a(fwrite.o)
 .ARM.attributes
                0x0000058d       0x31 C:/Freescale/CW MCU v11.0/MCU/ARM_GCC_Support/ewl/lib/armv6-m\libc.a(ansi_files.o)
 .ARM.attributes
                0x000005be       0x31 C:/Freescale/CW MCU v11.0/MCU/ARM_GCC_Support/ewl/lib/armv6-m\libc.a(__getchar.o)
 .ARM.attributes
                0x000005ef       0x31 C:/Freescale/CW MCU v11.0/MCU/ARM_GCC_Support/ewl/lib/armv6-m\libc.a(__strtold.o)
 .ARM.attributes
                0x00000620       0x31 C:/Freescale/CW MCU v11.0/MCU/ARM_GCC_Support/ewl/lib/armv6-m\libc.a(__strtoul.o)
 .ARM.attributes
                0x00000651       0x31 C:/Freescale/CW MCU v11.0/MCU/ARM_GCC_Support/ewl/lib/armv6-m\libc.a(strchr.o)
 .ARM.attributes
                0x00000682       0x31 C:/Freescale/CW MCU v11.0/MCU/ARM_GCC_Support/ewl/lib/armv6-m\libc.a(memcpy.o)
 .ARM.attributes
                0x000006b3       0x31 C:/Freescale/CW MCU v11.0/MCU/ARM_GCC_Support/ewl/lib/armv6-m\libc.a(strcpy.o)
 .ARM.attributes
                0x000006e4       0x31 C:/Freescale/CW MCU v11.0/MCU/ARM_GCC_Support/ewl/lib/armv6-m\libc.a(strlen.o)
 .ARM.attributes
                0x00000715       0x31 C:/Freescale/CW MCU v11.0/MCU/ARM_GCC_Support/ewl/lib/armv6-m\libc.a(__memrchr.o)
 .ARM.attributes
                0x00000746       0x31 C:/Freescale/CW MCU v11.0/MCU/ARM_GCC_Support/ewl/lib/armv6-m\libc.a(memchr.o)
 .ARM.attributes
                0x00000777       0x31 C:/Freescale/CW MCU v11.0/MCU/ARM_GCC_Support/ewl/lib/armv6-m\libc.a(errno.o)
 .ARM.attributes
                0x000007a8       0x31 C:/Freescale/CW MCU v11.0/MCU/ARM_GCC_Support/ewl/lib/armv6-m\libm.a(ansi_fp.o)
 .ARM.attributes
                0x000007d9       0x31 C:/Freescale/CW MCU v11.0/MCU/ARM_GCC_Support/ewl/lib/armv6-m\libm.a(w_pow.o)
 .ARM.attributes
                0x0000080a       0x31 C:/Freescale/CW MCU v11.0/MCU/ARM_GCC_Support/ewl/lib/armv6-m\libm.a(e_pow.o)
 .ARM.attributes
                0x0000083b       0x31 C:/Freescale/CW MCU v11.0/MCU/ARM_GCC_Support/ewl/lib/armv6-m\libm.a(scalbn.o)
 .ARM.attributes
                0x0000086c       0x31 C:/Freescale/CW MCU v11.0/MCU/ARM_GCC_Support/ewl/lib/armv6-m\libm.a(w_sqrt.o)
 .ARM.attributes
                0x0000089d       0x31 C:/Freescale/CW MCU v11.0/MCU/ARM_GCC_Support/ewl/lib/armv6-m\libm.a(math_api.o)
 .ARM.attributes
                0x000008ce       0x31 C:/Freescale/CW MCU v11.0/MCU/ARM_GCC_Support/ewl/lib/armv6-m\libm.a(float.o)
 .ARM.attributes
                0x000008ff       0x31 C:/Freescale/CW MCU v11.0/MCU/ARM_GCC_Support/ewl/lib/armv6-m\libm.a(s_frexp.o)
 .ARM.attributes
                0x00000930       0x31 C:/Freescale/CW MCU v11.0/MCU/ARM_GCC_Support/ewl/lib/armv6-m\libm.a(s_ldexp.o)
 .ARM.attributes
                0x00000961       0x31 C:/Freescale/CW MCU v11.0/MCU/ARM_GCC_Support/ewl/lib/armv6-m\libm.a(e_sqrt.o)
 .ARM.attributes
                0x00000992       0x1e c:/freescale/cw mcu v11.0/cross_tools/arm-none-eabi-gcc-4_7_3/bin/../lib/gcc/arm-none-eabi/4.7.3/armv6-m\libgcc.a(_thumb1_case_sqi.o)
 .ARM.attributes
                0x000009b0       0x1e c:/freescale/cw mcu v11.0/cross_tools/arm-none-eabi-gcc-4_7_3/bin/../lib/gcc/arm-none-eabi/4.7.3/armv6-m\libgcc.a(_thumb1_case_uqi.o)
 .ARM.attributes
                0x000009ce       0x1e c:/freescale/cw mcu v11.0/cross_tools/arm-none-eabi-gcc-4_7_3/bin/../lib/gcc/arm-none-eabi/4.7.3/armv6-m\libgcc.a(_thumb1_case_shi.o)
 .ARM.attributes
                0x000009ec       0x1e c:/freescale/cw mcu v11.0/cross_tools/arm-none-eabi-gcc-4_7_3/bin/../lib/gcc/arm-none-eabi/4.7.3/armv6-m\libgcc.a(_udivsi3.o)
 .ARM.attributes
                0x00000a0a       0x1e c:/freescale/cw mcu v11.0/cross_tools/arm-none-eabi-gcc-4_7_3/bin/../lib/gcc/arm-none-eabi/4.7.3/armv6-m\libgcc.a(_divsi3.o)
 .ARM.attributes
                0x00000a28       0x1e c:/freescale/cw mcu v11.0/cross_tools/arm-none-eabi-gcc-4_7_3/bin/../lib/gcc/arm-none-eabi/4.7.3/armv6-m\libgcc.a(_dvmd_tls.o)
 .ARM.attributes
                0x00000a46       0x1e c:/freescale/cw mcu v11.0/cross_tools/arm-none-eabi-gcc-4_7_3/bin/../lib/gcc/arm-none-eabi/4.7.3/armv6-m\libgcc.a(_arm_cmpdf2.o)
 .ARM.attributes
                0x00000a64       0x1e c:/freescale/cw mcu v11.0/cross_tools/arm-none-eabi-gcc-4_7_3/bin/../lib/gcc/arm-none-eabi/4.7.3/armv6-m\libgcc.a(_aeabi_uldivmod.o)
 .ARM.attributes
                0x00000a82       0x2c c:/freescale/cw mcu v11.0/cross_tools/arm-none-eabi-gcc-4_7_3/bin/../lib/gcc/arm-none-eabi/4.7.3/armv6-m\libgcc.a(bpabi.o)
 .ARM.attributes
                0x00000aae       0x2c c:/freescale/cw mcu v11.0/cross_tools/arm-none-eabi-gcc-4_7_3/bin/../lib/gcc/arm-none-eabi/4.7.3/armv6-m\libgcc.a(adddf3.o)
 .ARM.attributes
                0x00000ada       0x2c c:/freescale/cw mcu v11.0/cross_tools/arm-none-eabi-gcc-4_7_3/bin/../lib/gcc/arm-none-eabi/4.7.3/armv6-m\libgcc.a(divdf3.o)
 .ARM.attributes
                0x00000b06       0x2c c:/freescale/cw mcu v11.0/cross_tools/arm-none-eabi-gcc-4_7_3/bin/../lib/gcc/arm-none-eabi/4.7.3/armv6-m\libgcc.a(eqdf2.o)
 .ARM.attributes
                0x00000b32       0x2c c:/freescale/cw mcu v11.0/cross_tools/arm-none-eabi-gcc-4_7_3/bin/../lib/gcc/arm-none-eabi/4.7.3/armv6-m\libgcc.a(gedf2.o)
 .ARM.attributes
                0x00000b5e       0x2c c:/freescale/cw mcu v11.0/cross_tools/arm-none-eabi-gcc-4_7_3/bin/../lib/gcc/arm-none-eabi/4.7.3/armv6-m\libgcc.a(ledf2.o)
 .ARM.attributes
                0x00000b8a       0x2c c:/freescale/cw mcu v11.0/cross_tools/arm-none-eabi-gcc-4_7_3/bin/../lib/gcc/arm-none-eabi/4.7.3/armv6-m\libgcc.a(muldf3.o)
 .ARM.attributes
                0x00000bb6       0x2c c:/freescale/cw mcu v11.0/cross_tools/arm-none-eabi-gcc-4_7_3/bin/../lib/gcc/arm-none-eabi/4.7.3/armv6-m\libgcc.a(subdf3.o)
 .ARM.attributes
                0x00000be2       0x2c c:/freescale/cw mcu v11.0/cross_tools/arm-none-eabi-gcc-4_7_3/bin/../lib/gcc/arm-none-eabi/4.7.3/armv6-m\libgcc.a(fixdfsi.o)
 .ARM.attributes
                0x00000c0e       0x2c c:/freescale/cw mcu v11.0/cross_tools/arm-none-eabi-gcc-4_7_3/bin/../lib/gcc/arm-none-eabi/4.7.3/armv6-m\libgcc.a(floatsidf.o)
 .ARM.attributes
                0x00000c3a       0x2c c:/freescale/cw mcu v11.0/cross_tools/arm-none-eabi-gcc-4_7_3/bin/../lib/gcc/arm-none-eabi/4.7.3/armv6-m\libgcc.a(extendsfdf2.o)
 .ARM.attributes
                0x00000c66       0x2c c:/freescale/cw mcu v11.0/cross_tools/arm-none-eabi-gcc-4_7_3/bin/../lib/gcc/arm-none-eabi/4.7.3/armv6-m\libgcc.a(truncdfsf2.o)
 .ARM.attributes
                0x00000c92       0x1e c:/freescale/cw mcu v11.0/cross_tools/arm-none-eabi-gcc-4_7_3/bin/../lib/gcc/arm-none-eabi/4.7.3/armv6-m\libgcc.a(_clzsi2.o)
 .ARM.attributes
                0x00000cb0       0x2c c:/freescale/cw mcu v11.0/cross_tools/arm-none-eabi-gcc-4_7_3/bin/../lib/gcc/arm-none-eabi/4.7.3/armv6-m\libgcc.a(_muldi3.o)
 .ARM.attributes
                0x00000cdc       0x2c c:/freescale/cw mcu v11.0/cross_tools/arm-none-eabi-gcc-4_7_3/bin/../lib/gcc/arm-none-eabi/4.7.3/armv6-m\libgcc.a(_divdi3.o)
 .ARM.attributes
                0x00000d08       0x2c c:/freescale/cw mcu v11.0/cross_tools/arm-none-eabi-gcc-4_7_3/bin/../lib/gcc/arm-none-eabi/4.7.3/armv6-m\libgcc.a(_udivdi3.o)
 .ARM.attributes
                0x00000d34       0x31 C:/Freescale/CW MCU v11.0/MCU/ARM_GCC_Support/ewl/lib/armv6-m\librt.a(gcc_ctor_dtor.o)
 .ARM.attributes
                0x00000d65       0x31 C:/Freescale/CW MCU v11.0/MCU/ARM_GCC_Support/ewl/lib/armv6-m\librt.a(__arm_eabi_init.o)
 .ARM.attributes
                0x00000d96       0x31 C:/Freescale/CW MCU v11.0/MCU/ARM_GCC_Support/ewl/lib/armv6-m\librt.a(ROMCopy.o)
OUTPUT(EnergyHarvesting.elf elf32-littlearm)

.debug_info     0x00000000     0x9dc9
 .debug_info    0x00000000      0x117 ./Generated_Code/WAIT1.o
 .debug_info    0x00000117      0x10b ./Generated_Code/Vectors.o
 .debug_info    0x00000222      0x399 ./Generated_Code/SCL.o
 .debug_info    0x000005bb      0x255 ./Generated_Code/PE_LDD.o
 .debug_info    0x00000810      0x399 ./Generated_Code/MOSI.o
 .debug_info    0x00000ba9      0x313 ./Generated_Code/MISO.o
 .debug_info    0x00000ebc      0x387 ./Generated_Code/LED.o
 .debug_info    0x00001243      0x5d9 ./Generated_Code/IO1.o
 .debug_info    0x0000181c      0x7c6 ./Generated_Code/I2C2.o
 .debug_info    0x00001fe2      0x266 ./Generated_Code/CsIO1.o
 .debug_info    0x00002248      0x8e8 ./Generated_Code/Cpu.o
 .debug_info    0x00002b30      0x399 ./Generated_Code/CS.o
 .debug_info    0x00002ec9      0x12a ./Project_Settings/Startup_Code/__arm_start.o
 .debug_info    0x00002ff3       0x54 ./Project_Settings/Startup_Code/__arm_end.o
 .debug_info    0x00003047      0x31f ./Sources/main.o
 .debug_info    0x00003366       0xeb ./Sources/Events.o
 .debug_info    0x00003451      0x474 C:/Freescale/CW MCU v11.0/MCU/ARM_GCC_Support/ewl/lib/armv6-m\libc.a(scanf.o)
 .debug_info    0x000038c5      0x38a C:/Freescale/CW MCU v11.0/MCU/ARM_GCC_Support/ewl/lib/armv6-m\libc.a(puts.o)
 .debug_info    0x00003c4f      0x3fa C:/Freescale/CW MCU v11.0/MCU/ARM_GCC_Support/ewl/lib/armv6-m\libc.a(__putchar.o)
 .debug_info    0x00004049      0x45d C:/Freescale/CW MCU v11.0/MCU/ARM_GCC_Support/ewl/lib/armv6-m\libc.a(__buffer_io.o)
 .debug_info    0x000044a6      0x399 C:/Freescale/CW MCU v11.0/MCU/ARM_GCC_Support/ewl/lib/armv6-m\libc.a(printf.o)
 .debug_info    0x0000483f       0xe8 C:/Freescale/CW MCU v11.0/MCU/ARM_GCC_Support/ewl/lib/armv6-m\libc.a(exit.o)
 .debug_info    0x00004927       0xec C:/Freescale/CW MCU v11.0/MCU/ARM_GCC_Support/ewl/lib/armv6-m\libc.a(memset.o)
 .debug_info    0x00004a13      0x137 C:/Freescale/CW MCU v11.0/MCU/ARM_GCC_Support/ewl/lib/armv6-m\libc.a(__filll_mem.o)
 .debug_info    0x00004b4a      0x882 C:/Freescale/CW MCU v11.0/MCU/ARM_GCC_Support/ewl/lib/armv6-m\libc.a(printformat_fp_ll.o)
 .debug_info    0x000053cc      0x5c9 C:/Freescale/CW MCU v11.0/MCU/ARM_GCC_Support/ewl/lib/armv6-m\libc.a(scanformat_fp.o)
 .debug_info    0x00005995      0x313 C:/Freescale/CW MCU v11.0/MCU/ARM_GCC_Support/ewl/lib/armv6-m\libc.a(ctype_aeabi.o)
 .debug_info    0x00005ca8      0x448 C:/Freescale/CW MCU v11.0/MCU/ARM_GCC_Support/ewl/lib/armv6-m\libc.a(ungetc.o)
 .debug_info    0x000060f0      0x60d C:/Freescale/CW MCU v11.0/MCU/ARM_GCC_Support/ewl/lib/armv6-m\libc.a(fwrite.o)
 .debug_info    0x000066fd      0x4be C:/Freescale/CW MCU v11.0/MCU/ARM_GCC_Support/ewl/lib/armv6-m\libc.a(ansi_files.o)
 .debug_info    0x00006bbb      0x43b C:/Freescale/CW MCU v11.0/MCU/ARM_GCC_Support/ewl/lib/armv6-m\libc.a(__getchar.o)
 .debug_info    0x00006ff6      0x771 C:/Freescale/CW MCU v11.0/MCU/ARM_GCC_Support/ewl/lib/armv6-m\libc.a(__strtold.o)
 .debug_info    0x00007767      0x1d6 C:/Freescale/CW MCU v11.0/MCU/ARM_GCC_Support/ewl/lib/armv6-m\libc.a(__strtoul.o)
 .debug_info    0x0000793d      0x10b C:/Freescale/CW MCU v11.0/MCU/ARM_GCC_Support/ewl/lib/armv6-m\libc.a(strchr.o)
 .debug_info    0x00007a48      0x10f C:/Freescale/CW MCU v11.0/MCU/ARM_GCC_Support/ewl/lib/armv6-m\libc.a(memcpy.o)
 .debug_info    0x00007b57      0x109 C:/Freescale/CW MCU v11.0/MCU/ARM_GCC_Support/ewl/lib/armv6-m\libc.a(strcpy.o)
 .debug_info    0x00007c60       0xea C:/Freescale/CW MCU v11.0/MCU/ARM_GCC_Support/ewl/lib/armv6-m\libc.a(strlen.o)
 .debug_info    0x00007d4a      0x116 C:/Freescale/CW MCU v11.0/MCU/ARM_GCC_Support/ewl/lib/armv6-m\libc.a(__memrchr.o)
 .debug_info    0x00007e60      0x121 C:/Freescale/CW MCU v11.0/MCU/ARM_GCC_Support/ewl/lib/armv6-m\libc.a(memchr.o)
 .debug_info    0x00007f81       0x9d C:/Freescale/CW MCU v11.0/MCU/ARM_GCC_Support/ewl/lib/armv6-m\libc.a(errno.o)
 .debug_info    0x0000801e      0x51c C:/Freescale/CW MCU v11.0/MCU/ARM_GCC_Support/ewl/lib/armv6-m\libm.a(ansi_fp.o)
 .debug_info    0x0000853a       0xc0 C:/Freescale/CW MCU v11.0/MCU/ARM_GCC_Support/ewl/lib/armv6-m\libm.a(w_pow.o)
 .debug_info    0x000085fa      0x5c7 C:/Freescale/CW MCU v11.0/MCU/ARM_GCC_Support/ewl/lib/armv6-m\libm.a(e_pow.o)
 .debug_info    0x00008bc1       0xf9 C:/Freescale/CW MCU v11.0/MCU/ARM_GCC_Support/ewl/lib/armv6-m\libm.a(scalbn.o)
 .debug_info    0x00008cba       0xb3 C:/Freescale/CW MCU v11.0/MCU/ARM_GCC_Support/ewl/lib/armv6-m\libm.a(w_sqrt.o)
 .debug_info    0x00008d6d      0x305 C:/Freescale/CW MCU v11.0/MCU/ARM_GCC_Support/ewl/lib/armv6-m\libm.a(math_api.o)
 .debug_info    0x00009072      0x1e4 C:/Freescale/CW MCU v11.0/MCU/ARM_GCC_Support/ewl/lib/armv6-m\libm.a(float.o)
 .debug_info    0x00009256      0x1a1 C:/Freescale/CW MCU v11.0/MCU/ARM_GCC_Support/ewl/lib/armv6-m\libm.a(s_frexp.o)
 .debug_info    0x000093f7      0x1e2 C:/Freescale/CW MCU v11.0/MCU/ARM_GCC_Support/ewl/lib/armv6-m\libm.a(s_ldexp.o)
 .debug_info    0x000095d9      0x266 C:/Freescale/CW MCU v11.0/MCU/ARM_GCC_Support/ewl/lib/armv6-m\libm.a(e_sqrt.o)
 .debug_info    0x0000983f      0x136 C:/Freescale/CW MCU v11.0/MCU/ARM_GCC_Support/ewl/lib/armv6-m\librt.a(gcc_ctor_dtor.o)
 .debug_info    0x00009975      0x2b9 C:/Freescale/CW MCU v11.0/MCU/ARM_GCC_Support/ewl/lib/armv6-m\librt.a(__arm_eabi_init.o)
 .debug_info    0x00009c2e      0x19b C:/Freescale/CW MCU v11.0/MCU/ARM_GCC_Support/ewl/lib/armv6-m\librt.a(ROMCopy.o)

.debug_abbrev   0x00000000     0x3123
 .debug_abbrev  0x00000000       0xaa ./Generated_Code/WAIT1.o
 .debug_abbrev  0x000000aa       0xa3 ./Generated_Code/Vectors.o
 .debug_abbrev  0x0000014d      0x12b ./Generated_Code/SCL.o
 .debug_abbrev  0x00000278      0x102 ./Generated_Code/PE_LDD.o
 .debug_abbrev  0x0000037a      0x12b ./Generated_Code/MOSI.o
 .debug_abbrev  0x000004a5      0x105 ./Generated_Code/MISO.o
 .debug_abbrev  0x000005aa      0x12b ./Generated_Code/LED.o
 .debug_abbrev  0x000006d5      0x167 ./Generated_Code/IO1.o
 .debug_abbrev  0x0000083c      0x162 ./Generated_Code/I2C2.o
 .debug_abbrev  0x0000099e       0xd6 ./Generated_Code/CsIO1.o
 .debug_abbrev  0x00000a74      0x122 ./Generated_Code/Cpu.o
 .debug_abbrev  0x00000b96      0x12b ./Generated_Code/CS.o
 .debug_abbrev  0x00000cc1       0x92 ./Project_Settings/Startup_Code/__arm_start.o
 .debug_abbrev  0x00000d53       0x4c ./Project_Settings/Startup_Code/__arm_end.o
 .debug_abbrev  0x00000d9f       0xe4 ./Sources/main.o
 .debug_abbrev  0x00000e83       0x8c ./Sources/Events.o
 .debug_abbrev  0x00000f0f      0x19e C:/Freescale/CW MCU v11.0/MCU/ARM_GCC_Support/ewl/lib/armv6-m\libc.a(scanf.o)
 .debug_abbrev  0x000010ad      0x10a C:/Freescale/CW MCU v11.0/MCU/ARM_GCC_Support/ewl/lib/armv6-m\libc.a(puts.o)
 .debug_abbrev  0x000011b7       0xf8 C:/Freescale/CW MCU v11.0/MCU/ARM_GCC_Support/ewl/lib/armv6-m\libc.a(__putchar.o)
 .debug_abbrev  0x000012af      0x142 C:/Freescale/CW MCU v11.0/MCU/ARM_GCC_Support/ewl/lib/armv6-m\libc.a(__buffer_io.o)
 .debug_abbrev  0x000013f1      0x107 C:/Freescale/CW MCU v11.0/MCU/ARM_GCC_Support/ewl/lib/armv6-m\libc.a(printf.o)
 .debug_abbrev  0x000014f8       0x7a C:/Freescale/CW MCU v11.0/MCU/ARM_GCC_Support/ewl/lib/armv6-m\libc.a(exit.o)
 .debug_abbrev  0x00001572       0x62 C:/Freescale/CW MCU v11.0/MCU/ARM_GCC_Support/ewl/lib/armv6-m\libc.a(memset.o)
 .debug_abbrev  0x000015d4       0x78 C:/Freescale/CW MCU v11.0/MCU/ARM_GCC_Support/ewl/lib/armv6-m\libc.a(__filll_mem.o)
 .debug_abbrev  0x0000164c      0x259 C:/Freescale/CW MCU v11.0/MCU/ARM_GCC_Support/ewl/lib/armv6-m\libc.a(printformat_fp_ll.o)
 .debug_abbrev  0x000018a5      0x206 C:/Freescale/CW MCU v11.0/MCU/ARM_GCC_Support/ewl/lib/armv6-m\libc.a(scanformat_fp.o)
 .debug_abbrev  0x00001aab       0x9e C:/Freescale/CW MCU v11.0/MCU/ARM_GCC_Support/ewl/lib/armv6-m\libc.a(ctype_aeabi.o)
 .debug_abbrev  0x00001b49      0x152 C:/Freescale/CW MCU v11.0/MCU/ARM_GCC_Support/ewl/lib/armv6-m\libc.a(ungetc.o)
 .debug_abbrev  0x00001c9b      0x16a C:/Freescale/CW MCU v11.0/MCU/ARM_GCC_Support/ewl/lib/armv6-m\libc.a(fwrite.o)
 .debug_abbrev  0x00001e05      0x107 C:/Freescale/CW MCU v11.0/MCU/ARM_GCC_Support/ewl/lib/armv6-m\libc.a(ansi_files.o)
 .debug_abbrev  0x00001f0c       0xf6 C:/Freescale/CW MCU v11.0/MCU/ARM_GCC_Support/ewl/lib/armv6-m\libc.a(__getchar.o)
 .debug_abbrev  0x00002002      0x1b3 C:/Freescale/CW MCU v11.0/MCU/ARM_GCC_Support/ewl/lib/armv6-m\libc.a(__strtold.o)
 .debug_abbrev  0x000021b5       0xc2 C:/Freescale/CW MCU v11.0/MCU/ARM_GCC_Support/ewl/lib/armv6-m\libc.a(__strtoul.o)
 .debug_abbrev  0x00002277       0x7a C:/Freescale/CW MCU v11.0/MCU/ARM_GCC_Support/ewl/lib/armv6-m\libc.a(strchr.o)
 .debug_abbrev  0x000022f1       0x95 C:/Freescale/CW MCU v11.0/MCU/ARM_GCC_Support/ewl/lib/armv6-m\libc.a(memcpy.o)
 .debug_abbrev  0x00002386       0x78 C:/Freescale/CW MCU v11.0/MCU/ARM_GCC_Support/ewl/lib/armv6-m\libc.a(strcpy.o)
 .debug_abbrev  0x000023fe       0x7a C:/Freescale/CW MCU v11.0/MCU/ARM_GCC_Support/ewl/lib/armv6-m\libc.a(strlen.o)
 .debug_abbrev  0x00002478       0x95 C:/Freescale/CW MCU v11.0/MCU/ARM_GCC_Support/ewl/lib/armv6-m\libc.a(__memrchr.o)
 .debug_abbrev  0x0000250d       0x95 C:/Freescale/CW MCU v11.0/MCU/ARM_GCC_Support/ewl/lib/armv6-m\libc.a(memchr.o)
 .debug_abbrev  0x000025a2       0x44 C:/Freescale/CW MCU v11.0/MCU/ARM_GCC_Support/ewl/lib/armv6-m\libc.a(errno.o)
 .debug_abbrev  0x000025e6      0x15d C:/Freescale/CW MCU v11.0/MCU/ARM_GCC_Support/ewl/lib/armv6-m\libm.a(ansi_fp.o)
 .debug_abbrev  0x00002743       0x59 C:/Freescale/CW MCU v11.0/MCU/ARM_GCC_Support/ewl/lib/armv6-m\libm.a(w_pow.o)
 .debug_abbrev  0x0000279c      0x157 C:/Freescale/CW MCU v11.0/MCU/ARM_GCC_Support/ewl/lib/armv6-m\libm.a(e_pow.o)
 .debug_abbrev  0x000028f3       0x86 C:/Freescale/CW MCU v11.0/MCU/ARM_GCC_Support/ewl/lib/armv6-m\libm.a(scalbn.o)
 .debug_abbrev  0x00002979       0x59 C:/Freescale/CW MCU v11.0/MCU/ARM_GCC_Support/ewl/lib/armv6-m\libm.a(w_sqrt.o)
 .debug_abbrev  0x000029d2       0xe8 C:/Freescale/CW MCU v11.0/MCU/ARM_GCC_Support/ewl/lib/armv6-m\libm.a(math_api.o)
 .debug_abbrev  0x00002aba       0x56 C:/Freescale/CW MCU v11.0/MCU/ARM_GCC_Support/ewl/lib/armv6-m\libm.a(float.o)
 .debug_abbrev  0x00002b10       0xce C:/Freescale/CW MCU v11.0/MCU/ARM_GCC_Support/ewl/lib/armv6-m\libm.a(s_frexp.o)
 .debug_abbrev  0x00002bde       0xce C:/Freescale/CW MCU v11.0/MCU/ARM_GCC_Support/ewl/lib/armv6-m\libm.a(s_ldexp.o)
 .debug_abbrev  0x00002cac      0x10b C:/Freescale/CW MCU v11.0/MCU/ARM_GCC_Support/ewl/lib/armv6-m\libm.a(e_sqrt.o)
 .debug_abbrev  0x00002db7       0x99 C:/Freescale/CW MCU v11.0/MCU/ARM_GCC_Support/ewl/lib/armv6-m\librt.a(gcc_ctor_dtor.o)
 .debug_abbrev  0x00002e50      0x1b3 C:/Freescale/CW MCU v11.0/MCU/ARM_GCC_Support/ewl/lib/armv6-m\librt.a(__arm_eabi_init.o)
 .debug_abbrev  0x00003003      0x120 C:/Freescale/CW MCU v11.0/MCU/ARM_GCC_Support/ewl/lib/armv6-m\librt.a(ROMCopy.o)

.debug_loc      0x00000000     0x62ef
 .debug_loc     0x00000000       0xd4 ./Generated_Code/WAIT1.o
 .debug_loc     0x000000d4      0x118 ./Generated_Code/SCL.o
 .debug_loc     0x000001ec       0x9c ./Generated_Code/PE_LDD.o
 .debug_loc     0x00000288      0x118 ./Generated_Code/MOSI.o
 .debug_loc     0x000003a0       0x70 ./Generated_Code/MISO.o
 .debug_loc     0x00000410      0x118 ./Generated_Code/LED.o
 .debug_loc     0x00000528       0xe0 ./Generated_Code/IO1.o
 .debug_loc     0x00000608       0xe0 ./Generated_Code/I2C2.o
 .debug_loc     0x000006e8       0xa8 ./Generated_Code/CsIO1.o
 .debug_loc     0x00000790       0xb0 ./Generated_Code/Cpu.o
 .debug_loc     0x00000840      0x118 ./Generated_Code/CS.o
 .debug_loc     0x00000958       0x2c ./Project_Settings/Startup_Code/__arm_start.o
 .debug_loc     0x00000984       0x38 ./Project_Settings/Startup_Code/__arm_end.o
 .debug_loc     0x000009bc      0x118 ./Sources/main.o
 .debug_loc     0x00000ad4       0x9c ./Sources/Events.o
 .debug_loc     0x00000b70      0x106 C:/Freescale/CW MCU v11.0/MCU/ARM_GCC_Support/ewl/lib/armv6-m\libc.a(scanf.o)
 .debug_loc     0x00000c76       0x72 C:/Freescale/CW MCU v11.0/MCU/ARM_GCC_Support/ewl/lib/armv6-m\libc.a(puts.o)
 .debug_loc     0x00000ce8       0x87 C:/Freescale/CW MCU v11.0/MCU/ARM_GCC_Support/ewl/lib/armv6-m\libc.a(__putchar.o)
 .debug_loc     0x00000d6f      0x126 C:/Freescale/CW MCU v11.0/MCU/ARM_GCC_Support/ewl/lib/armv6-m\libc.a(__buffer_io.o)
 .debug_loc     0x00000e95       0x2c C:/Freescale/CW MCU v11.0/MCU/ARM_GCC_Support/ewl/lib/armv6-m\libc.a(printf.o)
 .debug_loc     0x00000ec1       0x3e C:/Freescale/CW MCU v11.0/MCU/ARM_GCC_Support/ewl/lib/armv6-m\libc.a(exit.o)
 .debug_loc     0x00000eff       0x6f C:/Freescale/CW MCU v11.0/MCU/ARM_GCC_Support/ewl/lib/armv6-m\libc.a(memset.o)
 .debug_loc     0x00000f6e      0x14a C:/Freescale/CW MCU v11.0/MCU/ARM_GCC_Support/ewl/lib/armv6-m\libc.a(__filll_mem.o)
 .debug_loc     0x000010b8     0x17d2 C:/Freescale/CW MCU v11.0/MCU/ARM_GCC_Support/ewl/lib/armv6-m\libc.a(printformat_fp_ll.o)
 .debug_loc     0x0000288a      0xa49 C:/Freescale/CW MCU v11.0/MCU/ARM_GCC_Support/ewl/lib/armv6-m\libc.a(scanformat_fp.o)
 .debug_loc     0x000032d3      0x30d C:/Freescale/CW MCU v11.0/MCU/ARM_GCC_Support/ewl/lib/armv6-m\libc.a(ctype_aeabi.o)
 .debug_loc     0x000035e0       0xbb C:/Freescale/CW MCU v11.0/MCU/ARM_GCC_Support/ewl/lib/armv6-m\libc.a(ungetc.o)
 .debug_loc     0x0000369b      0x2c2 C:/Freescale/CW MCU v11.0/MCU/ARM_GCC_Support/ewl/lib/armv6-m\libc.a(fwrite.o)
 .debug_loc     0x0000395d       0x8c C:/Freescale/CW MCU v11.0/MCU/ARM_GCC_Support/ewl/lib/armv6-m\libc.a(ansi_files.o)
 .debug_loc     0x000039e9       0x87 C:/Freescale/CW MCU v11.0/MCU/ARM_GCC_Support/ewl/lib/armv6-m\libc.a(__getchar.o)
 .debug_loc     0x00003a70      0x910 C:/Freescale/CW MCU v11.0/MCU/ARM_GCC_Support/ewl/lib/armv6-m\libc.a(__strtold.o)
 .debug_loc     0x00004380      0x305 C:/Freescale/CW MCU v11.0/MCU/ARM_GCC_Support/ewl/lib/armv6-m\libc.a(__strtoul.o)
 .debug_loc     0x00004685       0xaf C:/Freescale/CW MCU v11.0/MCU/ARM_GCC_Support/ewl/lib/armv6-m\libc.a(strchr.o)
 .debug_loc     0x00004734       0x59 C:/Freescale/CW MCU v11.0/MCU/ARM_GCC_Support/ewl/lib/armv6-m\libc.a(memcpy.o)
 .debug_loc     0x0000478d       0x20 C:/Freescale/CW MCU v11.0/MCU/ARM_GCC_Support/ewl/lib/armv6-m\libc.a(strcpy.o)
 .debug_loc     0x000047ad       0x33 C:/Freescale/CW MCU v11.0/MCU/ARM_GCC_Support/ewl/lib/armv6-m\libc.a(strlen.o)
 .debug_loc     0x000047e0       0x77 C:/Freescale/CW MCU v11.0/MCU/ARM_GCC_Support/ewl/lib/armv6-m\libc.a(__memrchr.o)
 .debug_loc     0x00004857       0x77 C:/Freescale/CW MCU v11.0/MCU/ARM_GCC_Support/ewl/lib/armv6-m\libc.a(memchr.o)
 .debug_loc     0x000048ce      0x599 C:/Freescale/CW MCU v11.0/MCU/ARM_GCC_Support/ewl/lib/armv6-m\libm.a(ansi_fp.o)
 .debug_loc     0x00004e67       0x50 C:/Freescale/CW MCU v11.0/MCU/ARM_GCC_Support/ewl/lib/armv6-m\libm.a(w_pow.o)
 .debug_loc     0x00004eb7      0x962 C:/Freescale/CW MCU v11.0/MCU/ARM_GCC_Support/ewl/lib/armv6-m\libm.a(e_pow.o)
 .debug_loc     0x00005819       0x6e C:/Freescale/CW MCU v11.0/MCU/ARM_GCC_Support/ewl/lib/armv6-m\libm.a(scalbn.o)
 .debug_loc     0x00005887       0x38 C:/Freescale/CW MCU v11.0/MCU/ARM_GCC_Support/ewl/lib/armv6-m\libm.a(w_sqrt.o)
 .debug_loc     0x000058bf      0x2d7 C:/Freescale/CW MCU v11.0/MCU/ARM_GCC_Support/ewl/lib/armv6-m\libm.a(math_api.o)
 .debug_loc     0x00005b96       0xc1 C:/Freescale/CW MCU v11.0/MCU/ARM_GCC_Support/ewl/lib/armv6-m\libm.a(s_frexp.o)
 .debug_loc     0x00005c57      0x16b C:/Freescale/CW MCU v11.0/MCU/ARM_GCC_Support/ewl/lib/armv6-m\libm.a(s_ldexp.o)
 .debug_loc     0x00005dc2      0x220 C:/Freescale/CW MCU v11.0/MCU/ARM_GCC_Support/ewl/lib/armv6-m\libm.a(e_sqrt.o)
 .debug_loc     0x00005fe2       0x9d C:/Freescale/CW MCU v11.0/MCU/ARM_GCC_Support/ewl/lib/armv6-m\librt.a(gcc_ctor_dtor.o)
 .debug_loc     0x0000607f      0x197 C:/Freescale/CW MCU v11.0/MCU/ARM_GCC_Support/ewl/lib/armv6-m\librt.a(__arm_eabi_init.o)
 .debug_loc     0x00006216       0xd9 C:/Freescale/CW MCU v11.0/MCU/ARM_GCC_Support/ewl/lib/armv6-m\librt.a(ROMCopy.o)

.debug_aranges  0x00000000      0x938
 .debug_aranges
                0x00000000       0x38 ./Generated_Code/WAIT1.o
 .debug_aranges
                0x00000038       0x18 ./Generated_Code/Vectors.o
 .debug_aranges
                0x00000050       0x40 ./Generated_Code/SCL.o
 .debug_aranges
                0x00000090       0x30 ./Generated_Code/PE_LDD.o
 .debug_aranges
                0x000000c0       0x40 ./Generated_Code/MOSI.o
 .debug_aranges
                0x00000100       0x28 ./Generated_Code/MISO.o
 .debug_aranges
                0x00000128       0x40 ./Generated_Code/LED.o
 .debug_aranges
                0x00000168       0x38 ./Generated_Code/IO1.o
 .debug_aranges
                0x000001a0       0x38 ./Generated_Code/I2C2.o
 .debug_aranges
                0x000001d8       0x30 ./Generated_Code/CsIO1.o
 .debug_aranges
                0x00000208       0x38 ./Generated_Code/Cpu.o
 .debug_aranges
                0x00000240       0x40 ./Generated_Code/CS.o
 .debug_aranges
                0x00000280       0x30 ./Project_Settings/Startup_Code/__arm_start.o
 .debug_aranges
                0x000002b0       0x20 ./Project_Settings/Startup_Code/__arm_end.o
 .debug_aranges
                0x000002d0       0x40 ./Sources/main.o
 .debug_aranges
                0x00000310       0x30 ./Sources/Events.o
 .debug_aranges
                0x00000340       0x28 C:/Freescale/CW MCU v11.0/MCU/ARM_GCC_Support/ewl/lib/armv6-m\libc.a(scanf.o)
 .debug_aranges
                0x00000368       0x20 C:/Freescale/CW MCU v11.0/MCU/ARM_GCC_Support/ewl/lib/armv6-m\libc.a(puts.o)
 .debug_aranges
                0x00000388       0x20 C:/Freescale/CW MCU v11.0/MCU/ARM_GCC_Support/ewl/lib/armv6-m\libc.a(__putchar.o)
 .debug_aranges
                0x000003a8       0x30 C:/Freescale/CW MCU v11.0/MCU/ARM_GCC_Support/ewl/lib/armv6-m\libc.a(__buffer_io.o)
 .debug_aranges
                0x000003d8       0x20 C:/Freescale/CW MCU v11.0/MCU/ARM_GCC_Support/ewl/lib/armv6-m\libc.a(printf.o)
 .debug_aranges
                0x000003f8       0x20 C:/Freescale/CW MCU v11.0/MCU/ARM_GCC_Support/ewl/lib/armv6-m\libc.a(exit.o)
 .debug_aranges
                0x00000418       0x20 C:/Freescale/CW MCU v11.0/MCU/ARM_GCC_Support/ewl/lib/armv6-m\libc.a(memset.o)
 .debug_aranges
                0x00000438       0x20 C:/Freescale/CW MCU v11.0/MCU/ARM_GCC_Support/ewl/lib/armv6-m\libc.a(__filll_mem.o)
 .debug_aranges
                0x00000458       0x30 C:/Freescale/CW MCU v11.0/MCU/ARM_GCC_Support/ewl/lib/armv6-m\libc.a(printformat_fp_ll.o)
 .debug_aranges
                0x00000488       0x20 C:/Freescale/CW MCU v11.0/MCU/ARM_GCC_Support/ewl/lib/armv6-m\libc.a(scanformat_fp.o)
 .debug_aranges
                0x000004a8       0x88 C:/Freescale/CW MCU v11.0/MCU/ARM_GCC_Support/ewl/lib/armv6-m\libc.a(ctype_aeabi.o)
 .debug_aranges
                0x00000530       0x28 C:/Freescale/CW MCU v11.0/MCU/ARM_GCC_Support/ewl/lib/armv6-m\libc.a(ungetc.o)
 .debug_aranges
                0x00000558       0x30 C:/Freescale/CW MCU v11.0/MCU/ARM_GCC_Support/ewl/lib/armv6-m\libc.a(fwrite.o)
 .debug_aranges
                0x00000588       0x28 C:/Freescale/CW MCU v11.0/MCU/ARM_GCC_Support/ewl/lib/armv6-m\libc.a(ansi_files.o)
 .debug_aranges
                0x000005b0       0x20 C:/Freescale/CW MCU v11.0/MCU/ARM_GCC_Support/ewl/lib/armv6-m\libc.a(__getchar.o)
 .debug_aranges
                0x000005d0       0x38 C:/Freescale/CW MCU v11.0/MCU/ARM_GCC_Support/ewl/lib/armv6-m\libc.a(__strtold.o)
 .debug_aranges
                0x00000608       0x20 C:/Freescale/CW MCU v11.0/MCU/ARM_GCC_Support/ewl/lib/armv6-m\libc.a(__strtoul.o)
 .debug_aranges
                0x00000628       0x20 C:/Freescale/CW MCU v11.0/MCU/ARM_GCC_Support/ewl/lib/armv6-m\libc.a(strchr.o)
 .debug_aranges
                0x00000648       0x20 C:/Freescale/CW MCU v11.0/MCU/ARM_GCC_Support/ewl/lib/armv6-m\libc.a(memcpy.o)
 .debug_aranges
                0x00000668       0x20 C:/Freescale/CW MCU v11.0/MCU/ARM_GCC_Support/ewl/lib/armv6-m\libc.a(strcpy.o)
 .debug_aranges
                0x00000688       0x20 C:/Freescale/CW MCU v11.0/MCU/ARM_GCC_Support/ewl/lib/armv6-m\libc.a(strlen.o)
 .debug_aranges
                0x000006a8       0x20 C:/Freescale/CW MCU v11.0/MCU/ARM_GCC_Support/ewl/lib/armv6-m\libc.a(__memrchr.o)
 .debug_aranges
                0x000006c8       0x20 C:/Freescale/CW MCU v11.0/MCU/ARM_GCC_Support/ewl/lib/armv6-m\libc.a(memchr.o)
 .debug_aranges
                0x000006e8       0x18 C:/Freescale/CW MCU v11.0/MCU/ARM_GCC_Support/ewl/lib/armv6-m\libc.a(errno.o)
 .debug_aranges
                0x00000700       0x30 C:/Freescale/CW MCU v11.0/MCU/ARM_GCC_Support/ewl/lib/armv6-m\libm.a(ansi_fp.o)
 .debug_aranges
                0x00000730       0x20 C:/Freescale/CW MCU v11.0/MCU/ARM_GCC_Support/ewl/lib/armv6-m\libm.a(w_pow.o)
 .debug_aranges
                0x00000750       0x20 C:/Freescale/CW MCU v11.0/MCU/ARM_GCC_Support/ewl/lib/armv6-m\libm.a(e_pow.o)
 .debug_aranges
                0x00000770       0x20 C:/Freescale/CW MCU v11.0/MCU/ARM_GCC_Support/ewl/lib/armv6-m\libm.a(scalbn.o)
 .debug_aranges
                0x00000790       0x20 C:/Freescale/CW MCU v11.0/MCU/ARM_GCC_Support/ewl/lib/armv6-m\libm.a(w_sqrt.o)
 .debug_aranges
                0x000007b0       0x60 C:/Freescale/CW MCU v11.0/MCU/ARM_GCC_Support/ewl/lib/armv6-m\libm.a(math_api.o)
 .debug_aranges
                0x00000810       0x18 C:/Freescale/CW MCU v11.0/MCU/ARM_GCC_Support/ewl/lib/armv6-m\libm.a(float.o)
 .debug_aranges
                0x00000828       0x20 C:/Freescale/CW MCU v11.0/MCU/ARM_GCC_Support/ewl/lib/armv6-m\libm.a(s_frexp.o)
 .debug_aranges
                0x00000848       0x20 C:/Freescale/CW MCU v11.0/MCU/ARM_GCC_Support/ewl/lib/armv6-m\libm.a(s_ldexp.o)
 .debug_aranges
                0x00000868       0x20 C:/Freescale/CW MCU v11.0/MCU/ARM_GCC_Support/ewl/lib/armv6-m\libm.a(e_sqrt.o)
 .debug_aranges
                0x00000888       0x28 C:/Freescale/CW MCU v11.0/MCU/ARM_GCC_Support/ewl/lib/armv6-m\librt.a(gcc_ctor_dtor.o)
 .debug_aranges
                0x000008b0       0x58 C:/Freescale/CW MCU v11.0/MCU/ARM_GCC_Support/ewl/lib/armv6-m\librt.a(__arm_eabi_init.o)
 .debug_aranges
                0x00000908       0x30 C:/Freescale/CW MCU v11.0/MCU/ARM_GCC_Support/ewl/lib/armv6-m\librt.a(ROMCopy.o)

.debug_macinfo  0x00000000   0x2a7292
 .debug_macinfo
                0x00000000    0x2e07e ./Generated_Code/WAIT1.o
 .debug_macinfo
                0x0002e07e    0x2fcf7 ./Generated_Code/Vectors.o
 .debug_macinfo
                0x0005dd75    0x2ec45 ./Generated_Code/SCL.o
 .debug_macinfo
                0x0008c9ba    0x2fcc3 ./Generated_Code/PE_LDD.o
 .debug_macinfo
                0x000bc67d    0x2ec4f ./Generated_Code/MOSI.o
 .debug_macinfo
                0x000eb2cc    0x2ebf5 ./Generated_Code/MISO.o
 .debug_macinfo
                0x00119ec1    0x2eca4 ./Generated_Code/LED.o
 .debug_macinfo
                0x00148b65    0x382c4 ./Generated_Code/IO1.o
 .debug_macinfo
                0x00180e29    0x365d5 ./Generated_Code/I2C2.o
 .debug_macinfo
                0x001b73fe    0x2a8f1 ./Generated_Code/CsIO1.o
 .debug_macinfo
                0x001e1cef    0x2fcf7 ./Generated_Code/Cpu.o
 .debug_macinfo
                0x002119e6    0x2ec3b ./Generated_Code/CS.o
 .debug_macinfo
                0x00240621     0x3e6d ./Project_Settings/Startup_Code/__arm_start.o
 .debug_macinfo
                0x0024448e     0x3456 ./Project_Settings/Startup_Code/__arm_end.o
 .debug_macinfo
                0x002478e4    0x2fcd7 ./Sources/main.o
 .debug_macinfo
                0x002775bb    0x2fcd7 ./Sources/Events.o

.debug_line     0x00000000     0x5a71
 .debug_line    0x00000000      0x250 ./Generated_Code/WAIT1.o
 .debug_line    0x00000250      0x440 ./Generated_Code/Vectors.o
 .debug_line    0x00000690      0x2ab ./Generated_Code/SCL.o
 .debug_line    0x0000093b      0x396 ./Generated_Code/PE_LDD.o
 .debug_line    0x00000cd1      0x2ad ./Generated_Code/MOSI.o
 .debug_line    0x00000f7e      0x274 ./Generated_Code/MISO.o
 .debug_line    0x000011f2      0x2ab ./Generated_Code/LED.o
 .debug_line    0x0000149d      0x2cb ./Generated_Code/IO1.o
 .debug_line    0x00001768      0x4a7 ./Generated_Code/I2C2.o
 .debug_line    0x00001c0f      0x326 ./Generated_Code/CsIO1.o
 .debug_line    0x00001f35      0x4a6 ./Generated_Code/Cpu.o
 .debug_line    0x000023db      0x2a9 ./Generated_Code/CS.o
 .debug_line    0x00002684      0x293 ./Project_Settings/Startup_Code/__arm_start.o
 .debug_line    0x00002917      0x266 ./Project_Settings/Startup_Code/__arm_end.o
 .debug_line    0x00002b7d      0x4fe ./Sources/main.o
 .debug_line    0x0000307b      0x3b2 ./Sources/Events.o
 .debug_line    0x0000342d       0xe3 C:/Freescale/CW MCU v11.0/MCU/ARM_GCC_Support/ewl/lib/armv6-m\libc.a(scanf.o)
 .debug_line    0x00003510       0x9a C:/Freescale/CW MCU v11.0/MCU/ARM_GCC_Support/ewl/lib/armv6-m\libc.a(puts.o)
 .debug_line    0x000035aa       0xc2 C:/Freescale/CW MCU v11.0/MCU/ARM_GCC_Support/ewl/lib/armv6-m\libc.a(__putchar.o)
 .debug_line    0x0000366c       0xf0 C:/Freescale/CW MCU v11.0/MCU/ARM_GCC_Support/ewl/lib/armv6-m\libc.a(__buffer_io.o)
 .debug_line    0x0000375c       0xb0 C:/Freescale/CW MCU v11.0/MCU/ARM_GCC_Support/ewl/lib/armv6-m\libc.a(printf.o)
 .debug_line    0x0000380c       0x8d C:/Freescale/CW MCU v11.0/MCU/ARM_GCC_Support/ewl/lib/armv6-m\libc.a(exit.o)
 .debug_line    0x00003899       0x90 C:/Freescale/CW MCU v11.0/MCU/ARM_GCC_Support/ewl/lib/armv6-m\libc.a(memset.o)
 .debug_line    0x00003929       0xf6 C:/Freescale/CW MCU v11.0/MCU/ARM_GCC_Support/ewl/lib/armv6-m\libc.a(__filll_mem.o)
 .debug_line    0x00003a1f      0x456 C:/Freescale/CW MCU v11.0/MCU/ARM_GCC_Support/ewl/lib/armv6-m\libc.a(printformat_fp_ll.o)
 .debug_line    0x00003e75      0x2e3 C:/Freescale/CW MCU v11.0/MCU/ARM_GCC_Support/ewl/lib/armv6-m\libc.a(scanformat_fp.o)
 .debug_line    0x00004158      0x1be C:/Freescale/CW MCU v11.0/MCU/ARM_GCC_Support/ewl/lib/armv6-m\libc.a(ctype_aeabi.o)
 .debug_line    0x00004316       0xe0 C:/Freescale/CW MCU v11.0/MCU/ARM_GCC_Support/ewl/lib/armv6-m\libc.a(ungetc.o)
 .debug_line    0x000043f6      0x158 C:/Freescale/CW MCU v11.0/MCU/ARM_GCC_Support/ewl/lib/armv6-m\libc.a(fwrite.o)
 .debug_line    0x0000454e       0xc0 C:/Freescale/CW MCU v11.0/MCU/ARM_GCC_Support/ewl/lib/armv6-m\libc.a(ansi_files.o)
 .debug_line    0x0000460e       0xce C:/Freescale/CW MCU v11.0/MCU/ARM_GCC_Support/ewl/lib/armv6-m\libc.a(__getchar.o)
 .debug_line    0x000046dc      0x30a C:/Freescale/CW MCU v11.0/MCU/ARM_GCC_Support/ewl/lib/armv6-m\libc.a(__strtold.o)
 .debug_line    0x000049e6      0x11e C:/Freescale/CW MCU v11.0/MCU/ARM_GCC_Support/ewl/lib/armv6-m\libc.a(__strtoul.o)
 .debug_line    0x00004b04       0x7d C:/Freescale/CW MCU v11.0/MCU/ARM_GCC_Support/ewl/lib/armv6-m\libc.a(strchr.o)
 .debug_line    0x00004b81       0x8b C:/Freescale/CW MCU v11.0/MCU/ARM_GCC_Support/ewl/lib/armv6-m\libc.a(memcpy.o)
 .debug_line    0x00004c0c       0x7d C:/Freescale/CW MCU v11.0/MCU/ARM_GCC_Support/ewl/lib/armv6-m\libc.a(strcpy.o)
 .debug_line    0x00004c89       0x85 C:/Freescale/CW MCU v11.0/MCU/ARM_GCC_Support/ewl/lib/armv6-m\libc.a(strlen.o)
 .debug_line    0x00004d0e       0x99 C:/Freescale/CW MCU v11.0/MCU/ARM_GCC_Support/ewl/lib/armv6-m\libc.a(__memrchr.o)
 .debug_line    0x00004da7       0x9f C:/Freescale/CW MCU v11.0/MCU/ARM_GCC_Support/ewl/lib/armv6-m\libc.a(memchr.o)
 .debug_line    0x00004e46       0x4d C:/Freescale/CW MCU v11.0/MCU/ARM_GCC_Support/ewl/lib/armv6-m\libc.a(errno.o)
 .debug_line    0x00004e93      0x1d4 C:/Freescale/CW MCU v11.0/MCU/ARM_GCC_Support/ewl/lib/armv6-m\libm.a(ansi_fp.o)
 .debug_line    0x00005067       0x73 C:/Freescale/CW MCU v11.0/MCU/ARM_GCC_Support/ewl/lib/armv6-m\libm.a(w_pow.o)
 .debug_line    0x000050da      0x1f9 C:/Freescale/CW MCU v11.0/MCU/ARM_GCC_Support/ewl/lib/armv6-m\libm.a(e_pow.o)
 .debug_line    0x000052d3       0x77 C:/Freescale/CW MCU v11.0/MCU/ARM_GCC_Support/ewl/lib/armv6-m\libm.a(scalbn.o)
 .debug_line    0x0000534a       0x74 C:/Freescale/CW MCU v11.0/MCU/ARM_GCC_Support/ewl/lib/armv6-m\libm.a(w_sqrt.o)
 .debug_line    0x000053be      0x173 C:/Freescale/CW MCU v11.0/MCU/ARM_GCC_Support/ewl/lib/armv6-m\libm.a(math_api.o)
 .debug_line    0x00005531       0x60 C:/Freescale/CW MCU v11.0/MCU/ARM_GCC_Support/ewl/lib/armv6-m\libm.a(float.o)
 .debug_line    0x00005591       0xb9 C:/Freescale/CW MCU v11.0/MCU/ARM_GCC_Support/ewl/lib/armv6-m\libm.a(s_frexp.o)
 .debug_line    0x0000564a       0xc6 C:/Freescale/CW MCU v11.0/MCU/ARM_GCC_Support/ewl/lib/armv6-m\libm.a(s_ldexp.o)
 .debug_line    0x00005710      0x121 C:/Freescale/CW MCU v11.0/MCU/ARM_GCC_Support/ewl/lib/armv6-m\libm.a(e_sqrt.o)
 .debug_line    0x00005831       0x6c C:/Freescale/CW MCU v11.0/MCU/ARM_GCC_Support/ewl/lib/armv6-m\librt.a(gcc_ctor_dtor.o)
 .debug_line    0x0000589d      0x117 C:/Freescale/CW MCU v11.0/MCU/ARM_GCC_Support/ewl/lib/armv6-m\librt.a(__arm_eabi_init.o)
 .debug_line    0x000059b4       0xbd C:/Freescale/CW MCU v11.0/MCU/ARM_GCC_Support/ewl/lib/armv6-m\librt.a(ROMCopy.o)

.debug_str      0x00000000     0x2211
 .debug_str     0x00000000      0x13f ./Generated_Code/WAIT1.o
                                0x176 (size before relaxing)
 .debug_str     0x0000013f       0x5e ./Generated_Code/Vectors.o
                                0x171 (size before relaxing)
 .debug_str     0x0000019d      0x168 ./Generated_Code/SCL.o
                                0x2a0 (size before relaxing)
 .debug_str     0x00000305      0x16b ./Generated_Code/PE_LDD.o
                                0x2d4 (size before relaxing)
 .debug_str     0x00000470       0x78 ./Generated_Code/MOSI.o
                                0x2a8 (size before relaxing)
 .debug_str     0x000004e8       0x54 ./Generated_Code/MISO.o
                                0x284 (size before relaxing)
 .debug_str     0x0000053c       0x70 ./Generated_Code/LED.o
                                0x297 (size before relaxing)
 .debug_str     0x000005ac      0x1c6 ./Generated_Code/IO1.o
                                0x397 (size before relaxing)
 .debug_str     0x00000772      0x19f ./Generated_Code/I2C2.o
                                0x47b (size before relaxing)
 .debug_str     0x00000911       0x9b ./Generated_Code/CsIO1.o
                                0x1db (size before relaxing)
 .debug_str     0x000009ac      0x17d ./Generated_Code/Cpu.o
                                0x420 (size before relaxing)
 .debug_str     0x00000b29       0x68 ./Generated_Code/CS.o
                                0x298 (size before relaxing)
 .debug_str     0x00000b91       0x85 ./Project_Settings/Startup_Code/__arm_start.o
                                0x192 (size before relaxing)
 .debug_str     0x00000c16       0x41 ./Project_Settings/Startup_Code/__arm_end.o
                                 0xc9 (size before relaxing)
 .debug_str     0x00000c57       0xf2 ./Sources/main.o
                                0x26b (size before relaxing)
 .debug_str     0x00000d49       0x53 ./Sources/Events.o
                                0x180 (size before relaxing)
 .debug_str     0x00000d9c      0x1e0 C:/Freescale/CW MCU v11.0/MCU/ARM_GCC_Support/ewl/lib/armv6-m\libc.a(scanf.o)
                                0x33c (size before relaxing)
 .debug_str     0x00000f7c       0x16 C:/Freescale/CW MCU v11.0/MCU/ARM_GCC_Support/ewl/lib/armv6-m\libc.a(puts.o)
                                0x2cc (size before relaxing)
 .debug_str     0x00000f92       0xf3 C:/Freescale/CW MCU v11.0/MCU/ARM_GCC_Support/ewl/lib/armv6-m\libc.a(__putchar.o)
                                0x39e (size before relaxing)
 .debug_str     0x00001085       0x94 C:/Freescale/CW MCU v11.0/MCU/ARM_GCC_Support/ewl/lib/armv6-m\libc.a(__buffer_io.o)
                                0x373 (size before relaxing)
 .debug_str     0x00001119       0x1a C:/Freescale/CW MCU v11.0/MCU/ARM_GCC_Support/ewl/lib/armv6-m\libc.a(printf.o)
                                0x2e9 (size before relaxing)
 .debug_str     0x00001133       0x2e C:/Freescale/CW MCU v11.0/MCU/ARM_GCC_Support/ewl/lib/armv6-m\libc.a(exit.o)
                                0x157 (size before relaxing)
 .debug_str     0x00001161       0x1c C:/Freescale/CW MCU v11.0/MCU/ARM_GCC_Support/ewl/lib/armv6-m\libc.a(memset.o)
                                0x140 (size before relaxing)
 .debug_str     0x0000117d       0x25 C:/Freescale/CW MCU v11.0/MCU/ARM_GCC_Support/ewl/lib/armv6-m\libc.a(__filll_mem.o)
                                0x152 (size before relaxing)
 .debug_str     0x000011a2      0x2bc C:/Freescale/CW MCU v11.0/MCU/ARM_GCC_Support/ewl/lib/armv6-m\libc.a(printformat_fp_ll.o)
                                0x4a7 (size before relaxing)
 .debug_str     0x0000145e      0x15d C:/Freescale/CW MCU v11.0/MCU/ARM_GCC_Support/ewl/lib/armv6-m\libc.a(scanformat_fp.o)
                                0x45f (size before relaxing)
 .debug_str     0x000015bb       0x9d C:/Freescale/CW MCU v11.0/MCU/ARM_GCC_Support/ewl/lib/armv6-m\libc.a(ctype_aeabi.o)
                                0x1bc (size before relaxing)
 .debug_str     0x00001658       0xcd C:/Freescale/CW MCU v11.0/MCU/ARM_GCC_Support/ewl/lib/armv6-m\libc.a(ungetc.o)
                                0x3d1 (size before relaxing)
 .debug_str     0x00001725       0xa5 C:/Freescale/CW MCU v11.0/MCU/ARM_GCC_Support/ewl/lib/armv6-m\libc.a(fwrite.o)
                                0x53b (size before relaxing)
 .debug_str     0x000017ca       0xc6 C:/Freescale/CW MCU v11.0/MCU/ARM_GCC_Support/ewl/lib/armv6-m\libc.a(ansi_files.o)
                                0x442 (size before relaxing)
 .debug_str     0x00001890       0x21 C:/Freescale/CW MCU v11.0/MCU/ARM_GCC_Support/ewl/lib/armv6-m\libc.a(__getchar.o)
                                0x3ed (size before relaxing)
 .debug_str     0x000018b1      0x28b C:/Freescale/CW MCU v11.0/MCU/ARM_GCC_Support/ewl/lib/armv6-m\libc.a(__strtold.o)
                                0x533 (size before relaxing)
 .debug_str     0x00001b3c       0x2b C:/Freescale/CW MCU v11.0/MCU/ARM_GCC_Support/ewl/lib/armv6-m\libc.a(__strtoul.o)
                                0x1fb (size before relaxing)
 .debug_str     0x00001b67       0x1c C:/Freescale/CW MCU v11.0/MCU/ARM_GCC_Support/ewl/lib/armv6-m\libc.a(strchr.o)
                                0x137 (size before relaxing)
 .debug_str     0x00001b83       0x1c C:/Freescale/CW MCU v11.0/MCU/ARM_GCC_Support/ewl/lib/armv6-m\libc.a(memcpy.o)
                                0x138 (size before relaxing)
 .debug_str     0x00001b9f       0x1c C:/Freescale/CW MCU v11.0/MCU/ARM_GCC_Support/ewl/lib/armv6-m\libc.a(strcpy.o)
                                0x142 (size before relaxing)
 .debug_str     0x00001bbb       0x1c C:/Freescale/CW MCU v11.0/MCU/ARM_GCC_Support/ewl/lib/armv6-m\libc.a(strlen.o)
                                0x140 (size before relaxing)
 .debug_str     0x00001bd7       0x22 C:/Freescale/CW MCU v11.0/MCU/ARM_GCC_Support/ewl/lib/armv6-m\libc.a(__memrchr.o)
                                0x145 (size before relaxing)
 .debug_str     0x00001bf9       0x1c C:/Freescale/CW MCU v11.0/MCU/ARM_GCC_Support/ewl/lib/armv6-m\libc.a(memchr.o)
                                0x148 (size before relaxing)
 .debug_str     0x00001c15       0x12 C:/Freescale/CW MCU v11.0/MCU/ARM_GCC_Support/ewl/lib/armv6-m\libc.a(errno.o)
                                0x12c (size before relaxing)
 .debug_str     0x00001c27       0x84 C:/Freescale/CW MCU v11.0/MCU/ARM_GCC_Support/ewl/lib/armv6-m\libm.a(ansi_fp.o)
                                0x219 (size before relaxing)
 .debug_str     0x00001cab       0x11 C:/Freescale/CW MCU v11.0/MCU/ARM_GCC_Support/ewl/lib/armv6-m\libm.a(w_pow.o)
                                0x125 (size before relaxing)
 .debug_str     0x00001cbc       0x7a C:/Freescale/CW MCU v11.0/MCU/ARM_GCC_Support/ewl/lib/armv6-m\libm.a(e_pow.o)
                                0x1cd (size before relaxing)
 .debug_str     0x00001d36       0x1e C:/Freescale/CW MCU v11.0/MCU/ARM_GCC_Support/ewl/lib/armv6-m\libm.a(scalbn.o)
                                0x13f (size before relaxing)
 .debug_str     0x00001d54       0x12 C:/Freescale/CW MCU v11.0/MCU/ARM_GCC_Support/ewl/lib/armv6-m\libm.a(w_sqrt.o)
                                0x12b (size before relaxing)
 .debug_str     0x00001d66       0xd1 C:/Freescale/CW MCU v11.0/MCU/ARM_GCC_Support/ewl/lib/armv6-m\libm.a(math_api.o)
                                0x228 (size before relaxing)
 .debug_str     0x00001e37       0xd0 C:/Freescale/CW MCU v11.0/MCU/ARM_GCC_Support/ewl/lib/armv6-m\libm.a(float.o)
                                0x225 (size before relaxing)
 .debug_str     0x00001f07       0x24 C:/Freescale/CW MCU v11.0/MCU/ARM_GCC_Support/ewl/lib/armv6-m\libm.a(s_frexp.o)
                                0x15d (size before relaxing)
 .debug_str     0x00001f2b       0x20 C:/Freescale/CW MCU v11.0/MCU/ARM_GCC_Support/ewl/lib/armv6-m\libm.a(s_ldexp.o)
                                0x164 (size before relaxing)
 .debug_str     0x00001f4b       0x21 C:/Freescale/CW MCU v11.0/MCU/ARM_GCC_Support/ewl/lib/armv6-m\libm.a(e_sqrt.o)
                                0x17e (size before relaxing)
 .debug_str     0x00001f6c      0x126 C:/Freescale/CW MCU v11.0/MCU/ARM_GCC_Support/ewl/lib/armv6-m\librt.a(gcc_ctor_dtor.o)
                                0x181 (size before relaxing)
 .debug_str     0x00002092       0xe9 C:/Freescale/CW MCU v11.0/MCU/ARM_GCC_Support/ewl/lib/armv6-m\librt.a(__arm_eabi_init.o)
                                0x1b5 (size before relaxing)
 .debug_str     0x0000217b       0x96 C:/Freescale/CW MCU v11.0/MCU/ARM_GCC_Support/ewl/lib/armv6-m\librt.a(ROMCopy.o)
                                0x13c (size before relaxing)

.comment        0x00000000       0x79
 .comment       0x00000000       0x79 ./Generated_Code/WAIT1.o
                                 0x7a (size before relaxing)
 .comment       0x00000000       0x7a ./Generated_Code/Vectors.o
 .comment       0x00000000       0x7a ./Generated_Code/SCL.o
 .comment       0x00000000       0x7a ./Generated_Code/PE_LDD.o
 .comment       0x00000000       0x7a ./Generated_Code/MOSI.o
 .comment       0x00000000       0x7a ./Generated_Code/MISO.o
 .comment       0x00000000       0x7a ./Generated_Code/LED.o
 .comment       0x00000000       0x7a ./Generated_Code/IO1.o
 .comment       0x00000000       0x7a ./Generated_Code/I2C2.o
 .comment       0x00000000       0x7a ./Generated_Code/CsIO1.o
 .comment       0x00000000       0x7a ./Generated_Code/Cpu.o
 .comment       0x00000000       0x7a ./Generated_Code/CS.o
 .comment       0x00000000       0x7a ./Project_Settings/Startup_Code/__arm_start.o
 .comment       0x00000000       0x7a ./Project_Settings/Startup_Code/__arm_end.o
 .comment       0x00000000       0x7a ./Sources/main.o
 .comment       0x00000000       0x7a ./Sources/Events.o
 .comment       0x00000000       0x7a C:/Freescale/CW MCU v11.0/MCU/ARM_GCC_Support/ewl/lib/armv6-m\libc.a(scanf.o)
 .comment       0x00000000       0x7a C:/Freescale/CW MCU v11.0/MCU/ARM_GCC_Support/ewl/lib/armv6-m\libc.a(puts.o)
 .comment       0x00000000       0x7a C:/Freescale/CW MCU v11.0/MCU/ARM_GCC_Support/ewl/lib/armv6-m\libc.a(__putchar.o)
 .comment       0x00000000       0x7a C:/Freescale/CW MCU v11.0/MCU/ARM_GCC_Support/ewl/lib/armv6-m\libc.a(__buffer_io.o)
 .comment       0x00000000       0x7a C:/Freescale/CW MCU v11.0/MCU/ARM_GCC_Support/ewl/lib/armv6-m\libc.a(printf.o)
 .comment       0x00000000       0x7a C:/Freescale/CW MCU v11.0/MCU/ARM_GCC_Support/ewl/lib/armv6-m\libc.a(exit.o)
 .comment       0x00000000       0x7a C:/Freescale/CW MCU v11.0/MCU/ARM_GCC_Support/ewl/lib/armv6-m\libc.a(memset.o)
 .comment       0x00000000       0x7a C:/Freescale/CW MCU v11.0/MCU/ARM_GCC_Support/ewl/lib/armv6-m\libc.a(__filll_mem.o)
 .comment       0x00000000       0x7a C:/Freescale/CW MCU v11.0/MCU/ARM_GCC_Support/ewl/lib/armv6-m\libc.a(printformat_fp_ll.o)
 .comment       0x00000000       0x7a C:/Freescale/CW MCU v11.0/MCU/ARM_GCC_Support/ewl/lib/armv6-m\libc.a(scanformat_fp.o)
 .comment       0x00000000       0x7a C:/Freescale/CW MCU v11.0/MCU/ARM_GCC_Support/ewl/lib/armv6-m\libc.a(ctype_aeabi.o)
 .comment       0x00000000       0x7a C:/Freescale/CW MCU v11.0/MCU/ARM_GCC_Support/ewl/lib/armv6-m\libc.a(ungetc.o)
 .comment       0x00000000       0x7a C:/Freescale/CW MCU v11.0/MCU/ARM_GCC_Support/ewl/lib/armv6-m\libc.a(fwrite.o)
 .comment       0x00000000       0x7a C:/Freescale/CW MCU v11.0/MCU/ARM_GCC_Support/ewl/lib/armv6-m\libc.a(ansi_files.o)
 .comment       0x00000000       0x7a C:/Freescale/CW MCU v11.0/MCU/ARM_GCC_Support/ewl/lib/armv6-m\libc.a(__getchar.o)
 .comment       0x00000000       0x7a C:/Freescale/CW MCU v11.0/MCU/ARM_GCC_Support/ewl/lib/armv6-m\libc.a(__strtold.o)
 .comment       0x00000000       0x7a C:/Freescale/CW MCU v11.0/MCU/ARM_GCC_Support/ewl/lib/armv6-m\libc.a(__strtoul.o)
 .comment       0x00000000       0x7a C:/Freescale/CW MCU v11.0/MCU/ARM_GCC_Support/ewl/lib/armv6-m\libc.a(strchr.o)
 .comment       0x00000000       0x7a C:/Freescale/CW MCU v11.0/MCU/ARM_GCC_Support/ewl/lib/armv6-m\libc.a(memcpy.o)
 .comment       0x00000000       0x7a C:/Freescale/CW MCU v11.0/MCU/ARM_GCC_Support/ewl/lib/armv6-m\libc.a(strcpy.o)
 .comment       0x00000000       0x7a C:/Freescale/CW MCU v11.0/MCU/ARM_GCC_Support/ewl/lib/armv6-m\libc.a(strlen.o)
 .comment       0x00000000       0x7a C:/Freescale/CW MCU v11.0/MCU/ARM_GCC_Support/ewl/lib/armv6-m\libc.a(__memrchr.o)
 .comment       0x00000000       0x7a C:/Freescale/CW MCU v11.0/MCU/ARM_GCC_Support/ewl/lib/armv6-m\libc.a(memchr.o)
 .comment       0x00000000       0x7a C:/Freescale/CW MCU v11.0/MCU/ARM_GCC_Support/ewl/lib/armv6-m\libc.a(errno.o)
 .comment       0x00000000       0x7a C:/Freescale/CW MCU v11.0/MCU/ARM_GCC_Support/ewl/lib/armv6-m\libm.a(ansi_fp.o)
 .comment       0x00000000       0x7a C:/Freescale/CW MCU v11.0/MCU/ARM_GCC_Support/ewl/lib/armv6-m\libm.a(w_pow.o)
 .comment       0x00000000       0x7a C:/Freescale/CW MCU v11.0/MCU/ARM_GCC_Support/ewl/lib/armv6-m\libm.a(e_pow.o)
 .comment       0x00000000       0x7a C:/Freescale/CW MCU v11.0/MCU/ARM_GCC_Support/ewl/lib/armv6-m\libm.a(scalbn.o)
 .comment       0x00000000       0x7a C:/Freescale/CW MCU v11.0/MCU/ARM_GCC_Support/ewl/lib/armv6-m\libm.a(w_sqrt.o)
 .comment       0x00000000       0x7a C:/Freescale/CW MCU v11.0/MCU/ARM_GCC_Support/ewl/lib/armv6-m\libm.a(math_api.o)
 .comment       0x00000000       0x7a C:/Freescale/CW MCU v11.0/MCU/ARM_GCC_Support/ewl/lib/armv6-m\libm.a(float.o)
 .comment       0x00000000       0x7a C:/Freescale/CW MCU v11.0/MCU/ARM_GCC_Support/ewl/lib/armv6-m\libm.a(s_frexp.o)
 .comment       0x00000000       0x7a C:/Freescale/CW MCU v11.0/MCU/ARM_GCC_Support/ewl/lib/armv6-m\libm.a(s_ldexp.o)
 .comment       0x00000000       0x7a C:/Freescale/CW MCU v11.0/MCU/ARM_GCC_Support/ewl/lib/armv6-m\libm.a(e_sqrt.o)
 .comment       0x00000000       0x7a C:/Freescale/CW MCU v11.0/MCU/ARM_GCC_Support/ewl/lib/armv6-m\librt.a(gcc_ctor_dtor.o)
 .comment       0x00000000       0x7a C:/Freescale/CW MCU v11.0/MCU/ARM_GCC_Support/ewl/lib/armv6-m\librt.a(__arm_eabi_init.o)
 .comment       0x00000000       0x7a C:/Freescale/CW MCU v11.0/MCU/ARM_GCC_Support/ewl/lib/armv6-m\librt.a(ROMCopy.o)

.debug_frame    0x00000000     0x1580
 .debug_frame   0x00000000       0x8c ./Generated_Code/WAIT1.o
 .debug_frame   0x0000008c       0xb0 ./Generated_Code/SCL.o
 .debug_frame   0x0000013c       0x6c ./Generated_Code/PE_LDD.o
 .debug_frame   0x000001a8       0xb0 ./Generated_Code/MOSI.o
 .debug_frame   0x00000258       0x50 ./Generated_Code/MISO.o
 .debug_frame   0x000002a8       0xb0 ./Generated_Code/LED.o
 .debug_frame   0x00000358       0x90 ./Generated_Code/IO1.o
 .debug_frame   0x000003e8       0x90 ./Generated_Code/I2C2.o
 .debug_frame   0x00000478       0x70 ./Generated_Code/CsIO1.o
 .debug_frame   0x000004e8       0x80 ./Generated_Code/Cpu.o
 .debug_frame   0x00000568       0xb0 ./Generated_Code/CS.o
 .debug_frame   0x00000618       0x4c ./Project_Settings/Startup_Code/__arm_start.o
 .debug_frame   0x00000664       0x30 ./Project_Settings/Startup_Code/__arm_end.o
 .debug_frame   0x00000694       0xb0 ./Sources/main.o
 .debug_frame   0x00000744       0x6c ./Sources/Events.o
 .debug_frame   0x000007b0       0x4c C:/Freescale/CW MCU v11.0/MCU/ARM_GCC_Support/ewl/lib/armv6-m\libc.a(scanf.o)
 .debug_frame   0x000007fc       0x28 C:/Freescale/CW MCU v11.0/MCU/ARM_GCC_Support/ewl/lib/armv6-m\libc.a(puts.o)
 .debug_frame   0x00000824       0x2c C:/Freescale/CW MCU v11.0/MCU/ARM_GCC_Support/ewl/lib/armv6-m\libc.a(__putchar.o)
 .debug_frame   0x00000850       0x58 C:/Freescale/CW MCU v11.0/MCU/ARM_GCC_Support/ewl/lib/armv6-m\libc.a(__buffer_io.o)
 .debug_frame   0x000008a8       0x34 C:/Freescale/CW MCU v11.0/MCU/ARM_GCC_Support/ewl/lib/armv6-m\libc.a(printf.o)
 .debug_frame   0x000008dc       0x2c C:/Freescale/CW MCU v11.0/MCU/ARM_GCC_Support/ewl/lib/armv6-m\libc.a(exit.o)
 .debug_frame   0x00000908       0x28 C:/Freescale/CW MCU v11.0/MCU/ARM_GCC_Support/ewl/lib/armv6-m\libc.a(memset.o)
 .debug_frame   0x00000930       0x2c C:/Freescale/CW MCU v11.0/MCU/ARM_GCC_Support/ewl/lib/armv6-m\libc.a(__filll_mem.o)
 .debug_frame   0x0000095c       0x74 C:/Freescale/CW MCU v11.0/MCU/ARM_GCC_Support/ewl/lib/armv6-m\libc.a(printformat_fp_ll.o)
 .debug_frame   0x000009d0       0x34 C:/Freescale/CW MCU v11.0/MCU/ARM_GCC_Support/ewl/lib/armv6-m\libc.a(scanformat_fp.o)
 .debug_frame   0x00000a04      0x158 C:/Freescale/CW MCU v11.0/MCU/ARM_GCC_Support/ewl/lib/armv6-m\libc.a(ctype_aeabi.o)
 .debug_frame   0x00000b5c       0x40 C:/Freescale/CW MCU v11.0/MCU/ARM_GCC_Support/ewl/lib/armv6-m\libc.a(ungetc.o)
 .debug_frame   0x00000b9c       0x64 C:/Freescale/CW MCU v11.0/MCU/ARM_GCC_Support/ewl/lib/armv6-m\libc.a(fwrite.o)
 .debug_frame   0x00000c00       0x48 C:/Freescale/CW MCU v11.0/MCU/ARM_GCC_Support/ewl/lib/armv6-m\libc.a(ansi_files.o)
 .debug_frame   0x00000c48       0x2c C:/Freescale/CW MCU v11.0/MCU/ARM_GCC_Support/ewl/lib/armv6-m\libc.a(__getchar.o)
 .debug_frame   0x00000c74       0x84 C:/Freescale/CW MCU v11.0/MCU/ARM_GCC_Support/ewl/lib/armv6-m\libc.a(__strtold.o)
 .debug_frame   0x00000cf8       0x30 C:/Freescale/CW MCU v11.0/MCU/ARM_GCC_Support/ewl/lib/armv6-m\libc.a(__strtoul.o)
 .debug_frame   0x00000d28       0x28 C:/Freescale/CW MCU v11.0/MCU/ARM_GCC_Support/ewl/lib/armv6-m\libc.a(strchr.o)
 .debug_frame   0x00000d50       0x28 C:/Freescale/CW MCU v11.0/MCU/ARM_GCC_Support/ewl/lib/armv6-m\libc.a(memcpy.o)
 .debug_frame   0x00000d78       0x28 C:/Freescale/CW MCU v11.0/MCU/ARM_GCC_Support/ewl/lib/armv6-m\libc.a(strcpy.o)
 .debug_frame   0x00000da0       0x28 C:/Freescale/CW MCU v11.0/MCU/ARM_GCC_Support/ewl/lib/armv6-m\libc.a(strlen.o)
 .debug_frame   0x00000dc8       0x28 C:/Freescale/CW MCU v11.0/MCU/ARM_GCC_Support/ewl/lib/armv6-m\libc.a(__memrchr.o)
 .debug_frame   0x00000df0       0x28 C:/Freescale/CW MCU v11.0/MCU/ARM_GCC_Support/ewl/lib/armv6-m\libc.a(memchr.o)
 .debug_frame   0x00000e18       0x6c C:/Freescale/CW MCU v11.0/MCU/ARM_GCC_Support/ewl/lib/armv6-m\libm.a(ansi_fp.o)
 .debug_frame   0x00000e84       0x28 C:/Freescale/CW MCU v11.0/MCU/ARM_GCC_Support/ewl/lib/armv6-m\libm.a(w_pow.o)
 .debug_frame   0x00000eac       0x34 C:/Freescale/CW MCU v11.0/MCU/ARM_GCC_Support/ewl/lib/armv6-m\libm.a(e_pow.o)
 .debug_frame   0x00000ee0       0x2c C:/Freescale/CW MCU v11.0/MCU/ARM_GCC_Support/ewl/lib/armv6-m\libm.a(scalbn.o)
 .debug_frame   0x00000f0c       0x28 C:/Freescale/CW MCU v11.0/MCU/ARM_GCC_Support/ewl/lib/armv6-m\libm.a(w_sqrt.o)
 .debug_frame   0x00000f34       0xe0 C:/Freescale/CW MCU v11.0/MCU/ARM_GCC_Support/ewl/lib/armv6-m\libm.a(math_api.o)
 .debug_frame   0x00001014       0x2c C:/Freescale/CW MCU v11.0/MCU/ARM_GCC_Support/ewl/lib/armv6-m\libm.a(s_frexp.o)
 .debug_frame   0x00001040       0x30 C:/Freescale/CW MCU v11.0/MCU/ARM_GCC_Support/ewl/lib/armv6-m\libm.a(s_ldexp.o)
 .debug_frame   0x00001070       0x30 C:/Freescale/CW MCU v11.0/MCU/ARM_GCC_Support/ewl/lib/armv6-m\libm.a(e_sqrt.o)
 .debug_frame   0x000010a0       0x20 c:/freescale/cw mcu v11.0/cross_tools/arm-none-eabi-gcc-4_7_3/bin/../lib/gcc/arm-none-eabi/4.7.3/armv6-m\libgcc.a(_udivsi3.o)
 .debug_frame   0x000010c0       0x20 c:/freescale/cw mcu v11.0/cross_tools/arm-none-eabi-gcc-4_7_3/bin/../lib/gcc/arm-none-eabi/4.7.3/armv6-m\libgcc.a(_divsi3.o)
 .debug_frame   0x000010e0       0x60 c:/freescale/cw mcu v11.0/cross_tools/arm-none-eabi-gcc-4_7_3/bin/../lib/gcc/arm-none-eabi/4.7.3/armv6-m\libgcc.a(bpabi.o)
 .debug_frame   0x00001140       0x3c c:/freescale/cw mcu v11.0/cross_tools/arm-none-eabi-gcc-4_7_3/bin/../lib/gcc/arm-none-eabi/4.7.3/armv6-m\libgcc.a(adddf3.o)
 .debug_frame   0x0000117c       0x3c c:/freescale/cw mcu v11.0/cross_tools/arm-none-eabi-gcc-4_7_3/bin/../lib/gcc/arm-none-eabi/4.7.3/armv6-m\libgcc.a(divdf3.o)
 .debug_frame   0x000011b8       0x34 c:/freescale/cw mcu v11.0/cross_tools/arm-none-eabi-gcc-4_7_3/bin/../lib/gcc/arm-none-eabi/4.7.3/armv6-m\libgcc.a(eqdf2.o)
 .debug_frame   0x000011ec       0x38 c:/freescale/cw mcu v11.0/cross_tools/arm-none-eabi-gcc-4_7_3/bin/../lib/gcc/arm-none-eabi/4.7.3/armv6-m\libgcc.a(gedf2.o)
 .debug_frame   0x00001224       0x38 c:/freescale/cw mcu v11.0/cross_tools/arm-none-eabi-gcc-4_7_3/bin/../lib/gcc/arm-none-eabi/4.7.3/armv6-m\libgcc.a(ledf2.o)
 .debug_frame   0x0000125c       0x3c c:/freescale/cw mcu v11.0/cross_tools/arm-none-eabi-gcc-4_7_3/bin/../lib/gcc/arm-none-eabi/4.7.3/armv6-m\libgcc.a(muldf3.o)
 .debug_frame   0x00001298       0x38 c:/freescale/cw mcu v11.0/cross_tools/arm-none-eabi-gcc-4_7_3/bin/../lib/gcc/arm-none-eabi/4.7.3/armv6-m\libgcc.a(subdf3.o)
 .debug_frame   0x000012d0       0x2c c:/freescale/cw mcu v11.0/cross_tools/arm-none-eabi-gcc-4_7_3/bin/../lib/gcc/arm-none-eabi/4.7.3/armv6-m\libgcc.a(fixdfsi.o)