Archive member included because of file (symbol)

F:/Program Files W10/CodeWarrior_10_6/CW MCU v10.6/MCU/ARM_GCC_Support/ewl/lib/armv6-m\libc.a(printf.o)
                              ./Sources/main.o (printf)
F:/Program Files W10/CodeWarrior_10_6/CW MCU v10.6/MCU/ARM_GCC_Support/ewl/lib/armv6-m\libc.a(puts.o)
                              ./Sources/main.o (puts)
F:/Program Files W10/CodeWarrior_10_6/CW MCU v10.6/MCU/ARM_GCC_Support/ewl/lib/armv6-m\libc.a(scanf.o)
                              ./Sources/main.o (scanf)
F:/Program Files W10/CodeWarrior_10_6/CW MCU v10.6/MCU/ARM_GCC_Support/ewl/lib/armv6-m\libc.a(ungetc.o)
                              F:/Program Files W10/CodeWarrior_10_6/CW MCU v10.6/MCU/ARM_GCC_Support/ewl/lib/armv6-m\libc.a(scanf.o) (__ungetc)
F:/Program Files W10/CodeWarrior_10_6/CW MCU v10.6/MCU/ARM_GCC_Support/ewl/lib/armv6-m\libc.a(exit.o)
                              ./Project_Settings/Startup_Code/__arm_start.o (exit)
F:/Program Files W10/CodeWarrior_10_6/CW MCU v10.6/MCU/ARM_GCC_Support/ewl/lib/armv6-m\libc.a(memset.o)
                              ./Project_Settings/Startup_Code/__arm_start.o (memset)
F:/Program Files W10/CodeWarrior_10_6/CW MCU v10.6/MCU/ARM_GCC_Support/ewl/lib/armv6-m\libc.a(printformat_fp_ll.o)
                              (__pformatterFPLL)
F:/Program Files W10/CodeWarrior_10_6/CW MCU v10.6/MCU/ARM_GCC_Support/ewl/lib/armv6-m\libc.a(scanformat_fp.o)
                              (__sformatter_FP)
F:/Program Files W10/CodeWarrior_10_6/CW MCU v10.6/MCU/ARM_GCC_Support/ewl/lib/armv6-m\libc.a(ctype_aeabi.o)
                              F:/Program Files W10/CodeWarrior_10_6/CW MCU v10.6/MCU/ARM_GCC_Support/ewl/lib/armv6-m\libc.a(scanformat_fp.o) (isspace)
F:/Program Files W10/CodeWarrior_10_6/CW MCU v10.6/MCU/ARM_GCC_Support/ewl/lib/armv6-m\libc.a(__getchar.o)
                              F:/Program Files W10/CodeWarrior_10_6/CW MCU v10.6/MCU/ARM_GCC_Support/ewl/lib/armv6-m\libc.a(scanf.o) (__get_char)
F:/Program Files W10/CodeWarrior_10_6/CW MCU v10.6/MCU/ARM_GCC_Support/ewl/lib/armv6-m\libc.a(__putchar.o)
                              F:/Program Files W10/CodeWarrior_10_6/CW MCU v10.6/MCU/ARM_GCC_Support/ewl/lib/armv6-m\libc.a(puts.o) (__put_char)
F:/Program Files W10/CodeWarrior_10_6/CW MCU v10.6/MCU/ARM_GCC_Support/ewl/lib/armv6-m\libc.a(__strtold.o)
                              F:/Program Files W10/CodeWarrior_10_6/CW MCU v10.6/MCU/ARM_GCC_Support/ewl/lib/armv6-m\libc.a(scanformat_fp.o) (__strtold)
F:/Program Files W10/CodeWarrior_10_6/CW MCU v10.6/MCU/ARM_GCC_Support/ewl/lib/armv6-m\libc.a(ansi_files.o)
                              F:/Program Files W10/CodeWarrior_10_6/CW MCU v10.6/MCU/ARM_GCC_Support/ewl/lib/armv6-m\libc.a(printf.o) (__files)
F:/Program Files W10/CodeWarrior_10_6/CW MCU v10.6/MCU/ARM_GCC_Support/ewl/lib/armv6-m\libc.a(fflush.o)
                              F:/Program Files W10/CodeWarrior_10_6/CW MCU v10.6/MCU/ARM_GCC_Support/ewl/lib/armv6-m\libc.a(ansi_files.o) (fflush)
F:/Program Files W10/CodeWarrior_10_6/CW MCU v10.6/MCU/ARM_GCC_Support/ewl/lib/armv6-m\libc.a(fwrite.o)
                              F:/Program Files W10/CodeWarrior_10_6/CW MCU v10.6/MCU/ARM_GCC_Support/ewl/lib/armv6-m\libc.a(printf.o) (__FileWrite)
F:/Program Files W10/CodeWarrior_10_6/CW MCU v10.6/MCU/ARM_GCC_Support/ewl/lib/armv6-m\libc.a(vsscanf.o)
                              F:/Program Files W10/CodeWarrior_10_6/CW MCU v10.6/MCU/ARM_GCC_Support/ewl/lib/armv6-m\libc.a(__strtold.o) (__StringRead)
F:/Program Files W10/CodeWarrior_10_6/CW MCU v10.6/MCU/ARM_GCC_Support/ewl/lib/armv6-m\libc.a(__strtoul.o)
                              F:/Program Files W10/CodeWarrior_10_6/CW MCU v10.6/MCU/ARM_GCC_Support/ewl/lib/armv6-m\libc.a(scanformat_fp.o) (__strtoul)
F:/Program Files W10/CodeWarrior_10_6/CW MCU v10.6/MCU/ARM_GCC_Support/ewl/lib/armv6-m\libc.a(__filll_mem.o)
                              F:/Program Files W10/CodeWarrior_10_6/CW MCU v10.6/MCU/ARM_GCC_Support/ewl/lib/armv6-m\libc.a(memset.o) (__fill_mem)
F:/Program Files W10/CodeWarrior_10_6/CW MCU v10.6/MCU/ARM_GCC_Support/ewl/lib/armv6-m\libc.a(__memrchr.o)
                              F:/Program Files W10/CodeWarrior_10_6/CW MCU v10.6/MCU/ARM_GCC_Support/ewl/lib/armv6-m\libc.a(fwrite.o) (__memrchr)
F:/Program Files W10/CodeWarrior_10_6/CW MCU v10.6/MCU/ARM_GCC_Support/ewl/lib/armv6-m\libc.a(memchr.o)
                              F:/Program Files W10/CodeWarrior_10_6/CW MCU v10.6/MCU/ARM_GCC_Support/ewl/lib/armv6-m\libc.a(printformat_fp_ll.o) (memchr)
F:/Program Files W10/CodeWarrior_10_6/CW MCU v10.6/MCU/ARM_GCC_Support/ewl/lib/armv6-m\libc.a(memcpy.o)
                              F:/Program Files W10/CodeWarrior_10_6/CW MCU v10.6/MCU/ARM_GCC_Support/ewl/lib/armv6-m\libc.a(scanformat_fp.o) (memcpy)
F:/Program Files W10/CodeWarrior_10_6/CW MCU v10.6/MCU/ARM_GCC_Support/ewl/lib/armv6-m\libc.a(strchr.o)
[...]
Memory Configuration

Name             Origin             Length             Attributes
m_interrupts     0x00000000         0x000000c0         xr
m_text           0x00000410         0x0001fbf0         xr
m_data           0x1ffff000         0x00004000         rw
m_cfmprotrom     0x00000400         0x00000010         xr
*default*        0x00000000         0xffffffff

Linker script and memory map

LOAD ./Generated_Code/WAIT1.o
LOAD ./Generated_Code/Vectors.o
LOAD ./Generated_Code/SCL.o
LOAD ./Generated_Code/PE_LDD.o
LOAD ./Generated_Code/MOSI.o
LOAD ./Generated_Code/MISO.o
LOAD ./Generated_Code/LED.o
LOAD ./Generated_Code/IO1.o
LOAD ./Generated_Code/CsIO1.o
LOAD ./Generated_Code/Cpu.o
LOAD ./Generated_Code/CS.o
LOAD ./Project_Settings/Startup_Code/__arm_start.o
LOAD ./Project_Settings/Startup_Code/__arm_end.o
LOAD ./Sources/sa_mtb.o
LOAD ./Sources/main.o
LOAD ./Sources/Events.o
                0x000041a8                __pformatter = __pformatterFPLL
                0x00004a78                __sformatter = __sformatter_FP
START GROUP
LOAD F:/Program Files W10/CodeWarrior_10_6/CW MCU v10.6/MCU/ARM_GCC_Support/ewl/lib/armv6-m\libc.a
LOAD F:/Program Files W10/CodeWarrior_10_6/CW MCU v10.6/MCU/ARM_GCC_Support/ewl/lib/armv6-m\libm.a
LOAD f:/program files w10/codewarrior_10_6/cw mcu v10.6/cross_tools/arm-none-eabi-gcc-4_7_3/bin/../lib/gcc/arm-none-eabi/4.7.3/armv6-m\libgcc.a
LOAD F:/Program Files W10/CodeWarrior_10_6/CW MCU v10.6/MCU/ARM_GCC_Support/ewl/lib/armv6-m\librt.a
LOAD F:/Program Files W10/CodeWarrior_10_6/CW MCU v10.6/MCU/ARM_GCC_Support/ewl/lib/armv6-m\libuart.a
END GROUP
                0x20003000                _estack = 0x20003000
                0x20003000                __SP_INIT = _estack
                0x00000000                __heap_size = 0x0
                0x00000400                __stack_size = 0x400

.interrupts     0x00000000       0xc0
                0x00000000                __vector_table = .
                0x00000000                . = ALIGN (0x4)
 *(.vectortable)
 .vectortable   0x00000000       0xc0 ./Generated_Code/Vectors.o
                0x00000000                __vect_table
                0x000000c0                . = ALIGN (0x4)

.cfmprotect     0x00000400       0x10
                0x00000400                . = ALIGN (0x4)
 *(.cfmconfig)
 .cfmconfig     0x00000400       0x10 ./Generated_Code/Cpu.o
                0x00000400                _cfm
                0x00000410                . = ALIGN (0x4)

.text           0x00000410     0x75a8
                0x00000410                . = ALIGN (0x4)
 *(.text)
 .text          0x00000410       0x14 f:/program files w10/codewarrior_10_6/cw mcu v10.6/cross_tools/arm-none-eabi-gcc-4_7_3/bin/../lib/gcc/arm-none-eabi/4.7.3/armv6-m\libgcc.a(_thumb1_case_sqi.o)
                0x00000410                __gnu_thumb1_case_sqi
 .text          0x00000424       0x14 f:/program files w10/codewarrior_10_6/cw mcu v10.6/cross_tools/arm-none-eabi-gcc-4_7_3/bin/../lib/gcc/arm-none-eabi/4.7.3/armv6-m\libgcc.a(_thumb1_case_uqi.o)
                0x00000424                __gnu_thumb1_case_uqi
 .text          0x00000438       0x14 f:/program files w10/codewarrior_10_6/cw mcu v10.6/cross_tools/arm-none-eabi-gcc-4_7_3/bin/../lib/gcc/arm-none-eabi/4.7.3/armv6-m\libgcc.a(_thumb1_case_shi.o)
                0x00000438                __gnu_thumb1_case_shi
 .text          0x0000044c       0x9c f:/program files w10/codewarrior_10_6/cw mcu v10.6/cross_tools/arm-none-eabi-gcc-4_7_3/bin/../lib/gcc/arm-none-eabi/4.7.3/armv6-m\libgcc.a(_udivsi3.o)
                0x0000044c                __aeabi_uidiv
                0x0000044c                __udivsi3
                0x000004d4                __aeabi_uidivmod
 .text          0x000004e8       0xc0 f:/program files w10/codewarrior_10_6/cw mcu v10.6/cross_tools/arm-none-eabi-gcc-4_7_3/bin/../lib/gcc/arm-none-eabi/4.7.3/armv6-m\libgcc.a(_divsi3.o)
                0x000004e8                __divsi3
                0x000004e8                __aeabi_idiv
                0x00000594                __aeabi_idivmod
 .text          0x000005a8        0x4 f:/program files w10/codewarrior_10_6/cw mcu v10.6/cross_tools/arm-none-eabi-gcc-4_7_3/bin/../lib/gcc/arm-none-eabi/4.7.3/armv6-m\libgcc.a(_dvmd_tls.o)
                0x000005a8                __aeabi_idiv0
                0x000005a8                __aeabi_ldiv0
 .text          0x000005ac       0x7c f:/program files w10/codewarrior_10_6/cw mcu v10.6/cross_tools/arm-none-eabi-gcc-4_7_3/bin/../lib/gcc/arm-none-eabi/4.7.3/armv6-m\libgcc.a(_arm_cmpdf2.o)
                0x000005ac                __aeabi_cdrcmple
                0x000005bc                __aeabi_cdcmple
                0x000005bc                __aeabi_cdcmpeq
                0x000005cc                __aeabi_dcmpeq
                0x000005d8                __aeabi_dcmplt
                0x000005ec                __aeabi_dcmple
                0x00000600                __aeabi_dcmpgt
                0x00000614                __aeabi_dcmpge
 .text          0x00000628       0x40 f:/program files w10/codewarrior_10_6/cw mcu v10.6/cross_tools/arm-none-eabi-gcc-4_7_3/bin/../lib/gcc/arm-none-eabi/4.7.3/armv6-m\libgcc.a(_aeabi_uldivmod.o)
                0x00000628                __aeabi_uldivmod
 .text          0x00000668       0x74 f:/program files w10/codewarrior_10_6/cw mcu v10.6/cross_tools/arm-none-eabi-gcc-4_7_3/bin/../lib/gcc/arm-none-eabi/4.7.3/armv6-m\libgcc.a(bpabi.o)
                0x00000668                __gnu_ldivmod_helper
                0x000006a4                __gnu_uldivmod_helper
 .text          0x000006dc      0x758 f:/program files w10/codewarrior_10_6/cw mcu v10.6/cross_tools/arm-none-eabi-gcc-4_7_3/bin/../lib/gcc/arm-none-eabi/4.7.3/armv6-m\libgcc.a(adddf3.o)
                0x000006dc                __aeabi_dadd
 .text          0x00000e34      0x5b8 f:/program files w10/codewarrior_10_6/cw mcu v10.6/cross_tools/arm-none-eabi-gcc-4_7_3/bin/../lib/gcc/arm-none-eabi/4.7.3/armv6-m\libgcc.a(divdf3.o)
                0x00000e34                __aeabi_ddiv
 .text          0x000013ec       0x7c f:/program files w10/codewarrior_10_6/cw mcu v10.6/cross_tools/arm-none-eabi-gcc-4_7_3/bin/../lib/gcc/arm-none-eabi/4.7.3/armv6-m\libgcc.a(eqdf2.o)
                0x000013ec                __nedf2
                0x000013ec                __eqdf2
 .text          0x00001468       0xe8 f:/program files w10/codewarrior_10_6/cw mcu v10.6/cross_tools/arm-none-eabi-gcc-4_7_3/bin/../lib/gcc/arm-none-eabi/4.7.3/armv6-m\libgcc.a(gedf2.o)
                0x00001468                __gedf2
                0x00001468                __gtdf2
 .text          0x00001550       0xd8 f:/program files w10/codewarrior_10_6/cw mcu v10.6/cross_tools/arm-none-eabi-gcc-4_7_3/bin/../lib/gcc/arm-none-eabi/4.7.3/armv6-m\libgcc.a(ledf2.o)
                0x00001550                __ledf2
                0x00001550                __ltdf2
 .text          0x00001628      0x4e4 f:/program files w10/codewarrior_10_6/cw mcu v10.6/cross_tools/arm-none-eabi-gcc-4_7_3/bin/../lib/gcc/arm-none-eabi/4.7.3/armv6-m\libgcc.a(muldf3.o)
                0x00001628                __aeabi_dmul
 .text          0x00001b0c      0x6f8 f:/program files w10/codewarrior_10_6/cw mcu v10.6/cross_tools/arm-none-eabi-gcc-4_7_3/bin/../lib/gcc/arm-none-eabi/4.7.3/armv6-m\libgcc.a(subdf3.o)
                0x00001b0c                __aeabi_dsub
 .text          0x00002204       0x68 f:/program files w10/codewarrior_10_6/cw mcu v10.6/cross_tools/arm-none-eabi-gcc-4_7_3/bin/../lib/gcc/arm-none-eabi/4.7.3/armv6-m\libgcc.a(fixdfsi.o)
                0x00002204                __aeabi_d2iz
 .text          0x0000226c       0x74 f:/program files w10/codewarrior_10_6/cw mcu v10.6/cross_tools/arm-none-eabi-gcc-4_7_3/bin/../lib/gcc/arm-none-eabi/4.7.3/armv6-m\libgcc.a(floatsidf.o)
                0x0000226c                __aeabi_i2d
 .text          0x000022e0       0xa8 f:/program files w10/codewarrior_10_6/cw mcu v10.6/cross_tools/arm-none-eabi-gcc-4_7_3/bin/../lib/gcc/arm-none-eabi/4.7.3/armv6-m\libgcc.a(extendsfdf2.o)
                0x000022e0                __aeabi_f2d
 .text          0x00002388      0x134 f:/program files w10/codewarrior_10_6/cw mcu v10.6/cross_tools/arm-none-eabi-gcc-4_7_3/bin/../lib/gcc/arm-none-eabi/4.7.3/armv6-m\libgcc.a(truncdfsf2.o)
                0x00002388                __aeabi_d2f
 .text          0x000024bc       0x3c f:/program files w10/codewarrior_10_6/cw mcu v10.6/cross_tools/arm-none-eabi-gcc-4_7_3/bin/../lib/gcc/arm-none-eabi/4.7.3/armv6-m\libgcc.a(_clzsi2.o)
                0x000024bc                __clzsi2
 .text          0x000024f8       0x44 f:/program files w10/codewarrior_10_6/cw mcu v10.6/cross_tools/arm-none-eabi-gcc-4_7_3/bin/../lib/gcc/arm-none-eabi/4.7.3/armv6-m\libgcc.a(_muldi3.o)
                0x000024f8                __muldi3
                0x000024f8                __aeabi_lmul
 .text          0x0000253c      0x3d0 f:/program files w10/codewarrior_10_6/cw mcu v10.6/cross_tools/arm-none-eabi-gcc-4_7_3/bin/../lib/gcc/arm-none-eabi/4.7.3/armv6-m\libgcc.a(_divdi3.o)
                0x0000253c                __divdi3
 .text          0x0000290c      0x38c f:/program files w10/codewarrior_10_6/cw mcu v10.6/cross_tools/arm-none-eabi-gcc-4_7_3/bin/../lib/gcc/arm-none-eabi/4.7.3/armv6-m\libgcc.a(_udivdi3.o)
                0x0000290c                __udivdi3
 *(.text*)
 .text.WAIT1_Wait10Cycles
                0x00002c98       0x1c ./Generated_Code/WAIT1.o
                0x00002c98                WAIT1_Wait10Cycles
 .text.WAIT1_Wait100Cycles
                0x00002cb4       0x30 ./Generated_Code/WAIT1.o
                0x00002cb4                WAIT1_Wait100Cycles
 .text.WAIT1_WaitCycles
                0x00002ce4       0x2c ./Generated_Code/WAIT1.o
                0x00002ce4                WAIT1_WaitCycles
 .text.WAIT1_Waitms
                0x00002d10       0x30 ./Generated_Code/WAIT1.o
                0x00002d10                WAIT1_Waitms
 .text.SCL_Init
                0x00002d40       0x60 ./Generated_Code/SCL.o
                0x00002d40                SCL_Init
 .text.SCL_ClrVal
                0x00002da0       0x18 ./Generated_Code/SCL.o
                0x00002da0                SCL_ClrVal
 .text.SCL_SetVal
                0x00002db8       0x18 ./Generated_Code/SCL.o
                0x00002db8                SCL_SetVal
 .text.MOSI_Init
                0x00002dd0       0x60 ./Generated_Code/MOSI.o
                0x00002dd0                MOSI_Init
 .text.MOSI_PutVal
                0x00002e30       0x30 ./Generated_Code/MOSI.o
                0x00002e30                MOSI_PutVal
 .text.MOSI_ClrVal
                0x00002e60       0x18 ./Generated_Code/MOSI.o
                0x00002e60                MOSI_ClrVal
 .text.MOSI_SetVal
                0x00002e78       0x18 ./Generated_Code/MOSI.o
                0x00002e78                MOSI_SetVal
 .text.MISO_Init
                0x00002e90       0x54 ./Generated_Code/MISO.o
                0x00002e90                MISO_Init
 .text.MISO_GetVal
                0x00002ee4       0x28 ./Generated_Code/MISO.o
                0x00002ee4                MISO_GetVal
 .text.LED_Init
                0x00002f0c       0x64 ./Generated_Code/LED.o
                0x00002f0c                LED_Init
 .text.LED_ClrVal
                0x00002f70       0x1c ./Generated_Code/LED.o
                0x00002f70                LED_ClrVal
 .text.LED_SetVal
                0x00002f8c       0x1c ./Generated_Code/LED.o
                0x00002f8c                LED_SetVal
 .text.IO1_Init
                0x00002fa8      0x160 ./Generated_Code/IO1.o
                0x00002fa8                IO1_Init
 .text.__read_console
                0x00003108       0x8c ./Generated_Code/CsIO1.o
                0x00003108                __read_console
 .text.__write_console
                0x00003194       0x7c ./Generated_Code/CsIO1.o
                0x00003194                __write_console
 .text.__close_console
                0x00003210       0x14 ./Generated_Code/CsIO1.o
                0x00003210                __close_console
 .text.Cpu_INT_NMIInterrupt
                0x00003224        0xc ./Generated_Code/Cpu.o
                0x00003224                Cpu_INT_NMIInterrupt
 .text.Cpu_Interrupt
                0x00003230        0xc ./Generated_Code/Cpu.o
                0x00003230                Cpu_Interrupt
 .text.__init_hardware
                0x0000323c      0x110 ./Generated_Code/Cpu.o
                0x0000323c                __init_hardware
 .text.PE_low_level_init
                0x0000334c       0xd4 ./Generated_Code/Cpu.o
                0x0000334c                PE_low_level_init
 .text.CS_Init  0x00003420       0x60 ./Generated_Code/CS.o
                0x00003420                CS_Init
 .text.CS_ClrVal
                0x00003480       0x18 ./Generated_Code/CS.o
                0x00003480                CS_ClrVal
 .text.CS_SetVal
                0x00003498       0x18 ./Generated_Code/CS.o
                0x00003498                CS_SetVal
 .text.zero_fill_bss
                0x000034b0       0x24 ./Project_Settings/Startup_Code/__arm_start.o
 .text.__thumb_startup
                0x000034d4       0x30 ./Project_Settings/Startup_Code/__arm_start.o
                0x000034d4                __thumb_startup
 .text._ExitProcess
                0x00003504        0xc ./Project_Settings/Startup_Code/__arm_end.o
                0x00003504                _ExitProcess
 .text.SPI_write_byte
                0x00003510      0x304 ./Sources/main.o
                0x00003510                SPI_write_byte
 .text.SPI_read_byte
                0x00003814      0x1dc ./Sources/main.o
                0x00003814                SPI_read_byte
 .text.main     0x000039f0      0x2d8 ./Sources/main.o
                0x000039f0                main
 .text.Cpu_OnNMIINT
                0x00003cc8        0x8 ./Sources/Events.o
                0x00003cc8                Cpu_OnNMIINT
 .text.printf   0x00003cd0       0x28 F:/Program Files W10/CodeWarrior_10_6/CW MCU v10.6/MCU/ARM_GCC_Support/ewl/lib/armv6-m\libc.a(printf.o)
                0x00003cd0                printf
 .text.puts     0x00003cf8       0x54 F:/Program Files W10/CodeWarrior_10_6/CW MCU v10.6/MCU/ARM_GCC_Support/ewl/lib/armv6-m\libc.a(puts.o)
                0x00003cf8                puts
 .text.__FileRead
                0x00003d4c       0x4e F:/Program Files W10/CodeWarrior_10_6/CW MCU v10.6/MCU/ARM_GCC_Support/ewl/lib/armv6-m\libc.a(scanf.o)
                0x00003d4c                __FileRead
 *fill*         0x00003d9a        0x2 00
 .text.scanf    0x00003d9c       0x28 F:/Program Files W10/CodeWarrior_10_6/CW MCU v10.6/MCU/ARM_GCC_Support/ewl/lib/armv6-m\libc.a(scanf.o)
                0x00003d9c                scanf
 .text.__ungetc
                0x00003dc4       0x36 F:/Program Files W10/CodeWarrior_10_6/CW MCU v10.6/MCU/ARM_GCC_Support/ewl/lib/armv6-m\libc.a(ungetc.o)
                0x00003dc4                __ungetc
 *fill*         0x00003dfa        0x2 00
 .text.exit     0x00003dfc       0x38 F:/Program Files W10/CodeWarrior_10_6/CW MCU v10.6/MCU/ARM_GCC_Support/ewl/lib/armv6-m\libc.a(exit.o)
                0x00003dfc                exit
 .text.memset   0x00003e34        0xc F:/Program Files W10/CodeWarrior_10_6/CW MCU v10.6/MCU/ARM_GCC_Support/ewl/lib/armv6-m\libc.a(memset.o)
                0x00003e34                memset
 .text.long2str.isra.0
                0x00003e40      0x19c F:/Program Files W10/CodeWarrior_10_6/CW MCU v10.6/MCU/ARM_GCC_Support/ewl/lib/armv6-m\libc.a(printformat_fp_ll.o)
 .text.longlong2str.isra.1
                0x00003fdc      0x1c8 F:/Program Files W10/CodeWarrior_10_6/CW MCU v10.6/MCU/ARM_GCC_Support/ewl/lib/armv6-m\libc.a(printformat_fp_ll.o)
 *fill*         0x000041a4        0x4 00
 .text.__pformatterFPLL
                0x000041a8      0x8d0 F:/Program Files W10/CodeWarrior_10_6/CW MCU v10.6/MCU/ARM_GCC_Support/ewl/lib/armv6-m\libc.a(printformat_fp_ll.o)
                0x000041a8                __pformatterFPLL
 .text.__sformatter_FP
                0x00004a78      0x740 F:/Program Files W10/CodeWarrior_10_6/CW MCU v10.6/MCU/ARM_GCC_Support/ewl/lib/armv6-m\libc.a(scanformat_fp.o)
                0x00004a78                __sformatter_FP
 .text.isalpha  0x000051b8       0x20 F:/Program Files W10/CodeWarrior_10_6/CW MCU v10.6/MCU/ARM_GCC_Support/ewl/lib/armv6-m\libc.a(ctype_aeabi.o)
                0x000051b8                isalpha
 .text.isspace  0x000051d8       0x20 F:/Program Files W10/CodeWarrior_10_6/CW MCU v10.6/MCU/ARM_GCC_Support/ewl/lib/armv6-m\libc.a(ctype_aeabi.o)
                0x000051d8                isspace
 .text.isupper  0x000051f8       0x20 F:/Program Files W10/CodeWarrior_10_6/CW MCU v10.6/MCU/ARM_GCC_Support/ewl/lib/armv6-m\libc.a(ctype_aeabi.o)
                0x000051f8                isupper
 .text.isxdigit
                0x00005218       0x20 F:/Program Files W10/CodeWarrior_10_6/CW MCU v10.6/MCU/ARM_GCC_Support/ewl/lib/armv6-m\libc.a(ctype_aeabi.o)
                0x00005218                isxdigit
 .text.toupper  0x00005238        0xe F:/Program Files W10/CodeWarrior_10_6/CW MCU v10.6/MCU/ARM_GCC_Support/ewl/lib/armv6-m\libc.a(ctype_aeabi.o)
                0x00005238                toupper
 .text.__get_char
                0x00005246       0x82 F:/Program Files W10/CodeWarrior_10_6/CW MCU v10.6/MCU/ARM_GCC_Support/ewl/lib/armv6-m\libc.a(__getchar.o)
                0x00005246                __get_char
 .text.__put_char
                0x000052c8       0x90 F:/Program Files W10/CodeWarrior_10_6/CW MCU v10.6/MCU/ARM_GCC_Support/ewl/lib/armv6-m\libc.a(__putchar.o)
                0x000052c8                __put_char
 .text.__strtold
                0x00005358      0x6d0 F:/Program Files W10/CodeWarrior_10_6/CW MCU v10.6/MCU/ARM_GCC_Support/ewl/lib/armv6-m\libc.a(__strtold.o)
                0x00005358                __strtold
 .text.__fwrite
                0x00005a28      0x160 F:/Program Files W10/CodeWarrior_10_6/CW MCU v10.6/MCU/ARM_GCC_Support/ewl/lib/armv6-m\libc.a(fwrite.o)
                0x00005a28                __fwrite
 .text.__FileWrite
                0x00005b88       0x1c F:/Program Files W10/CodeWarrior_10_6/CW MCU v10.6/MCU/ARM_GCC_Support/ewl/lib/armv6-m\libc.a(fwrite.o)
                0x00005b88                __FileWrite
 .text.__strtoul
                0x00005ba4      0x1ce F:/Program Files W10/CodeWarrior_10_6/CW MCU v10.6/MCU/ARM_GCC_Support/ewl/lib/armv6-m\libc.a(__strtoul.o)
                0x00005ba4                __strtoul
 .text.__fill_mem
                0x00005d72       0x7e F:/Program Files W10/CodeWarrior_10_6/CW MCU v10.6/MCU/ARM_GCC_Support/ewl/lib/armv6-m\libc.a(__filll_mem.o)
                0x00005d72                __fill_mem
 .text.__memrchr
                0x00005df0       0x1e F:/Program Files W10/CodeWarrior_10_6/CW MCU v10.6/MCU/ARM_GCC_Support/ewl/lib/armv6-m\libc.a(__memrchr.o)
                0x00005df0                __memrchr
 .text.memchr   0x00005e0e       0x1a F:/Program Files W10/CodeWarrior_10_6/CW MCU v10.6/MCU/ARM_GCC_Support/ewl/lib/armv6-m\libc.a(memchr.o)
                0x00005e0e                memchr
 .text.memcpy   0x00005e28       0x12 F:/Program Files W10/CodeWarrior_10_6/CW MCU v10.6/MCU/ARM_GCC_Support/ewl/lib/armv6-m\libc.a(memcpy.o)
                0x00005e28                memcpy
 .text.strchr   0x00005e3a       0x1e F:/Program Files W10/CodeWarrior_10_6/CW MCU v10.6/MCU/ARM_GCC_Support/ewl/lib/armv6-m\libc.a(strchr.o)
                0x00005e3a                strchr
 .text.strcpy   0x00005e58       0x10 F:/Program Files W10/CodeWarrior_10_6/CW MCU v10.6/MCU/ARM_GCC_Support/ewl/lib/armv6-m\libc.a(strcpy.o)
                0x00005e58                strcpy
 .text.strlen   0x00005e68       0x10 F:/Program Files W10/CodeWarrior_10_6/CW MCU v10.6/MCU/ARM_GCC_Support/ewl/lib/armv6-m\libc.a(strlen.o)
                0x00005e68                strlen
 .text.__prep_buffer
                0x00005e78       0x14 F:/Program Files W10/CodeWarrior_10_6/CW MCU v10.6/MCU/ARM_GCC_Support/ewl/lib/armv6-m\libc.a(__buffer_io.o)
                0x00005e78                __prep_buffer
 .text.__load_buffer
                0x00005e8c       0x44 F:/Program Files W10/CodeWarrior_10_6/CW MCU v10.6/MCU/ARM_GCC_Support/ewl/lib/armv6-m\libc.a(__buffer_io.o)
                0x00005e8c                __load_buffer
 .text.__flush_buffer
                0x00005ed0       0x38 F:/Program Files W10/CodeWarrior_10_6/CW MCU v10.6/MCU/ARM_GCC_Support/ewl/lib/armv6-m\libc.a(__buffer_io.o)
                0x00005ed0                __flush_buffer
 .text.__num2dec
                0x00005f08      0x250 F:/Program Files W10/CodeWarrior_10_6/CW MCU v10.6/MCU/ARM_GCC_Support/ewl/lib/armv6-m\libm.a(ansi_fp.o)
                0x00005f08                __num2dec
 .text.__dec2num
                0x00006158      0x168 F:/Program Files W10/CodeWarrior_10_6/CW MCU v10.6/MCU/ARM_GCC_Support/ewl/lib/armv6-m\libm.a(ansi_fp.o)
                0x00006158                __dec2num
 .text.__round_decimal
                0x000062c0       0x98 F:/Program Files W10/CodeWarrior_10_6/CW MCU v10.6/MCU/ARM_GCC_Support/ewl/lib/armv6-m\libm.a(ansi_fp.o)
                0x000062c0                __round_decimal
 .text.__signbitd
                0x00006358        0x4 F:/Program Files W10/CodeWarrior_10_6/CW MCU v10.6/MCU/ARM_GCC_Support/ewl/lib/armv6-m\libm.a(math_api.o)
                0x00006358                __signbitd
 .text.__fpclassifyd
                0x0000635c       0x38 F:/Program Files W10/CodeWarrior_10_6/CW MCU v10.6/MCU/ARM_GCC_Support/ewl/lib/armv6-m\libm.a(math_api.o)
                0x0000635c                __fpclassifyd
 *fill*         0x00006394        0x4 00
 .text.frexp    0x00006398       0x80 F:/Program Files W10/CodeWarrior_10_6/CW MCU v10.6/MCU/ARM_GCC_Support/ewl/lib/armv6-m\libm.a(s_frexp.o)
                0x00006398                frexp
 .text.pow      0x00006418        0x8 F:/Program Files W10/CodeWarrior_10_6/CW MCU v10.6/MCU/ARM_GCC_Support/ewl/lib/armv6-m\libm.a(w_pow.o)
                0x00006418                pow
 .text.__ieee754_pow
                0x00006420      0xb70 F:/Program Files W10/CodeWarrior_10_6/CW MCU v10.6/MCU/ARM_GCC_Support/ewl/lib/armv6-m\libm.a(e_pow.o)
                0x00006420                __ieee754_pow
 .text.scalbn   0x00006f90       0x14 F:/Program Files W10/CodeWarrior_10_6/CW MCU v10.6/MCU/ARM_GCC_Support/ewl/lib/armv6-m\libm.a(scalbn.o)
                0x00006f90                scalbn
 .text.sqrt     0x00006fa4        0x8 F:/Program Files W10/CodeWarrior_10_6/CW MCU v10.6/MCU/ARM_GCC_Support/ewl/lib/armv6-m\libm.a(w_sqrt.o)
                0x00006fa4                sqrt
 .text.__ieee754_sqrt
                0x00006fac      0x17c F:/Program Files W10/CodeWarrior_10_6/CW MCU v10.6/MCU/ARM_GCC_Support/ewl/lib/armv6-m\libm.a(e_sqrt.o)
                0x00006fac                __ieee754_sqrt
 .text.ldexp    0x00007128      0x148 F:/Program Files W10/CodeWarrior_10_6/CW MCU v10.6/MCU/ARM_GCC_Support/ewl/lib/armv6-m\libm.a(s_ldexp.o)
                0x00007128                ldexp
 .text.__init_cpp
                0x00007270       0x48 F:/Program Files W10/CodeWarrior_10_6/CW MCU v10.6/MCU/ARM_GCC_Support/ewl/lib/armv6-m\librt.a(gcc_ctor_dtor.o)
                0x00007270                __init_cpp
 .text.__fini_cpp
                0x000072b8       0x34 F:/Program Files W10/CodeWarrior_10_6/CW MCU v10.6/MCU/ARM_GCC_Support/ewl/lib/armv6-m\librt.a(gcc_ctor_dtor.o)
                0x000072b8                __fini_cpp
 .text.__copy_rom_section
                0x000072ec       0x48 F:/Program Files W10/CodeWarrior_10_6/CW MCU v10.6/MCU/ARM_GCC_Support/ewl/lib/armv6-m\librt.a(ROMCopy.o)
                0x000072ec                __copy_rom_section
 .text.__copy_rom_sections_to_ram
                0x00007334       0x34 F:/Program Files W10/CodeWarrior_10_6/CW MCU v10.6/MCU/ARM_GCC_Support/ewl/lib/armv6-m\librt.a(ROMCopy.o)
                0x00007334                __copy_rom_sections_to_ram
 .text.__destroy_global_chain
                0x00007368       0x1c F:/Program Files W10/CodeWarrior_10_6/CW MCU v10.6/MCU/ARM_GCC_Support/ewl/lib/armv6-m\librt.a(__arm_eabi_init.o)
                0x00007368                __destroy_global_chain
 .text.__init_registers
                0x00007384       0x1c F:/Program Files W10/CodeWarrior_10_6/CW MCU v10.6/MCU/ARM_GCC_Support/ewl/lib/armv6-m\librt.a(__arm_eabi_init.o)
                0x00007384                __init_registers
 .text.__init_user
                0x000073a0        0x4 F:/Program Files W10/CodeWarrior_10_6/CW MCU v10.6/MCU/ARM_GCC_Support/ewl/lib/armv6-m\librt.a(__arm_eabi_init.o)
                0x000073a0                __init_user
 *(.rodata)
 .rodata        0x000073a4      0x3a0 ./Sources/main.o
 .rodata        0x00007744       0x20 F:/Program Files W10/CodeWarrior_10_6/CW MCU v10.6/MCU/ARM_GCC_Support/ewl/lib/armv6-m\libc.a(__strtold.o)
 .rodata        0x00007764       0x40 f:/program files w10/codewarrior_10_6/cw mcu v10.6/cross_tools/arm-none-eabi-gcc-4_7_3/bin/../lib/gcc/arm-none-eabi/4.7.3/armv6-m\libgcc.a(divdf3.o)
 .rodata        0x000077a4       0x40 f:/program files w10/codewarrior_10_6/cw mcu v10.6/cross_tools/arm-none-eabi-gcc-4_7_3/bin/../lib/gcc/arm-none-eabi/4.7.3/armv6-m\libgcc.a(muldf3.o)
 *(.rodata*)
 .rodata.str1.1
                0x000077e4       0x14 F:/Program Files W10/CodeWarrior_10_6/CW MCU v10.6/MCU/ARM_GCC_Support/ewl/lib/armv6-m\libc.a(printformat_fp_ll.o)
                                 0x25 (size before relaxing)
 .rodata.__aeabi_ctype_table_C
                0x000077f8      0x101 F:/Program Files W10/CodeWarrior_10_6/CW MCU v10.6/MCU/ARM_GCC_Support/ewl/lib/armv6-m\libc.a(ctype_aeabi.o)
                0x000077f8                __aeabi_ctype_table_C
 *fill*         0x000078f9        0x7 00
 .rodata.digit_values
                0x00007900       0x40 F:/Program Files W10/CodeWarrior_10_6/CW MCU v10.6/MCU/ARM_GCC_Support/ewl/lib/armv6-m\libm.a(ansi_fp.o)
 .rodata.bit_values
                0x00007940       0x48 F:/Program Files W10/CodeWarrior_10_6/CW MCU v10.6/MCU/ARM_GCC_Support/ewl/lib/armv6-m\libm.a(ansi_fp.o)
 .rodata.dp_h   0x00007988       0x10 F:/Program Files W10/CodeWarrior_10_6/CW MCU v10.6/MCU/ARM_GCC_Support/ewl/lib/armv6-m\libm.a(e_pow.o)
 .rodata.dp_l   0x00007998       0x10 F:/Program Files W10/CodeWarrior_10_6/CW MCU v10.6/MCU/ARM_GCC_Support/ewl/lib/armv6-m\libm.a(e_pow.o)
 .rodata.bp     0x000079a8       0x10 F:/Program Files W10/CodeWarrior_10_6/CW MCU v10.6/MCU/ARM_GCC_Support/ewl/lib/armv6-m\libm.a(e_pow.o)
 *(.glue_7)
 .glue_7        0x00000000        0x0 linker stubs
 *(.glue_7t)
 .glue_7t       0x00000000        0x0 linker stubs
 *(.eh_frame)
 *(.init)
 *(.fini)
                0x000079b8                . = ALIGN (0x4)
                0x000079b8                _etext = .

.vfp11_veneer   0x000079b8        0x0
 .vfp11_veneer  0x00000000        0x0 linker stubs

.v4_bx          0x000079b8        0x0
 .v4_bx         0x00000000        0x0 linker stubs

.iplt           0x000079b8        0x0
 .iplt          0x00000000        0x0 ./Generated_Code/WAIT1.o

.ARM.extab
 *(.ARM.extab* .gnu.linkonce.armextab.*)

.ARM            0x000079b8        0x8
                0x000079b8                __exidx_start = .
 *(.ARM.exidx*)
 .ARM.exidx     0x000079b8        0x8 f:/program files w10/codewarrior_10_6/cw mcu v10.6/cross_tools/arm-none-eabi-gcc-4_7_3/bin/../lib/gcc/arm-none-eabi/4.7.3/armv6-m\libgcc.a(_divdi3.o)
 .ARM.exidx     0x000079c0        0x0 f:/program files w10/codewarrior_10_6/cw mcu v10.6/cross_tools/arm-none-eabi-gcc-4_7_3/bin/../lib/gcc/arm-none-eabi/4.7.3/armv6-m\libgcc.a(_udivdi3.o)
                                  0x8 (size before relaxing)
                0x000079c0                __exidx_end = .

.rel.dyn        0x000079c0        0x0
 .rel.iplt      0x00000000        0x0 ./Generated_Code/WAIT1.o

.ctors          0x000079c0        0x0
                0x000079c0                __CTOR_LIST__ = .
 *crtbegin.o(.ctors)
 *(EXCLUDE_FILE(*crtend.o) .ctors)
 *(SORT(.ctors.*))
 *(.ctors)
                0x000079c0                __CTOR_END__ = .

.dtors          0x000079c0        0x0
                0x000079c0                __DTOR_LIST__ = .
 *crtbegin.o(.dtors)
 *(EXCLUDE_FILE(*crtend.o) .dtors)
 *(SORT(.dtors.*))
 *(.dtors)
                0x000079c0                __DTOR_END__ = .

.preinit_array  0x000079c0        0x0
                0x000079c0                PROVIDE (__preinit_array_start, .)
 *(.preinit_array*)
                0x000079c0                PROVIDE (__preinit_array_end, .)

.init_array     0x000079c0        0x0
                0x000079c0                PROVIDE (__init_array_start, .)
 *(SORT(.init_array.*))
 *(.init_array*)
                0x000079c0                PROVIDE (__init_array_end, .)

.fini_array     0x000079c0        0x0
                0x000079c0                PROVIDE (__fini_array_start, .)
 *(SORT(.fini_array.*))
 *(.fini_array*)
                0x000079c0                PROVIDE (__fini_array_end, .)
                0x000079c0                ___ROM_AT = .

.mtb            0x1ffff000        0x0
                0x1ffff000                . = ALIGN (0x8)
                0x1ffff000                _mtb_start = .
 *(.mtb_buf)
                0x1ffff000                . = ALIGN (0x8)
                0x1ffff000                _mtb_end = .

.data           0x1ffff000       0xe8 load address 0x000079c0
                0x1ffff000                . = ALIGN (0x4)
                0x1ffff000                _sdata = .
 *(.data)
 *(.data*)
 .data.__files  0x1ffff000       0xcc F:/Program Files W10/CodeWarrior_10_6/CW MCU v10.6/MCU/ARM_GCC_Support/ewl/lib/armv6-m\libc.a(ansi_files.o)
                0x1ffff000                __files
 .data.__double_nan
                0x1ffff0cc        0x8 F:/Program Files W10/CodeWarrior_10_6/CW MCU v10.6/MCU/ARM_GCC_Support/ewl/lib/armv6-m\libm.a(float.o)
                0x1ffff0cc                __double_nan
 .data.__double_huge
                0x1ffff0d4        0x8 F:/Program Files W10/CodeWarrior_10_6/CW MCU v10.6/MCU/ARM_GCC_Support/ewl/lib/armv6-m\libm.a(float.o)
                0x1ffff0d4                __double_huge
 .data.__float_nan
                0x1ffff0dc        0x4 F:/Program Files W10/CodeWarrior_10_6/CW MCU v10.6/MCU/ARM_GCC_Support/ewl/lib/armv6-m\libm.a(float.o)
                0x1ffff0dc                __float_nan
 .data.__extended_max
                0x1ffff0e0        0x8 F:/Program Files W10/CodeWarrior_10_6/CW MCU v10.6/MCU/ARM_GCC_Support/ewl/lib/armv6-m\libm.a(float.o)
                0x1ffff0e0                __extended_max
                0x1ffff0e8                . = ALIGN (0x4)
                0x1ffff0e8                _edata = .
                0x000000e8                ___data_size = (_edata - _sdata)

.igot.plt       0x1ffff0e8        0x0 load address 0x00007aa8
 .igot.plt      0x00000000        0x0 ./Generated_Code/WAIT1.o
                0x1ffff0e8                . = ALIGN (0x4)

.bss            0x1ffff0e8      0x124 load address 0x00007aa8
                0x1ffff0e8                __START_BSS = .
                0x1ffff0e8                PROVIDE (__bss_start__, __START_BSS)
 *(.bss)
 *(.bss*)
 .bss.DeviceDataPrv__DEFAULT_RTOS_ALLOC
                0x1ffff0e8        0x4 ./Generated_Code/SCL.o
 .bss.PE_LDD_DeviceDataList
                0x1ffff0ec       0x18 ./Generated_Code/PE_LDD.o
                0x1ffff0ec                PE_LDD_DeviceDataList
 .bss.DeviceDataPrv__DEFAULT_RTOS_ALLOC
                0x1ffff104        0x4 ./Generated_Code/MOSI.o
 .bss.DeviceDataPrv__DEFAULT_RTOS_ALLOC
                0x1ffff108        0x4 ./Generated_Code/MISO.o
 .bss.DeviceDataPrv__DEFAULT_RTOS_ALLOC
                0x1ffff10c        0x4 ./Generated_Code/LED.o
 .bss.DeviceDataPrv__DEFAULT_RTOS_ALLOC
                0x1ffff110       0x18 ./Generated_Code/IO1.o
 .bss.DeviceDataPrv__DEFAULT_RTOS_ALLOC
                0x1ffff128        0x4 ./Generated_Code/CS.o
 .bss.argv      0x1ffff12c        0x4 ./Project_Settings/Startup_Code/__arm_start.o
 .bss.__stdio_exit
                0x1ffff130        0x4 F:/Program Files W10/CodeWarrior_10_6/CW MCU v10.6/MCU/ARM_GCC_Support/ewl/lib/armv6-m\libc.a(exit.o)
                0x1ffff130                __stdio_exit
 .bss.__console_exit
                0x1ffff134        0x4 F:/Program Files W10/CodeWarrior_10_6/CW MCU v10.6/MCU/ARM_GCC_Support/ewl/lib/armv6-m\libc.a(exit.o)
                0x1ffff134                __console_exit
 .bss.__S_romp  0x1ffff138        0xc F:/Program Files W10/CodeWarrior_10_6/CW MCU v10.6/MCU/ARM_GCC_Support/ewl/lib/armv6-m\librt.a(ROMCopy.o)
 .bss.__global_destructor_chain
                0x1ffff144        0x4 F:/Program Files W10/CodeWarrior_10_6/CW MCU v10.6/MCU/ARM_GCC_Support/ewl/lib/armv6-m\librt.a(__arm_eabi_init.o)
                0x1ffff144                __global_destructor_chain
 *(COMMON)
 COMMON         0x1ffff148       0xc0 F:/Program Files W10/CodeWarrior_10_6/CW MCU v10.6/MCU/ARM_GCC_Support/ewl/lib/armv6-m\libc.a(ansi_files.o)
                0x1ffff148                stdout_buff
                0x1ffff188                stdin_buff
                0x1ffff1c8                stderr_buff
 COMMON         0x1ffff208        0x4 F:/Program Files W10/CodeWarrior_10_6/CW MCU v10.6/MCU/ARM_GCC_Support/ewl/lib/armv6-m\libc.a(errno.o)
                0x1ffff208                errno
                0x1ffff20c                . = ALIGN (0x4)
                0x1ffff20c                __END_BSS = .
                0x1ffff20c                PROVIDE (__bss_end__, __END_BSS)
                0x00007aa8                _romp_at = (___ROM_AT + SIZEOF (.data))

.romp           0x1ffff20c       0x18 load address 0x00007aa8
                0x00007aa8                __S_romp = _romp_at
                0x1ffff20c        0x4 LONG 0x79c0 ___ROM_AT
                0x1ffff210        0x4 LONG 0x1ffff000 _sdata
                0x1ffff214        0x4 LONG 0xe8 ___data_size
                0x1ffff218        0x4 LONG 0x0
                0x1ffff21c        0x4 LONG 0x0
                0x1ffff220        0x4 LONG 0x0

._user_heap_stack
                0x1ffff224      0x400 load address 0x00007ac0
                0x1ffff224                . = ALIGN (0x4)
                0x1ffff224                PROVIDE (end, .)
                0x1ffff224                PROVIDE (_end, .)
                0x1ffff224                __heap_addr = .
                0x1ffff224                . = (. + __heap_size)
                0x1ffff624                . = (. + __stack_size)
 *fill*         0x1ffff224      0x400 00
                0x1ffff624                . = ALIGN (0x4)

.ARM.attributes
                0x00000000       0x31
 *(.ARM.attributes)
 .ARM.attributes
                0x00000000       0x31 ./Generated_Code/WAIT1.o
 .ARM.attributes
                0x00000031       0x31 ./Generated_Code/Vectors.o
 .ARM.attributes
                0x00000062       0x31 ./Generated_Code/SCL.o
 .ARM.attributes
                0x00000093       0x31 ./Generated_Code/PE_LDD.o
 .ARM.attributes
                0x000000c4       0x31 ./Generated_Code/MOSI.o
 .ARM.attributes
                0x000000f5       0x31 ./Generated_Code/MISO.o
 .ARM.attributes
                0x00000126       0x31 ./Generated_Code/LED.o
 .ARM.attributes
                0x00000157       0x31 ./Generated_Code/IO1.o
 .ARM.attributes
                0x00000188       0x31 ./Generated_Code/CsIO1.o
 .ARM.attributes
                0x000001b9       0x31 ./Generated_Code/Cpu.o
 .ARM.attributes
                0x000001ea       0x31 ./Generated_Code/CS.o
 .ARM.attributes
                0x0000021b       0x31 ./Project_Settings/Startup_Code/__arm_start.o
 .ARM.attributes
                0x0000024c       0x31 ./Project_Settings/Startup_Code/__arm_end.o
 .ARM.attributes
                0x0000027d       0x31 ./Sources/main.o
 .ARM.attributes
                0x000002ae       0x31 ./Sources/Events.o
 .ARM.attributes
                0x000002df       0x31 F:/Program Files W10/CodeWarrior_10_6/CW MCU v10.6/MCU/ARM_GCC_Support/ewl/lib/armv6-m\libc.a(printf.o)
 .ARM.attributes
                0x00000310       0x31 F:/Program Files W10/CodeWarrior_10_6/CW MCU v10.6/MCU/ARM_GCC_Support/ewl/lib/armv6-m\libc.a(puts.o)
 .ARM.attributes
                0x00000341       0x31 F:/Program Files W10/CodeWarrior_10_6/CW MCU v10.6/MCU/ARM_GCC_Support/ewl/lib/armv6-m\libc.a(scanf.o)
 .ARM.attributes
                0x00000372       0x31 F:/Program Files W10/CodeWarrior_10_6/CW MCU v10.6/MCU/ARM_GCC_Support/ewl/lib/armv6-m\libc.a(ungetc.o)
 .ARM.attributes
                0x000003a3       0x31 F:/Program Files W10/CodeWarrior_10_6/CW MCU v10.6/MCU/ARM_GCC_Support/ewl/lib/armv6-m\libc.a(exit.o)
 .ARM.attributes
                0x000003d4       0x31 F:/Program Files W10/CodeWarrior_10_6/CW MCU v10.6/MCU/ARM_GCC_Support/ewl/lib/armv6-m\libc.a(memset.o)
 .ARM.attributes
                0x00000405       0x31 F:/Program Files W10/CodeWarrior_10_6/CW MCU v10.6/MCU/ARM_GCC_Support/ewl/lib/armv6-m\libc.a(printformat_fp_ll.o)
 .ARM.attributes
                0x00000436       0x31 F:/Program Files W10/CodeWarrior_10_6/CW MCU v10.6/MCU/ARM_GCC_Support/ewl/lib/armv6-m\libc.a(scanformat_fp.o)
 .ARM.attributes
                0x00000467       0x31 F:/Program Files W10/CodeWarrior_10_6/CW MCU v10.6/MCU/ARM_GCC_Support/ewl/lib/armv6-m\libc.a(ctype_aeabi.o)
 .ARM.attributes
                0x00000498       0x31 F:/Program Files W10/CodeWarrior_10_6/CW MCU v10.6/MCU/ARM_GCC_Support/ewl/lib/armv6-m\libc.a(__getchar.o)
 .ARM.attributes
                0x000004c9       0x31 F:/Program Files W10/CodeWarrior_10_6/CW MCU v10.6/MCU/ARM_GCC_Support/ewl/lib/armv6-m\libc.a(__putchar.o)
 .ARM.attributes
                0x000004fa       0x31 F:/Program Files W10/CodeWarrior_10_6/CW MCU v10.6/MCU/ARM_GCC_Support/ewl/lib/armv6-m\libc.a(__strtold.o)
 .ARM.attributes
                0x0000052b       0x31 F:/Program Files W10/CodeWarrior_10_6/CW MCU v10.6/MCU/ARM_GCC_Support/ewl/lib/armv6-m\libc.a(ansi_files.o)
 .ARM.attributes
                0x0000055c       0x31 F:/Program Files W10/CodeWarrior_10_6/CW MCU v10.6/MCU/ARM_GCC_Support/ewl/lib/armv6-m\libc.a(fwrite.o)
 .ARM.attributes
                0x0000058d       0x31 F:/Program Files W10/CodeWarrior_10_6/CW MCU v10.6/MCU/ARM_GCC_Support/ewl/lib/armv6-m\libc.a(__strtoul.o)
 .ARM.attributes
                0x000005be       0x31 F:/Program Files W10/CodeWarrior_10_6/CW MCU v10.6/MCU/ARM_GCC_Support/ewl/lib/armv6-m\libc.a(__filll_mem.o)
 .ARM.attributes
                0x000005ef       0x31 F:/Program Files W10/CodeWarrior_10_6/CW MCU v10.6/MCU/ARM_GCC_Support/ewl/lib/armv6-m\libc.a(__memrchr.o)
 .ARM.attributes
                0x00000620       0x31 F:/Program Files W10/CodeWarrior_10_6/CW MCU v10.6/MCU/ARM_GCC_Support/ewl/lib/armv6-m\libc.a(memchr.o)
 .ARM.attributes
                0x00000651       0x31 F:/Program Files W10/CodeWarrior_10_6/CW MCU v10.6/MCU/ARM_GCC_Support/ewl/lib/armv6-m\libc.a(memcpy.o)
 .ARM.attributes
                0x00000682       0x31 F:/Program Files W10/CodeWarrior_10_6/CW MCU v10.6/MCU/ARM_GCC_Support/ewl/lib/armv6-m\libc.a(strchr.o)
 .ARM.attributes
                0x000006b3       0x31 F:/Program Files W10/CodeWarrior_10_6/CW MCU v10.6/MCU/ARM_GCC_Support/ewl/lib/armv6-m\libc.a(strcpy.o)
 .ARM.attributes
                0x000006e4       0x31 F:/Program Files W10/CodeWarrior_10_6/CW MCU v10.6/MCU/ARM_GCC_Support/ewl/lib/armv6-m\libc.a(strlen.o)
 .ARM.attributes
                0x00000715       0x31 F:/Program Files W10/CodeWarrior_10_6/CW MCU v10.6/MCU/ARM_GCC_Support/ewl/lib/armv6-m\libc.a(errno.o)
 .ARM.attributes
                0x00000746       0x31 F:/Program Files W10/CodeWarrior_10_6/CW MCU v10.6/MCU/ARM_GCC_Support/ewl/lib/armv6-m\libc.a(__buffer_io.o)
 .ARM.attributes
                0x00000777       0x31 F:/Program Files W10/CodeWarrior_10_6/CW MCU v10.6/MCU/ARM_GCC_Support/ewl/lib/armv6-m\libm.a(ansi_fp.o)
 .ARM.attributes
                0x000007a8       0x31 F:/Program Files W10/CodeWarrior_10_6/CW MCU v10.6/MCU/ARM_GCC_Support/ewl/lib/armv6-m\libm.a(float.o)
 .ARM.attributes
                0x000007d9       0x31 F:/Program Files W10/CodeWarrior_10_6/CW MCU v10.6/MCU/ARM_GCC_Support/ewl/lib/armv6-m\libm.a(math_api.o)
 .ARM.attributes
                0x0000080a       0x31 F:/Program Files W10/CodeWarrior_10_6/CW MCU v10.6/MCU/ARM_GCC_Support/ewl/lib/armv6-m\libm.a(s_frexp.o)
 .ARM.attributes
                0x0000083b       0x31 F:/Program Files W10/CodeWarrior_10_6/CW MCU v10.6/MCU/ARM_GCC_Support/ewl/lib/armv6-m\libm.a(w_pow.o)
 .ARM.attributes
                0x0000086c       0x31 F:/Program Files W10/CodeWarrior_10_6/CW MCU v10.6/MCU/ARM_GCC_Support/ewl/lib/armv6-m\libm.a(e_pow.o)
 .ARM.attributes
                0x0000089d       0x31 F:/Program Files W10/CodeWarrior_10_6/CW MCU v10.6/MCU/ARM_GCC_Support/ewl/lib/armv6-m\libm.a(scalbn.o)
 .ARM.attributes
                0x000008ce       0x31 F:/Program Files W10/CodeWarrior_10_6/CW MCU v10.6/MCU/ARM_GCC_Support/ewl/lib/armv6-m\libm.a(w_sqrt.o)
 .ARM.attributes
                0x000008ff       0x31 F:/Program Files W10/CodeWarrior_10_6/CW MCU v10.6/MCU/ARM_GCC_Support/ewl/lib/armv6-m\libm.a(e_sqrt.o)
 .ARM.attributes
                0x00000930       0x31 F:/Program Files W10/CodeWarrior_10_6/CW MCU v10.6/MCU/ARM_GCC_Support/ewl/lib/armv6-m\libm.a(s_ldexp.o)
 .ARM.attributes
                0x00000961       0x1e f:/program files w10/codewarrior_10_6/cw mcu v10.6/cross_tools/arm-none-eabi-gcc-4_7_3/bin/../lib/gcc/arm-none-eabi/4.7.3/armv6-m\libgcc.a(_thumb1_case_sqi.o)
 .ARM.attributes
                0x0000097f       0x1e f:/program files w10/codewarrior_10_6/cw mcu v10.6/cross_tools/arm-none-eabi-gcc-4_7_3/bin/../lib/gcc/arm-none-eabi/4.7.3/armv6-m\libgcc.a(_thumb1_case_uqi.o)
 .ARM.attributes
                0x0000099d       0x1e f:/program files w10/codewarrior_10_6/cw mcu v10.6/cross_tools/arm-none-eabi-gcc-4_7_3/bin/../lib/gcc/arm-none-eabi/4.7.3/armv6-m\libgcc.a(_thumb1_case_shi.o)
 .ARM.attributes
                0x000009bb       0x1e f:/program files w10/codewarrior_10_6/cw mcu v10.6/cross_tools/arm-none-eabi-gcc-4_7_3/bin/../lib/gcc/arm-none-eabi/4.7.3/armv6-m\libgcc.a(_udivsi3.o)
 .ARM.attributes
                0x000009d9       0x1e f:/program files w10/codewarrior_10_6/cw mcu v10.6/cross_tools/arm-none-eabi-gcc-4_7_3/bin/../lib/gcc/arm-none-eabi/4.7.3/armv6-m\libgcc.a(_divsi3.o)
 .ARM.attributes
                0x000009f7       0x1e f:/program files w10/codewarrior_10_6/cw mcu v10.6/cross_tools/arm-none-eabi-gcc-4_7_3/bin/../lib/gcc/arm-none-eabi/4.7.3/armv6-m\libgcc.a(_dvmd_tls.o)
 .ARM.attributes
                0x00000a15       0x1e f:/program files w10/codewarrior_10_6/cw mcu v10.6/cross_tools/arm-none-eabi-gcc-4_7_3/bin/../lib/gcc/arm-none-eabi/4.7.3/armv6-m\libgcc.a(_arm_cmpdf2.o)
 .ARM.attributes
                0x00000a33       0x1e f:/program files w10/codewarrior_10_6/cw mcu v10.6/cross_tools/arm-none-eabi-gcc-4_7_3/bin/../lib/gcc/arm-none-eabi/4.7.3/armv6-m\libgcc.a(_aeabi_uldivmod.o)
 .ARM.attributes
                0x00000a51       0x2c f:/program files w10/codewarrior_10_6/cw mcu v10.6/cross_tools/arm-none-eabi-gcc-4_7_3/bin/../lib/gcc/arm-none-eabi/4.7.3/armv6-m\libgcc.a(bpabi.o)
 .ARM.attributes
                0x00000a7d       0x2c f:/program files w10/codewarrior_10_6/cw mcu v10.6/cross_tools/arm-none-eabi-gcc-4_7_3/bin/../lib/gcc/arm-none-eabi/4.7.3/armv6-m\libgcc.a(adddf3.o)
 .ARM.attributes
                0x00000aa9       0x2c f:/program files w10/codewarrior_10_6/cw mcu v10.6/cross_tools/arm-none-eabi-gcc-4_7_3/bin/../lib/gcc/arm-none-eabi/4.7.3/armv6-m\libgcc.a(divdf3.o)
 .ARM.attributes
                0x00000ad5       0x2c f:/program files w10/codewarrior_10_6/cw mcu v10.6/cross_tools/arm-none-eabi-gcc-4_7_3/bin/../lib/gcc/arm-none-eabi/4.7.3/armv6-m\libgcc.a(eqdf2.o)
 .ARM.attributes
                0x00000b01       0x2c f:/program files w10/codewarrior_10_6/cw mcu v10.6/cross_tools/arm-none-eabi-gcc-4_7_3/bin/../lib/gcc/arm-none-eabi/4.7.3/armv6-m\libgcc.a(gedf2.o)
 .ARM.attributes
                0x00000b2d       0x2c f:/program files w10/codewarrior_10_6/cw mcu v10.6/cross_tools/arm-none-eabi-gcc-4_7_3/bin/../lib/gcc/arm-none-eabi/4.7.3/armv6-m\libgcc.a(ledf2.o)
 .ARM.attributes
                0x00000b59       0x2c f:/program files w10/codewarrior_10_6/cw mcu v10.6/cross_tools/arm-none-eabi-gcc-4_7_3/bin/../lib/gcc/arm-none-eabi/4.7.3/armv6-m\libgcc.a(muldf3.o)
 .ARM.attributes
                0x00000b85       0x2c f:/program files w10/codewarrior_10_6/cw mcu v10.6/cross_tools/arm-none-eabi-gcc-4_7_3/bin/../lib/gcc/arm-none-eabi/4.7.3/armv6-m\libgcc.a(subdf3.o)
 .ARM.attributes
                0x00000bb1       0x2c f:/program files w10/codewarrior_10_6/cw mcu v10.6/cross_tools/arm-none-eabi-gcc-4_7_3/bin/../lib/gcc/arm-none-eabi/4.7.3/armv6-m\libgcc.a(fixdfsi.o)
 .ARM.attributes
                0x00000bdd       0x2c f:/program files w10/codewarrior_10_6/cw mcu v10.6/cross_tools/arm-none-eabi-gcc-4_7_3/bin/../lib/gcc/arm-none-eabi/4.7.3/armv6-m\libgcc.a(floatsidf.o)
 .ARM.attributes
                0x00000c09       0x2c f:/program files w10/codewarrior_10_6/cw mcu v10.6/cross_tools/arm-none-eabi-gcc-4_7_3/bin/../lib/gcc/arm-none-eabi/4.7.3/armv6-m\libgcc.a(extendsfdf2.o)
 .ARM.attributes
                0x00000c35       0x2c f:/program files w10/codewarrior_10_6/cw mcu v10.6/cross_tools/arm-none-eabi-gcc-4_7_3/bin/../lib/gcc/arm-none-eabi/4.7.3/armv6-m\libgcc.a(truncdfsf2.o)
 .ARM.attributes
                0x00000c61       0x1e f:/program files w10/codewarrior_10_6/cw mcu v10.6/cross_tools/arm-none-eabi-gcc-4_7_3/bin/../lib/gcc/arm-none-eabi/4.7.3/armv6-m\libgcc.a(_clzsi2.o)
 .ARM.attributes
                0x00000c7f       0x2c f:/program files w10/codewarrior_10_6/cw mcu v10.6/cross_tools/arm-none-eabi-gcc-4_7_3/bin/../lib/gcc/arm-none-eabi/4.7.3/armv6-m\libgcc.a(_muldi3.o)
 .ARM.attributes
                0x00000cab       0x2c f:/program files w10/codewarrior_10_6/cw mcu v10.6/cross_tools/arm-none-eabi-gcc-4_7_3/bin/../lib/gcc/arm-none-eabi/4.7.3/armv6-m\libgcc.a(_divdi3.o)
 .ARM.attributes
                0x00000cd7       0x2c f:/program files w10/codewarrior_10_6/cw mcu v10.6/cross_tools/arm-none-eabi-gcc-4_7_3/bin/../lib/gcc/arm-none-eabi/4.7.3/armv6-m\libgcc.a(_udivdi3.o)
 .ARM.attributes
                0x00000d03       0x31 F:/Program Files W10/CodeWarrior_10_6/CW MCU v10.6/MCU/ARM_GCC_Support/ewl/lib/armv6-m\librt.a(gcc_ctor_dtor.o)
 .ARM.attributes
                0x00000d34       0x31 F:/Program Files W10/CodeWarrior_10_6/CW MCU v10.6/MCU/ARM_GCC_Support/ewl/lib/armv6-m\librt.a(ROMCopy.o)
 .ARM.attributes
                0x00000d65       0x31 F:/Program Files W10/CodeWarrior_10_6/CW MCU v10.6/MCU/ARM_GCC_Support/ewl/lib/armv6-m\librt.a(__arm_eabi_init.o)
OUTPUT(EnergyHarvesting.elf elf32-littlearm)

.debug_info     0x00000000     0x943c
 .debug_info    0x00000000      0x117 ./Generated_Code/WAIT1.o
 .debug_info    0x00000117      0x10b ./Generated_Code/Vectors.o
 .debug_info    0x00000222      0x399 ./Generated_Code/SCL.o
 .debug_info    0x000005bb      0x255 ./Generated_Code/PE_LDD.o
 .debug_info    0x00000810      0x399 ./Generated_Code/MOSI.o
 .debug_info    0x00000ba9      0x313 ./Generated_Code/MISO.o
 .debug_info    0x00000ebc      0x387 ./Generated_Code/LED.o
 .debug_info    0x00001243      0x5d9 ./Generated_Code/IO1.o
 .debug_info    0x0000181c      0x266 ./Generated_Code/CsIO1.o
 .debug_info    0x00001a82      0x8e8 ./Generated_Code/Cpu.o
 .debug_info    0x0000236a      0x399 ./Generated_Code/CS.o
 .debug_info    0x00002703      0x12a ./Project_Settings/Startup_Code/__arm_start.o
 .debug_info    0x0000282d       0x54 ./Project_Settings/Startup_Code/__arm_end.o
 .debug_info    0x00002881      0x1b1 ./Sources/main.o
 .debug_info    0x00002a32       0x92 ./Sources/Events.o
 .debug_info    0x00002ac4      0x399 F:/Program Files W10/CodeWarrior_10_6/CW MCU v10.6/MCU/ARM_GCC_Support/ewl/lib/armv6-m\libc.a(printf.o)
 .debug_info    0x00002e5d      0x38a F:/Program Files W10/CodeWarrior_10_6/CW MCU v10.6/MCU/ARM_GCC_Support/ewl/lib/armv6-m\libc.a(puts.o)
 .debug_info    0x000031e7      0x474 F:/Program Files W10/CodeWarrior_10_6/CW MCU v10.6/MCU/ARM_GCC_Support/ewl/lib/armv6-m\libc.a(scanf.o)
 .debug_info    0x0000365b      0x448 F:/Program Files W10/CodeWarrior_10_6/CW MCU v10.6/MCU/ARM_GCC_Support/ewl/lib/armv6-m\libc.a(ungetc.o)
 .debug_info    0x00003aa3       0xe8 F:/Program Files W10/CodeWarrior_10_6/CW MCU v10.6/MCU/ARM_GCC_Support/ewl/lib/armv6-m\libc.a(exit.o)
 .debug_info    0x00003b8b       0xec F:/Program Files W10/CodeWarrior_10_6/CW MCU v10.6/MCU/ARM_GCC_Support/ewl/lib/armv6-m\libc.a(memset.o)
 .debug_info    0x00003c77      0x882 F:/Program Files W10/CodeWarrior_10_6/CW MCU v10.6/MCU/ARM_GCC_Support/ewl/lib/armv6-m\libc.a(printformat_fp_ll.o)
 .debug_info    0x000044f9      0x5c9 F:/Program Files W10/CodeWarrior_10_6/CW MCU v10.6/MCU/ARM_GCC_Support/ewl/lib/armv6-m\libc.a(scanformat_fp.o)
 .debug_info    0x00004ac2      0x313 F:/Program Files W10/CodeWarrior_10_6/CW MCU v10.6/MCU/ARM_GCC_Support/ewl/lib/armv6-m\libc.a(ctype_aeabi.o)
 .debug_info    0x00004dd5      0x43b F:/Program Files W10/CodeWarrior_10_6/CW MCU v10.6/MCU/ARM_GCC_Support/ewl/lib/armv6-m\libc.a(__getchar.o)
 .debug_info    0x00005210      0x3fa F:/Program Files W10/CodeWarrior_10_6/CW MCU v10.6/MCU/ARM_GCC_Support/ewl/lib/armv6-m\libc.a(__putchar.o)
 .debug_info    0x0000560a      0x771 F:/Program Files W10/CodeWarrior_10_6/CW MCU v10.6/MCU/ARM_GCC_Support/ewl/lib/armv6-m\libc.a(__strtold.o)
 .debug_info    0x00005d7b      0x4be F:/Program Files W10/CodeWarrior_10_6/CW MCU v10.6/MCU/ARM_GCC_Support/ewl/lib/armv6-m\libc.a(ansi_files.o)
 .debug_info    0x00006239      0x60d F:/Program Files W10/CodeWarrior_10_6/CW MCU v10.6/MCU/ARM_GCC_Support/ewl/lib/armv6-m\libc.a(fwrite.o)
 .debug_info    0x00006846      0x1d6 F:/Program Files W10/CodeWarrior_10_6/CW MCU v10.6/MCU/ARM_GCC_Support/ewl/lib/armv6-m\libc.a(__strtoul.o)
 .debug_info    0x00006a1c      0x137 F:/Program Files W10/CodeWarrior_10_6/CW MCU v10.6/MCU/ARM_GCC_Support/ewl/lib/armv6-m\libc.a(__filll_mem.o)
 .debug_info    0x00006b53      0x116 F:/Program Files W10/CodeWarrior_10_6/CW MCU v10.6/MCU/ARM_GCC_Support/ewl/lib/armv6-m\libc.a(__memrchr.o)
 .debug_info    0x00006c69      0x121 F:/Program Files W10/CodeWarrior_10_6/CW MCU v10.6/MCU/ARM_GCC_Support/ewl/lib/armv6-m\libc.a(memchr.o)
 .debug_info    0x00006d8a      0x10f F:/Program Files W10/CodeWarrior_10_6/CW MCU v10.6/MCU/ARM_GCC_Support/ewl/lib/armv6-m\libc.a(memcpy.o)
 .debug_info    0x00006e99      0x10b F:/Program Files W10/CodeWarrior_10_6/CW MCU v10.6/MCU/ARM_GCC_Support/ewl/lib/armv6-m\libc.a(strchr.o)
 .debug_info    0x00006fa4      0x109 F:/Program Files W10/CodeWarrior_10_6/CW MCU v10.6/MCU/ARM_GCC_Support/ewl/lib/armv6-m\libc.a(strcpy.o)
 .debug_info    0x000070ad       0xea F:/Program Files W10/CodeWarrior_10_6/CW MCU v10.6/MCU/ARM_GCC_Support/ewl/lib/armv6-m\libc.a(strlen.o)
 .debug_info    0x00007197       0x9d F:/Program Files W10/CodeWarrior_10_6/CW MCU v10.6/MCU/ARM_GCC_Support/ewl/lib/armv6-m\libc.a(errno.o)
 .debug_info    0x00007234      0x45d F:/Program Files W10/CodeWarrior_10_6/CW MCU v10.6/MCU/ARM_GCC_Support/ewl/lib/armv6-m\libc.a(__buffer_io.o)
 .debug_info    0x00007691      0x51c F:/Program Files W10/CodeWarrior_10_6/CW MCU v10.6/MCU/ARM_GCC_Support/ewl/lib/armv6-m\libm.a(ansi_fp.o)
 .debug_info    0x00007bad      0x1e4 F:/Program Files W10/CodeWarrior_10_6/CW MCU v10.6/MCU/ARM_GCC_Support/ewl/lib/armv6-m\libm.a(float.o)
 .debug_info    0x00007d91      0x305 F:/Program Files W10/CodeWarrior_10_6/CW MCU v10.6/MCU/ARM_GCC_Support/ewl/lib/armv6-m\libm.a(math_api.o)
 .debug_info    0x00008096      0x1a1 F:/Program Files W10/CodeWarrior_10_6/CW MCU v10.6/MCU/ARM_GCC_Support/ewl/lib/armv6-m\libm.a(s_frexp.o)
 .debug_info    0x00008237       0xc0 F:/Program Files W10/CodeWarrior_10_6/CW MCU v10.6/MCU/ARM_GCC_Support/ewl/lib/armv6-m\libm.a(w_pow.o)
 .debug_info    0x000082f7      0x5c7 F:/Program Files W10/CodeWarrior_10_6/CW MCU v10.6/MCU/ARM_GCC_Support/ewl/lib/armv6-m\libm.a(e_pow.o)
 .debug_info    0x000088be       0xf9 F:/Program Files W10/CodeWarrior_10_6/CW MCU v10.6/MCU/ARM_GCC_Support/ewl/lib/armv6-m\libm.a(scalbn.o)
 .debug_info    0x000089b7       0xb3 F:/Program Files W10/CodeWarrior_10_6/CW MCU v10.6/MCU/ARM_GCC_Support/ewl/lib/armv6-m\libm.a(w_sqrt.o)
 .debug_info    0x00008a6a      0x266 F:/Program Files W10/CodeWarrior_10_6/CW MCU v10.6/MCU/ARM_GCC_Support/ewl/lib/armv6-m\libm.a(e_sqrt.o)
 .debug_info    0x00008cd0      0x1e2 F:/Program Files W10/CodeWarrior_10_6/CW MCU v10.6/MCU/ARM_GCC_Support/ewl/lib/armv6-m\libm.a(s_ldexp.o)
 .debug_info    0x00008eb2      0x136 F:/Program Files W10/CodeWarrior_10_6/CW MCU v10.6/MCU/ARM_GCC_Support/ewl/lib/armv6-m\librt.a(gcc_ctor_dtor.o)
 .debug_info    0x00008fe8      0x19b F:/Program Files W10/CodeWarrior_10_6/CW MCU v10.6/MCU/ARM_GCC_Support/ewl/lib/armv6-m\librt.a(ROMCopy.o)
 .debug_info    0x00009183      0x2b9 F:/Program Files W10/CodeWarrior_10_6/CW MCU v10.6/MCU/ARM_GCC_Support/ewl/lib/armv6-m\librt.a(__arm_eabi_init.o)

.debug_abbrev   0x00000000     0x2f54
 .debug_abbrev  0x00000000       0xaa ./Generated_Code/WAIT1.o
 .debug_abbrev  0x000000aa       0xa3 ./Generated_Code/Vectors.o
 .debug_abbrev  0x0000014d      0x12b ./Generated_Code/SCL.o
 .debug_abbrev  0x00000278      0x102 ./Generated_Code/PE_LDD.o
 .debug_abbrev  0x0000037a      0x12b ./Generated_Code/MOSI.o
 .debug_abbrev  0x000004a5      0x105 ./Generated_Code/MISO.o
 .debug_abbrev  0x000005aa      0x12b ./Generated_Code/LED.o
 .debug_abbrev  0x000006d5      0x167 ./Generated_Code/IO1.o
 .debug_abbrev  0x0000083c       0xd6 ./Generated_Code/CsIO1.o
 .debug_abbrev  0x00000912      0x122 ./Generated_Code/Cpu.o
 .debug_abbrev  0x00000a34      0x12b ./Generated_Code/CS.o
 .debug_abbrev  0x00000b5f       0x92 ./Project_Settings/Startup_Code/__arm_start.o
 .debug_abbrev  0x00000bf1       0x4c ./Project_Settings/Startup_Code/__arm_end.o
 .debug_abbrev  0x00000c3d       0xc6 ./Sources/main.o
 .debug_abbrev  0x00000d03       0x3d ./Sources/Events.o
 .debug_abbrev  0x00000d40      0x107 F:/Program Files W10/CodeWarrior_10_6/CW MCU v10.6/MCU/ARM_GCC_Support/ewl/lib/armv6-m\libc.a(printf.o)
 .debug_abbrev  0x00000e47      0x10a F:/Program Files W10/CodeWarrior_10_6/CW MCU v10.6/MCU/ARM_GCC_Support/ewl/lib/armv6-m\libc.a(puts.o)
 .debug_abbrev  0x00000f51      0x19e F:/Program Files W10/CodeWarrior_10_6/CW MCU v10.6/MCU/ARM_GCC_Support/ewl/lib/armv6-m\libc.a(scanf.o)
 .debug_abbrev  0x000010ef      0x152 F:/Program Files W10/CodeWarrior_10_6/CW MCU v10.6/MCU/ARM_GCC_Support/ewl/lib/armv6-m\libc.a(ungetc.o)
 .debug_abbrev  0x00001241       0x7a F:/Program Files W10/CodeWarrior_10_6/CW MCU v10.6/MCU/ARM_GCC_Support/ewl/lib/armv6-m\libc.a(exit.o)
 .debug_abbrev  0x000012bb       0x62 F:/Program Files W10/CodeWarrior_10_6/CW MCU v10.6/MCU/ARM_GCC_Support/ewl/lib/armv6-m\libc.a(memset.o)
 .debug_abbrev  0x0000131d      0x259 F:/Program Files W10/CodeWarrior_10_6/CW MCU v10.6/MCU/ARM_GCC_Support/ewl/lib/armv6-m\libc.a(printformat_fp_ll.o)
 .debug_abbrev  0x00001576      0x206 F:/Program Files W10/CodeWarrior_10_6/CW MCU v10.6/MCU/ARM_GCC_Support/ewl/lib/armv6-m\libc.a(scanformat_fp.o)
 .debug_abbrev  0x0000177c       0x9e F:/Program Files W10/CodeWarrior_10_6/CW MCU v10.6/MCU/ARM_GCC_Support/ewl/lib/armv6-m\libc.a(ctype_aeabi.o)
 .debug_abbrev  0x0000181a       0xf6 F:/Program Files W10/CodeWarrior_10_6/CW MCU v10.6/MCU/ARM_GCC_Support/ewl/lib/armv6-m\libc.a(__getchar.o)
 .debug_abbrev  0x00001910       0xf8 F:/Program Files W10/CodeWarrior_10_6/CW MCU v10.6/MCU/ARM_GCC_Support/ewl/lib/armv6-m\libc.a(__putchar.o)
 .debug_abbrev  0x00001a08      0x1b3 F:/Program Files W10/CodeWarrior_10_6/CW MCU v10.6/MCU/ARM_GCC_Support/ewl/lib/armv6-m\libc.a(__strtold.o)
 .debug_abbrev  0x00001bbb      0x107 F:/Program Files W10/CodeWarrior_10_6/CW MCU v10.6/MCU/ARM_GCC_Support/ewl/lib/armv6-m\libc.a(ansi_files.o)
 .debug_abbrev  0x00001cc2      0x16a F:/Program Files W10/CodeWarrior_10_6/CW MCU v10.6/MCU/ARM_GCC_Support/ewl/lib/armv6-m\libc.a(fwrite.o)
 .debug_abbrev  0x00001e2c       0xc2 F:/Program Files W10/CodeWarrior_10_6/CW MCU v10.6/MCU/ARM_GCC_Support/ewl/lib/armv6-m\libc.a(__strtoul.o)
 .debug_abbrev  0x00001eee       0x78 F:/Program Files W10/CodeWarrior_10_6/CW MCU v10.6/MCU/ARM_GCC_Support/ewl/lib/armv6-m\libc.a(__filll_mem.o)
 .debug_abbrev  0x00001f66       0x95 F:/Program Files W10/CodeWarrior_10_6/CW MCU v10.6/MCU/ARM_GCC_Support/ewl/lib/armv6-m\libc.a(__memrchr.o)
 .debug_abbrev  0x00001ffb       0x95 F:/Program Files W10/CodeWarrior_10_6/CW MCU v10.6/MCU/ARM_GCC_Support/ewl/lib/armv6-m\libc.a(memchr.o)
 .debug_abbrev  0x00002090       0x95 F:/Program Files W10/CodeWarrior_10_6/CW MCU v10.6/MCU/ARM_GCC_Support/ewl/lib/armv6-m\libc.a(memcpy.o)
 .debug_abbrev  0x00002125       0x7a F:/Program Files W10/CodeWarrior_10_6/CW MCU v10.6/MCU/ARM_GCC_Support/ewl/lib/armv6-m\libc.a(strchr.o)
 .debug_abbrev  0x0000219f       0x78 F:/Program Files W10/CodeWarrior_10_6/CW MCU v10.6/MCU/ARM_GCC_Support/ewl/lib/armv6-m\libc.a(strcpy.o)
 .debug_abbrev  0x00002217       0x7a F:/Program Files W10/CodeWarrior_10_6/CW MCU v10.6/MCU/ARM_GCC_Support/ewl/lib/armv6-m\libc.a(strlen.o)
 .debug_abbrev  0x00002291       0x44 F:/Program Files W10/CodeWarrior_10_6/CW MCU v10.6/MCU/ARM_GCC_Support/ewl/lib/armv6-m\libc.a(errno.o)
 .debug_abbrev  0x000022d5      0x142 F:/Program Files W10/CodeWarrior_10_6/CW MCU v10.6/MCU/ARM_GCC_Support/ewl/lib/armv6-m\libc.a(__buffer_io.o)
 .debug_abbrev  0x00002417      0x15d F:/Program Files W10/CodeWarrior_10_6/CW MCU v10.6/MCU/ARM_GCC_Support/ewl/lib/armv6-m\libm.a(ansi_fp.o)
 .debug_abbrev  0x00002574       0x56 F:/Program Files W10/CodeWarrior_10_6/CW MCU v10.6/MCU/ARM_GCC_Support/ewl/lib/armv6-m\libm.a(float.o)
 .debug_abbrev  0x000025ca       0xe8 F:/Program Files W10/CodeWarrior_10_6/CW MCU v10.6/MCU/ARM_GCC_Support/ewl/lib/armv6-m\libm.a(math_api.o)
 .debug_abbrev  0x000026b2       0xce F:/Program Files W10/CodeWarrior_10_6/CW MCU v10.6/MCU/ARM_GCC_Support/ewl/lib/armv6-m\libm.a(s_frexp.o)
 .debug_abbrev  0x00002780       0x59 F:/Program Files W10/CodeWarrior_10_6/CW MCU v10.6/MCU/ARM_GCC_Support/ewl/lib/armv6-m\libm.a(w_pow.o)
 .debug_abbrev  0x000027d9      0x157 F:/Program Files W10/CodeWarrior_10_6/CW MCU v10.6/MCU/ARM_GCC_Support/ewl/lib/armv6-m\libm.a(e_pow.o)
 .debug_abbrev  0x00002930       0x86 F:/Program Files W10/CodeWarrior_10_6/CW MCU v10.6/MCU/ARM_GCC_Support/ewl/lib/armv6-m\libm.a(scalbn.o)
 .debug_abbrev  0x000029b6       0x59 F:/Program Files W10/CodeWarrior_10_6/CW MCU v10.6/MCU/ARM_GCC_Support/ewl/lib/armv6-m\libm.a(w_sqrt.o)
 .debug_abbrev  0x00002a0f      0x10b F:/Program Files W10/CodeWarrior_10_6/CW MCU v10.6/MCU/ARM_GCC_Support/ewl/lib/armv6-m\libm.a(e_sqrt.o)
 .debug_abbrev  0x00002b1a       0xce F:/Program Files W10/CodeWarrior_10_6/CW MCU v10.6/MCU/ARM_GCC_Support/ewl/lib/armv6-m\libm.a(s_ldexp.o)
 .debug_abbrev  0x00002be8       0x99 F:/Program Files W10/CodeWarrior_10_6/CW MCU v10.6/MCU/ARM_GCC_Support/ewl/lib/armv6-m\librt.a(gcc_ctor_dtor.o)
 .debug_abbrev  0x00002c81      0x120 F:/Program Files W10/CodeWarrior_10_6/CW MCU v10.6/MCU/ARM_GCC_Support/ewl/lib/armv6-m\librt.a(ROMCopy.o)
 .debug_abbrev  0x00002da1      0x1b3 F:/Program Files W10/CodeWarrior_10_6/CW MCU v10.6/MCU/ARM_GCC_Support/ewl/lib/armv6-m\librt.a(__arm_eabi_init.o)

.debug_loc      0x00000000     0x612f
 .debug_loc     0x00000000       0xd4 ./Generated_Code/WAIT1.o
 .debug_loc     0x000000d4      0x118 ./Generated_Code/SCL.o
 .debug_loc     0x000001ec       0x9c ./Generated_Code/PE_LDD.o
 .debug_loc     0x00000288      0x118 ./Generated_Code/MOSI.o
 .debug_loc     0x000003a0       0x70 ./Generated_Code/MISO.o
 .debug_loc     0x00000410      0x118 ./Generated_Code/LED.o
 .debug_loc     0x00000528       0xe0 ./Generated_Code/IO1.o
 .debug_loc     0x00000608       0xa8 ./Generated_Code/CsIO1.o
 .debug_loc     0x000006b0       0xb0 ./Generated_Code/Cpu.o
 .debug_loc     0x00000760      0x118 ./Generated_Code/CS.o
 .debug_loc     0x00000878       0x2c ./Project_Settings/Startup_Code/__arm_start.o
 .debug_loc     0x000008a4       0x38 ./Project_Settings/Startup_Code/__arm_end.o
 .debug_loc     0x000008dc       0xa8 ./Sources/main.o
 .debug_loc     0x00000984       0x2c ./Sources/Events.o
 .debug_loc     0x000009b0       0x2c F:/Program Files W10/CodeWarrior_10_6/CW MCU v10.6/MCU/ARM_GCC_Support/ewl/lib/armv6-m\libc.a(printf.o)
 .debug_loc     0x000009dc       0x72 F:/Program Files W10/CodeWarrior_10_6/CW MCU v10.6/MCU/ARM_GCC_Support/ewl/lib/armv6-m\libc.a(puts.o)
 .debug_loc     0x00000a4e      0x106 F:/Program Files W10/CodeWarrior_10_6/CW MCU v10.6/MCU/ARM_GCC_Support/ewl/lib/armv6-m\libc.a(scanf.o)
 .debug_loc     0x00000b54       0xbb F:/Program Files W10/CodeWarrior_10_6/CW MCU v10.6/MCU/ARM_GCC_Support/ewl/lib/armv6-m\libc.a(ungetc.o)
 .debug_loc     0x00000c0f       0x3e F:/Program Files W10/CodeWarrior_10_6/CW MCU v10.6/MCU/ARM_GCC_Support/ewl/lib/armv6-m\libc.a(exit.o)
 .debug_loc     0x00000c4d       0x6f F:/Program Files W10/CodeWarrior_10_6/CW MCU v10.6/MCU/ARM_GCC_Support/ewl/lib/armv6-m\libc.a(memset.o)
 .debug_loc     0x00000cbc     0x17d2 F:/Program Files W10/CodeWarrior_10_6/CW MCU v10.6/MCU/ARM_GCC_Support/ewl/lib/armv6-m\libc.a(printformat_fp_ll.o)
 .debug_loc     0x0000248e      0xa49 F:/Program Files W10/CodeWarrior_10_6/CW MCU v10.6/MCU/ARM_GCC_Support/ewl/lib/armv6-m\libc.a(scanformat_fp.o)
 .debug_loc     0x00002ed7      0x30d F:/Program Files W10/CodeWarrior_10_6/CW MCU v10.6/MCU/ARM_GCC_Support/ewl/lib/armv6-m\libc.a(ctype_aeabi.o)
 .debug_loc     0x000031e4       0x87 F:/Program Files W10/CodeWarrior_10_6/CW MCU v10.6/MCU/ARM_GCC_Support/ewl/lib/armv6-m\libc.a(__getchar.o)
 .debug_loc     0x0000326b       0x87 F:/Program Files W10/CodeWarrior_10_6/CW MCU v10.6/MCU/ARM_GCC_Support/ewl/lib/armv6-m\libc.a(__putchar.o)
 .debug_loc     0x000032f2      0x910 F:/Program Files W10/CodeWarrior_10_6/CW MCU v10.6/MCU/ARM_GCC_Support/ewl/lib/armv6-m\libc.a(__strtold.o)
 .debug_loc     0x00003c02       0x8c F:/Program Files W10/CodeWarrior_10_6/CW MCU v10.6/MCU/ARM_GCC_Support/ewl/lib/armv6-m\libc.a(ansi_files.o)
 .debug_loc     0x00003c8e      0x2c2 F:/Program Files W10/CodeWarrior_10_6/CW MCU v10.6/MCU/ARM_GCC_Support/ewl/lib/armv6-m\libc.a(fwrite.o)
 .debug_loc     0x00003f50      0x305 F:/Program Files W10/CodeWarrior_10_6/CW MCU v10.6/MCU/ARM_GCC_Support/ewl/lib/armv6-m\libc.a(__strtoul.o)
 .debug_loc     0x00004255      0x14a F:/Program Files W10/CodeWarrior_10_6/CW MCU v10.6/MCU/ARM_GCC_Support/ewl/lib/armv6-m\libc.a(__filll_mem.o)
 .debug_loc     0x0000439f       0x77 F:/Program Files W10/CodeWarrior_10_6/CW MCU v10.6/MCU/ARM_GCC_Support/ewl/lib/armv6-m\libc.a(__memrchr.o)
 .debug_loc     0x00004416       0x77 F:/Program Files W10/CodeWarrior_10_6/CW MCU v10.6/MCU/ARM_GCC_Support/ewl/lib/armv6-m\libc.a(memchr.o)
 .debug_loc     0x0000448d       0x59 F:/Program Files W10/CodeWarrior_10_6/CW MCU v10.6/MCU/ARM_GCC_Support/ewl/lib/armv6-m\libc.a(memcpy.o)
 .debug_loc     0x000044e6       0xaf F:/Program Files W10/CodeWarrior_10_6/CW MCU v10.6/MCU/ARM_GCC_Support/ewl/lib/armv6-m\libc.a(strchr.o)
 .debug_loc     0x00004595       0x20 F:/Program Files W10/CodeWarrior_10_6/CW MCU v10.6/MCU/ARM_GCC_Support/ewl/lib/armv6-m\libc.a(strcpy.o)
 .debug_loc     0x000045b5       0x33 F:/Program Files W10/CodeWarrior_10_6/CW MCU v10.6/MCU/ARM_GCC_Support/ewl/lib/armv6-m\libc.a(strlen.o)
 .debug_loc     0x000045e8      0x126 F:/Program Files W10/CodeWarrior_10_6/CW MCU v10.6/MCU/ARM_GCC_Support/ewl/lib/armv6-m\libc.a(__buffer_io.o)
 .debug_loc     0x0000470e      0x599 F:/Program Files W10/CodeWarrior_10_6/CW MCU v10.6/MCU/ARM_GCC_Support/ewl/lib/armv6-m\libm.a(ansi_fp.o)
 .debug_loc     0x00004ca7      0x2d7 F:/Program Files W10/CodeWarrior_10_6/CW MCU v10.6/MCU/ARM_GCC_Support/ewl/lib/armv6-m\libm.a(math_api.o)
 .debug_loc     0x00004f7e       0xc1 F:/Program Files W10/CodeWarrior_10_6/CW MCU v10.6/MCU/ARM_GCC_Support/ewl/lib/armv6-m\libm.a(s_frexp.o)
 .debug_loc     0x0000503f       0x50 F:/Program Files W10/CodeWarrior_10_6/CW MCU v10.6/MCU/ARM_GCC_Support/ewl/lib/armv6-m\libm.a(w_pow.o)
 .debug_loc     0x0000508f      0x962 F:/Program Files W10/CodeWarrior_10_6/CW MCU v10.6/MCU/ARM_GCC_Support/ewl/lib/armv6-m\libm.a(e_pow.o)
 .debug_loc     0x000059f1       0x6e F:/Program Files W10/CodeWarrior_10_6/CW MCU v10.6/MCU/ARM_GCC_Support/ewl/lib/armv6-m\libm.a(scalbn.o)
 .debug_loc     0x00005a5f       0x38 F:/Program Files W10/CodeWarrior_10_6/CW MCU v10.6/MCU/ARM_GCC_Support/ewl/lib/armv6-m\libm.a(w_sqrt.o)
 .debug_loc     0x00005a97      0x220 F:/Program Files W10/CodeWarrior_10_6/CW MCU v10.6/MCU/ARM_GCC_Support/ewl/lib/armv6-m\libm.a(e_sqrt.o)
 .debug_loc     0x00005cb7      0x16b F:/Program Files W10/CodeWarrior_10_6/CW MCU v10.6/MCU/ARM_GCC_Support/ewl/lib/armv6-m\libm.a(s_ldexp.o)
 .debug_loc     0x00005e22       0x9d F:/Program Files W10/CodeWarrior_10_6/CW MCU v10.6/MCU/ARM_GCC_Support/ewl/lib/armv6-m\librt.a(gcc_ctor_dtor.o)
 .debug_loc     0x00005ebf       0xd9 F:/Program Files W10/CodeWarrior_10_6/CW MCU v10.6/MCU/ARM_GCC_Support/ewl/lib/armv6-m\librt.a(ROMCopy.o)
 .debug_loc     0x00005f98      0x197 F:/Program Files W10/CodeWarrior_10_6/CW MCU v10.6/MCU/ARM_GCC_Support/ewl/lib/armv6-m\librt.a(__arm_eabi_init.o)

.debug_aranges  0x00000000      0x8e0
 .debug_aranges
                0x00000000       0x38 ./Generated_Code/WAIT1.o
 .debug_aranges
                0x00000038       0x18 ./Generated_Code/Vectors.o
 .debug_aranges
                0x00000050       0x40 ./Generated_Code/SCL.o
 .debug_aranges
                0x00000090       0x30 ./Generated_Code/PE_LDD.o
 .debug_aranges
                0x000000c0       0x40 ./Generated_Code/MOSI.o
 .debug_aranges
                0x00000100       0x28 ./Generated_Code/MISO.o
 .debug_aranges
                0x00000128       0x40 ./Generated_Code/LED.o
 .debug_aranges
                0x00000168       0x38 ./Generated_Code/IO1.o
 .debug_aranges
                0x000001a0       0x30 ./Generated_Code/CsIO1.o
 .debug_aranges
                0x000001d0       0x38 ./Generated_Code/Cpu.o
 .debug_aranges
                0x00000208       0x40 ./Generated_Code/CS.o
 .debug_aranges
                0x00000248       0x30 ./Project_Settings/Startup_Code/__arm_start.o
 .debug_aranges
                0x00000278       0x20 ./Project_Settings/Startup_Code/__arm_end.o
 .debug_aranges
                0x00000298       0x30 ./Sources/main.o
 .debug_aranges
                0x000002c8       0x20 ./Sources/Events.o
 .debug_aranges
                0x000002e8       0x20 F:/Program Files W10/CodeWarrior_10_6/CW MCU v10.6/MCU/ARM_GCC_Support/ewl/lib/armv6-m\libc.a(printf.o)
 .debug_aranges
                0x00000308       0x20 F:/Program Files W10/CodeWarrior_10_6/CW MCU v10.6/MCU/ARM_GCC_Support/ewl/lib/armv6-m\libc.a(puts.o)
 .debug_aranges
                0x00000328       0x28 F:/Program Files W10/CodeWarrior_10_6/CW MCU v10.6/MCU/ARM_GCC_Support/ewl/lib/armv6-m\libc.a(scanf.o)
 .debug_aranges
                0x00000350       0x28 F:/Program Files W10/CodeWarrior_10_6/CW MCU v10.6/MCU/ARM_GCC_Support/ewl/lib/armv6-m\libc.a(ungetc.o)
 .debug_aranges
                0x00000378       0x20 F:/Program Files W10/CodeWarrior_10_6/CW MCU v10.6/MCU/ARM_GCC_Support/ewl/lib/armv6-m\libc.a(exit.o)
 .debug_aranges
                0x00000398       0x20 F:/Program Files W10/CodeWarrior_10_6/CW MCU v10.6/MCU/ARM_GCC_Support/ewl/lib/armv6-m\libc.a(memset.o)
 .debug_aranges
                0x000003b8       0x30 F:/Program Files W10/CodeWarrior_10_6/CW MCU v10.6/MCU/ARM_GCC_Support/ewl/lib/armv6-m\libc.a(printformat_fp_ll.o)
 .debug_aranges
                0x000003e8       0x20 F:/Program Files W10/CodeWarrior_10_6/CW MCU v10.6/MCU/ARM_GCC_Support/ewl/lib/armv6-m\libc.a(scanformat_fp.o)
 .debug_aranges
                0x00000408       0x88 F:/Program Files W10/CodeWarrior_10_6/CW MCU v10.6/MCU/ARM_GCC_Support/ewl/lib/armv6-m\libc.a(ctype_aeabi.o)
 .debug_aranges
                0x00000490       0x20 F:/Program Files W10/CodeWarrior_10_6/CW MCU v10.6/MCU/ARM_GCC_Support/ewl/lib/armv6-m\libc.a(__getchar.o)
 .debug_aranges
                0x000004b0       0x20 F:/Program Files W10/CodeWarrior_10_6/CW MCU v10.6/MCU/ARM_GCC_Support/ewl/lib/armv6-m\libc.a(__putchar.o)
 .debug_aranges
                0x000004d0       0x38 F:/Program Files W10/CodeWarrior_10_6/CW MCU v10.6/MCU/ARM_GCC_Support/ewl/lib/armv6-m\libc.a(__strtold.o)
 .debug_aranges
                0x00000508       0x28 F:/Program Files W10/CodeWarrior_10_6/CW MCU v10.6/MCU/ARM_GCC_Support/ewl/lib/armv6-m\libc.a(ansi_files.o)
 .debug_aranges
                0x00000530       0x30 F:/Program Files W10/CodeWarrior_10_6/CW MCU v10.6/MCU/ARM_GCC_Support/ewl/lib/armv6-m\libc.a(fwrite.o)
 .debug_aranges
                0x00000560       0x20 F:/Program Files W10/CodeWarrior_10_6/CW MCU v10.6/MCU/ARM_GCC_Support/ewl/lib/armv6-m\libc.a(__strtoul.o)
 .debug_aranges
                0x00000580       0x20 F:/Program Files W10/CodeWarrior_10_6/CW MCU v10.6/MCU/ARM_GCC_Support/ewl/lib/armv6-m\libc.a(__filll_mem.o)
 .debug_aranges
                0x000005a0       0x20 F:/Program Files W10/CodeWarrior_10_6/CW MCU v10.6/MCU/ARM_GCC_Support/ewl/lib/armv6-m\libc.a(__memrchr.o)
 .debug_aranges
                0x000005c0       0x20 F:/Program Files W10/CodeWarrior_10_6/CW MCU v10.6/MCU/ARM_GCC_Support/ewl/lib/armv6-m\libc.a(memchr.o)
 .debug_aranges
                0x000005e0       0x20 F:/Program Files W10/CodeWarrior_10_6/CW MCU v10.6/MCU/ARM_GCC_Support/ewl/lib/armv6-m\libc.a(memcpy.o)
 .debug_aranges
                0x00000600       0x20 F:/Program Files W10/CodeWarrior_10_6/CW MCU v10.6/MCU/ARM_GCC_Support/ewl/lib/armv6-m\libc.a(strchr.o)
 .debug_aranges
                0x00000620       0x20 F:/Program Files W10/CodeWarrior_10_6/CW MCU v10.6/MCU/ARM_GCC_Support/ewl/lib/armv6-m\libc.a(strcpy.o)
 .debug_aranges
                0x00000640       0x20 F:/Program Files W10/CodeWarrior_10_6/CW MCU v10.6/MCU/ARM_GCC_Support/ewl/lib/armv6-m\libc.a(strlen.o)
 .debug_aranges
                0x00000660       0x18 F:/Program Files W10/CodeWarrior_10_6/CW MCU v10.6/MCU/ARM_GCC_Support/ewl/lib/armv6-m\libc.a(errno.o)
 .debug_aranges
                0x00000678       0x30 F:/Program Files W10/CodeWarrior_10_6/CW MCU v10.6/MCU/ARM_GCC_Support/ewl/lib/armv6-m\libc.a(__buffer_io.o)
 .debug_aranges
                0x000006a8       0x30 F:/Program Files W10/CodeWarrior_10_6/CW MCU v10.6/MCU/ARM_GCC_Support/ewl/lib/armv6-m\libm.a(ansi_fp.o)
 .debug_aranges
                0x000006d8       0x18 F:/Program Files W10/CodeWarrior_10_6/CW MCU v10.6/MCU/ARM_GCC_Support/ewl/lib/armv6-m\libm.a(float.o)
 .debug_aranges
                0x000006f0       0x60 F:/Program Files W10/CodeWarrior_10_6/CW MCU v10.6/MCU/ARM_GCC_Support/ewl/lib/armv6-m\libm.a(math_api.o)
 .debug_aranges
                0x00000750       0x20 F:/Program Files W10/CodeWarrior_10_6/CW MCU v10.6/MCU/ARM_GCC_Support/ewl/lib/armv6-m\libm.a(s_frexp.o)
 .debug_aranges
                0x00000770       0x20 F:/Program Files W10/CodeWarrior_10_6/CW MCU v10.6/MCU/ARM_GCC_Support/ewl/lib/armv6-m\libm.a(w_pow.o)
 .debug_aranges
                0x00000790       0x20 F:/Program Files W10/CodeWarrior_10_6/CW MCU v10.6/MCU/ARM_GCC_Support/ewl/lib/armv6-m\libm.a(e_pow.o)
 .debug_aranges
                0x000007b0       0x20 F:/Program Files W10/CodeWarrior_10_6/CW MCU v10.6/MCU/ARM_GCC_Support/ewl/lib/armv6-m\libm.a(scalbn.o)
 .debug_aranges
                0x000007d0       0x20 F:/Program Files W10/CodeWarrior_10_6/CW MCU v10.6/MCU/ARM_GCC_Support/ewl/lib/armv6-m\libm.a(w_sqrt.o)
 .debug_aranges
                0x000007f0       0x20 F:/Program Files W10/CodeWarrior_10_6/CW MCU v10.6/MCU/ARM_GCC_Support/ewl/lib/armv6-m\libm.a(e_sqrt.o)
 .debug_aranges
                0x00000810       0x20 F:/Program Files W10/CodeWarrior_10_6/CW MCU v10.6/MCU/ARM_GCC_Support/ewl/lib/armv6-m\libm.a(s_ldexp.o)
 .debug_aranges
                0x00000830       0x28 F:/Program Files W10/CodeWarrior_10_6/CW MCU v10.6/MCU/ARM_GCC_Support/ewl/lib/armv6-m\librt.a(gcc_ctor_dtor.o)
 .debug_aranges
                0x00000858       0x30 F:/Program Files W10/CodeWarrior_10_6/CW MCU v10.6/MCU/ARM_GCC_Support/ewl/lib/armv6-m\librt.a(ROMCopy.o)
 .debug_aranges
                0x00000888       0x58 F:/Program Files W10/CodeWarrior_10_6/CW MCU v10.6/MCU/ARM_GCC_Support/ewl/lib/armv6-m\librt.a(__arm_eabi_init.o)

.debug_macinfo  0x00000000   0x269fda
 .debug_macinfo
                0x00000000    0x2e05c ./Generated_Code/WAIT1.o
 .debug_macinfo
                0x0002e05c    0x2fbd4 ./Generated_Code/Vectors.o
 .debug_macinfo
                0x0005dc30    0x2ec23 ./Generated_Code/SCL.o
 .debug_macinfo
                0x0008c853    0x2fba4 ./Generated_Code/PE_LDD.o
 .debug_macinfo
                0x000bc3f7    0x2ec2d ./Generated_Code/MOSI.o
 .debug_macinfo
                0x000eb024    0x2ebd3 ./Generated_Code/MISO.o
 .debug_macinfo
                0x00119bf7    0x2ec82 ./Generated_Code/LED.o
 .debug_macinfo
                0x00148879    0x31c50 ./Generated_Code/IO1.o
 .debug_macinfo
                0x0017a4c9    0x2a8f1 ./Generated_Code/CsIO1.o
 .debug_macinfo
                0x001a4dba    0x2fbd4 ./Generated_Code/Cpu.o
 .debug_macinfo
                0x001d498e    0x2ec19 ./Generated_Code/CS.o
 .debug_macinfo
                0x002035a7     0x3e6d ./Project_Settings/Startup_Code/__arm_start.o
 .debug_macinfo
                0x00207414     0x3456 ./Project_Settings/Startup_Code/__arm_end.o
 .debug_macinfo
                0x0020a86a    0x2fbb8 ./Sources/main.o
 .debug_macinfo
                0x0023a422    0x2fbb8 ./Sources/Events.o

.debug_line     0x00000000     0x5825
 .debug_line    0x00000000      0x282 ./Generated_Code/WAIT1.o
 .debug_line    0x00000282      0x45e ./Generated_Code/Vectors.o
 .debug_line    0x000006e0      0x2dd ./Generated_Code/SCL.o
 .debug_line    0x000009bd      0x3be ./Generated_Code/PE_LDD.o
 .debug_line    0x00000d7b      0x2df ./Generated_Code/MOSI.o
 .debug_line    0x0000105a      0x2a6 ./Generated_Code/MISO.o
 .debug_line    0x00001300      0x2dd ./Generated_Code/LED.o
 .debug_line    0x000015dd      0x2f0 ./Generated_Code/IO1.o
 .debug_line    0x000018cd      0x358 ./Generated_Code/CsIO1.o
 .debug_line    0x00001c25      0x4c4 ./Generated_Code/Cpu.o
 .debug_line    0x000020e9      0x2db ./Generated_Code/CS.o
 .debug_line    0x000023c4      0x2ef ./Project_Settings/Startup_Code/__arm_start.o
 .debug_line    0x000026b3      0x2ca ./Project_Settings/Startup_Code/__arm_end.o
 .debug_line    0x0000297d      0x4a7 ./Sources/main.o
 .debug_line    0x00002e24      0x3b8 ./Sources/Events.o
 .debug_line    0x000031dc       0xb0 F:/Program Files W10/CodeWarrior_10_6/CW MCU v10.6/MCU/ARM_GCC_Support/ewl/lib/armv6-m\libc.a(printf.o)
 .debug_line    0x0000328c       0x9a F:/Program Files W10/CodeWarrior_10_6/CW MCU v10.6/MCU/ARM_GCC_Support/ewl/lib/armv6-m\libc.a(puts.o)
 .debug_line    0x00003326       0xe3 F:/Program Files W10/CodeWarrior_10_6/CW MCU v10.6/MCU/ARM_GCC_Support/ewl/lib/armv6-m\libc.a(scanf.o)
 .debug_line    0x00003409       0xe0 F:/Program Files W10/CodeWarrior_10_6/CW MCU v10.6/MCU/ARM_GCC_Support/ewl/lib/armv6-m\libc.a(ungetc.o)
 .debug_line    0x000034e9       0x8d F:/Program Files W10/CodeWarrior_10_6/CW MCU v10.6/MCU/ARM_GCC_Support/ewl/lib/armv6-m\libc.a(exit.o)
 .debug_line    0x00003576       0x90 F:/Program Files W10/CodeWarrior_10_6/CW MCU v10.6/MCU/ARM_GCC_Support/ewl/lib/armv6-m\libc.a(memset.o)
 .debug_line    0x00003606      0x456 F:/Program Files W10/CodeWarrior_10_6/CW MCU v10.6/MCU/ARM_GCC_Support/ewl/lib/armv6-m\libc.a(printformat_fp_ll.o)
 .debug_line    0x00003a5c      0x2e3 F:/Program Files W10/CodeWarrior_10_6/CW MCU v10.6/MCU/ARM_GCC_Support/ewl/lib/armv6-m\libc.a(scanformat_fp.o)
 .debug_line    0x00003d3f      0x1be F:/Program Files W10/CodeWarrior_10_6/CW MCU v10.6/MCU/ARM_GCC_Support/ewl/lib/armv6-m\libc.a(ctype_aeabi.o)
 .debug_line    0x00003efd       0xce F:/Program Files W10/CodeWarrior_10_6/CW MCU v10.6/MCU/ARM_GCC_Support/ewl/lib/armv6-m\libc.a(__getchar.o)
 .debug_line    0x00003fcb       0xc2 F:/Program Files W10/CodeWarrior_10_6/CW MCU v10.6/MCU/ARM_GCC_Support/ewl/lib/armv6-m\libc.a(__putchar.o)
 .debug_line    0x0000408d      0x30a F:/Program Files W10/CodeWarrior_10_6/CW MCU v10.6/MCU/ARM_GCC_Support/ewl/lib/armv6-m\libc.a(__strtold.o)
 .debug_line    0x00004397       0xc0 F:/Program Files W10/CodeWarrior_10_6/CW MCU v10.6/MCU/ARM_GCC_Support/ewl/lib/armv6-m\libc.a(ansi_files.o)
 .debug_line    0x00004457      0x158 F:/Program Files W10/CodeWarrior_10_6/CW MCU v10.6/MCU/ARM_GCC_Support/ewl/lib/armv6-m\libc.a(fwrite.o)
 .debug_line    0x000045af      0x11e F:/Program Files W10/CodeWarrior_10_6/CW MCU v10.6/MCU/ARM_GCC_Support/ewl/lib/armv6-m\libc.a(__strtoul.o)
 .debug_line    0x000046cd       0xf6 F:/Program Files W10/CodeWarrior_10_6/CW MCU v10.6/MCU/ARM_GCC_Support/ewl/lib/armv6-m\libc.a(__filll_mem.o)
 .debug_line    0x000047c3       0x99 F:/Program Files W10/CodeWarrior_10_6/CW MCU v10.6/MCU/ARM_GCC_Support/ewl/lib/armv6-m\libc.a(__memrchr.o)
 .debug_line    0x0000485c       0x9f F:/Program Files W10/CodeWarrior_10_6/CW MCU v10.6/MCU/ARM_GCC_Support/ewl/lib/armv6-m\libc.a(memchr.o)
 .debug_line    0x000048fb       0x8b F:/Program Files W10/CodeWarrior_10_6/CW MCU v10.6/MCU/ARM_GCC_Support/ewl/lib/armv6-m\libc.a(memcpy.o)
 .debug_line    0x00004986       0x7d F:/Program Files W10/CodeWarrior_10_6/CW MCU v10.6/MCU/ARM_GCC_Support/ewl/lib/armv6-m\libc.a(strchr.o)
 .debug_line    0x00004a03       0x7d F:/Program Files W10/CodeWarrior_10_6/CW MCU v10.6/MCU/ARM_GCC_Support/ewl/lib/armv6-m\libc.a(strcpy.o)
 .debug_line    0x00004a80       0x85 F:/Program Files W10/CodeWarrior_10_6/CW MCU v10.6/MCU/ARM_GCC_Support/ewl/lib/armv6-m\libc.a(strlen.o)
 .debug_line    0x00004b05       0x4d F:/Program Files W10/CodeWarrior_10_6/CW MCU v10.6/MCU/ARM_GCC_Support/ewl/lib/armv6-m\libc.a(errno.o)
 .debug_line    0x00004b52       0xf0 F:/Program Files W10/CodeWarrior_10_6/CW MCU v10.6/MCU/ARM_GCC_Support/ewl/lib/armv6-m\libc.a(__buffer_io.o)
 .debug_line    0x00004c42      0x1d9 F:/Program Files W10/CodeWarrior_10_6/CW MCU v10.6/MCU/ARM_GCC_Support/ewl/lib/armv6-m\libm.a(ansi_fp.o)
 .debug_line    0x00004e1b       0x60 F:/Program Files W10/CodeWarrior_10_6/CW MCU v10.6/MCU/ARM_GCC_Support/ewl/lib/armv6-m\libm.a(float.o)
 .debug_line    0x00004e7b      0x173 F:/Program Files W10/CodeWarrior_10_6/CW MCU v10.6/MCU/ARM_GCC_Support/ewl/lib/armv6-m\libm.a(math_api.o)
 .debug_line    0x00004fee       0xb9 F:/Program Files W10/CodeWarrior_10_6/CW MCU v10.6/MCU/ARM_GCC_Support/ewl/lib/armv6-m\libm.a(s_frexp.o)
 .debug_line    0x000050a7       0x73 F:/Program Files W10/CodeWarrior_10_6/CW MCU v10.6/MCU/ARM_GCC_Support/ewl/lib/armv6-m\libm.a(w_pow.o)
 .debug_line    0x0000511a      0x1f9 F:/Program Files W10/CodeWarrior_10_6/CW MCU v10.6/MCU/ARM_GCC_Support/ewl/lib/armv6-m\libm.a(e_pow.o)
 .debug_line    0x00005313       0x77 F:/Program Files W10/CodeWarrior_10_6/CW MCU v10.6/MCU/ARM_GCC_Support/ewl/lib/armv6-m\libm.a(scalbn.o)
 .debug_line    0x0000538a       0x74 F:/Program Files W10/CodeWarrior_10_6/CW MCU v10.6/MCU/ARM_GCC_Support/ewl/lib/armv6-m\libm.a(w_sqrt.o)
 .debug_line    0x000053fe      0x121 F:/Program Files W10/CodeWarrior_10_6/CW MCU v10.6/MCU/ARM_GCC_Support/ewl/lib/armv6-m\libm.a(e_sqrt.o)
 .debug_line    0x0000551f       0xc6 F:/Program Files W10/CodeWarrior_10_6/CW MCU v10.6/MCU/ARM_GCC_Support/ewl/lib/armv6-m\libm.a(s_ldexp.o)
 .debug_line    0x000055e5       0x6c F:/Program Files W10/CodeWarrior_10_6/CW MCU v10.6/MCU/ARM_GCC_Support/ewl/lib/armv6-m\librt.a(gcc_ctor_dtor.o)
 .debug_line    0x00005651       0xbd F:/Program Files W10/CodeWarrior_10_6/CW MCU v10.6/MCU/ARM_GCC_Support/ewl/lib/armv6-m\librt.a(ROMCopy.o)
 .debug_line    0x0000570e      0x117 F:/Program Files W10/CodeWarrior_10_6/CW MCU v10.6/MCU/ARM_GCC_Support/ewl/lib/armv6-m\librt.a(__arm_eabi_init.o)

.debug_str      0x00000000     0x2082
 .debug_str     0x00000000      0x13f ./Generated_Code/WAIT1.o
                                0x176 (size before relaxing)
 .debug_str     0x0000013f       0x5e ./Generated_Code/Vectors.o
                                0x171 (size before relaxing)
 .debug_str     0x0000019d      0x168 ./Generated_Code/SCL.o
                                0x2a0 (size before relaxing)
 .debug_str     0x00000305      0x16b ./Generated_Code/PE_LDD.o
                                0x2d4 (size before relaxing)
 .debug_str     0x00000470       0x78 ./Generated_Code/MOSI.o
                                0x2a8 (size before relaxing)
 .debug_str     0x000004e8       0x54 ./Generated_Code/MISO.o
                                0x284 (size before relaxing)
 .debug_str     0x0000053c       0x70 ./Generated_Code/LED.o
                                0x297 (size before relaxing)
 .debug_str     0x000005ac      0x1c6 ./Generated_Code/IO1.o
                                0x397 (size before relaxing)
 .debug_str     0x00000772       0x9b ./Generated_Code/CsIO1.o
                                0x1db (size before relaxing)
 .debug_str     0x0000080d      0x1bb ./Generated_Code/Cpu.o
                                0x420 (size before relaxing)
 .debug_str     0x000009c8       0x68 ./Generated_Code/CS.o
                                0x298 (size before relaxing)
 .debug_str     0x00000a30       0xd8 ./Project_Settings/Startup_Code/__arm_start.o
                                0x1bc (size before relaxing)
 .debug_str     0x00000b08       0x41 ./Project_Settings/Startup_Code/__arm_end.o
                                 0xf3 (size before relaxing)
 .debug_str     0x00000b49       0x9e ./Sources/main.o
                                0x1c4 (size before relaxing)
 .debug_str     0x00000be7       0x21 ./Sources/Events.o
                                0x134 (size before relaxing)
 .debug_str     0x00000c08      0x18b F:/Program Files W10/CodeWarrior_10_6/CW MCU v10.6/MCU/ARM_GCC_Support/ewl/lib/armv6-m\libc.a(printf.o)
                                0x2e9 (size before relaxing)
 .debug_str     0x00000d93       0x1d F:/Program Files W10/CodeWarrior_10_6/CW MCU v10.6/MCU/ARM_GCC_Support/ewl/lib/armv6-m\libc.a(puts.o)
                                0x2cc (size before relaxing)
 .debug_str     0x00000db0       0x68 F:/Program Files W10/CodeWarrior_10_6/CW MCU v10.6/MCU/ARM_GCC_Support/ewl/lib/armv6-m\libc.a(scanf.o)
                                0x33c (size before relaxing)
 .debug_str     0x00000e18      0x10b F:/Program Files W10/CodeWarrior_10_6/CW MCU v10.6/MCU/ARM_GCC_Support/ewl/lib/armv6-m\libc.a(ungetc.o)
                                0x3d1 (size before relaxing)
 .debug_str     0x00000f23       0x2e F:/Program Files W10/CodeWarrior_10_6/CW MCU v10.6/MCU/ARM_GCC_Support/ewl/lib/armv6-m\libc.a(exit.o)
                                0x157 (size before relaxing)
 .debug_str     0x00000f51       0x1c F:/Program Files W10/CodeWarrior_10_6/CW MCU v10.6/MCU/ARM_GCC_Support/ewl/lib/armv6-m\libc.a(memset.o)
                                0x140 (size before relaxing)
 .debug_str     0x00000f6d      0x2c3 F:/Program Files W10/CodeWarrior_10_6/CW MCU v10.6/MCU/ARM_GCC_Support/ewl/lib/armv6-m\libc.a(printformat_fp_ll.o)
                                0x4a7 (size before relaxing)
 .debug_str     0x00001230      0x15d F:/Program Files W10/CodeWarrior_10_6/CW MCU v10.6/MCU/ARM_GCC_Support/ewl/lib/armv6-m\libc.a(scanformat_fp.o)
                                0x45f (size before relaxing)
 .debug_str     0x0000138d       0x9d F:/Program Files W10/CodeWarrior_10_6/CW MCU v10.6/MCU/ARM_GCC_Support/ewl/lib/armv6-m\libc.a(ctype_aeabi.o)
                                0x1bc (size before relaxing)
 .debug_str     0x0000142a       0xda F:/Program Files W10/CodeWarrior_10_6/CW MCU v10.6/MCU/ARM_GCC_Support/ewl/lib/armv6-m\libc.a(__getchar.o)
                                0x3ed (size before relaxing)
 .debug_str     0x00001504       0x21 F:/Program Files W10/CodeWarrior_10_6/CW MCU v10.6/MCU/ARM_GCC_Support/ewl/lib/armv6-m\libc.a(__putchar.o)
                                0x39e (size before relaxing)
 .debug_str     0x00001525      0x28b F:/Program Files W10/CodeWarrior_10_6/CW MCU v10.6/MCU/ARM_GCC_Support/ewl/lib/armv6-m\libc.a(__strtold.o)
                                0x533 (size before relaxing)
 .debug_str     0x000017b0       0xc6 F:/Program Files W10/CodeWarrior_10_6/CW MCU v10.6/MCU/ARM_GCC_Support/ewl/lib/armv6-m\libc.a(ansi_files.o)
                                0x442 (size before relaxing)
 .debug_str     0x00001876       0xa5 F:/Program Files W10/CodeWarrior_10_6/CW MCU v10.6/MCU/ARM_GCC_Support/ewl/lib/armv6-m\libc.a(fwrite.o)
                                0x53b (size before relaxing)
 .debug_str     0x0000191b       0x2b F:/Program Files W10/CodeWarrior_10_6/CW MCU v10.6/MCU/ARM_GCC_Support/ewl/lib/armv6-m\libc.a(__strtoul.o)
                                0x1fb (size before relaxing)
 .debug_str     0x00001946       0x25 F:/Program Files W10/CodeWarrior_10_6/CW MCU v10.6/MCU/ARM_GCC_Support/ewl/lib/armv6-m\libc.a(__filll_mem.o)
                                0x152 (size before relaxing)
 .debug_str     0x0000196b       0x22 F:/Program Files W10/CodeWarrior_10_6/CW MCU v10.6/MCU/ARM_GCC_Support/ewl/lib/armv6-m\libc.a(__memrchr.o)
                                0x145 (size before relaxing)
 .debug_str     0x0000198d       0x1c F:/Program Files W10/CodeWarrior_10_6/CW MCU v10.6/MCU/ARM_GCC_Support/ewl/lib/armv6-m\libc.a(memchr.o)
                                0x148 (size before relaxing)
 .debug_str     0x000019a9       0x1c F:/Program Files W10/CodeWarrior_10_6/CW MCU v10.6/MCU/ARM_GCC_Support/ewl/lib/armv6-m\libc.a(memcpy.o)
                                0x138 (size before relaxing)
 .debug_str     0x000019c5       0x1c F:/Program Files W10/CodeWarrior_10_6/CW MCU v10.6/MCU/ARM_GCC_Support/ewl/lib/armv6-m\libc.a(strchr.o)
                                0x137 (size before relaxing)
 .debug_str     0x000019e1       0x1c F:/Program Files W10/CodeWarrior_10_6/CW MCU v10.6/MCU/ARM_GCC_Support/ewl/lib/armv6-m\libc.a(strcpy.o)
                                0x142 (size before relaxing)
 .debug_str     0x000019fd       0x1c F:/Program Files W10/CodeWarrior_10_6/CW MCU v10.6/MCU/ARM_GCC_Support/ewl/lib/armv6-m\libc.a(strlen.o)
                                0x140 (size before relaxing)
 .debug_str     0x00001a19       0x12 F:/Program Files W10/CodeWarrior_10_6/CW MCU v10.6/MCU/ARM_GCC_Support/ewl/lib/armv6-m\libc.a(errno.o)
                                0x12c (size before relaxing)
 .debug_str     0x00001a2b       0x68 F:/Program Files W10/CodeWarrior_10_6/CW MCU v10.6/MCU/ARM_GCC_Support/ewl/lib/armv6-m\libc.a(__buffer_io.o)
                                0x373 (size before relaxing)
 .debug_str     0x00001a93       0x84 F:/Program Files W10/CodeWarrior_10_6/CW MCU v10.6/MCU/ARM_GCC_Support/ewl/lib/armv6-m\libm.a(ansi_fp.o)
                                0x219 (size before relaxing)
 .debug_str     0x00001b17       0xd0 F:/Program Files W10/CodeWarrior_10_6/CW MCU v10.6/MCU/ARM_GCC_Support/ewl/lib/armv6-m\libm.a(float.o)
                                0x225 (size before relaxing)
 .debug_str     0x00001be7       0xdf F:/Program Files W10/CodeWarrior_10_6/CW MCU v10.6/MCU/ARM_GCC_Support/ewl/lib/armv6-m\libm.a(math_api.o)
                                0x228 (size before relaxing)
 .debug_str     0x00001cc6       0x24 F:/Program Files W10/CodeWarrior_10_6/CW MCU v10.6/MCU/ARM_GCC_Support/ewl/lib/armv6-m\libm.a(s_frexp.o)
                                0x15d (size before relaxing)
 .debug_str     0x00001cea       0x11 F:/Program Files W10/CodeWarrior_10_6/CW MCU v10.6/MCU/ARM_GCC_Support/ewl/lib/armv6-m\libm.a(w_pow.o)
                                0x125 (size before relaxing)
 .debug_str     0x00001cfb       0x6c F:/Program Files W10/CodeWarrior_10_6/CW MCU v10.6/MCU/ARM_GCC_Support/ewl/lib/armv6-m\libm.a(e_pow.o)
                                0x1cd (size before relaxing)
 .debug_str     0x00001d67       0x1e F:/Program Files W10/CodeWarrior_10_6/CW MCU v10.6/MCU/ARM_GCC_Support/ewl/lib/armv6-m\libm.a(scalbn.o)
                                0x13f (size before relaxing)
 .debug_str     0x00001d85       0x12 F:/Program Files W10/CodeWarrior_10_6/CW MCU v10.6/MCU/ARM_GCC_Support/ewl/lib/armv6-m\libm.a(w_sqrt.o)
                                0x12b (size before relaxing)
 .debug_str     0x00001d97       0x21 F:/Program Files W10/CodeWarrior_10_6/CW MCU v10.6/MCU/ARM_GCC_Support/ewl/lib/armv6-m\libm.a(e_sqrt.o)
                                0x17e (size before relaxing)
 .debug_str     0x00001db8       0x20 F:/Program Files W10/CodeWarrior_10_6/CW MCU v10.6/MCU/ARM_GCC_Support/ewl/lib/armv6-m\libm.a(s_ldexp.o)
                                0x164 (size before relaxing)
 .debug_str     0x00001dd8      0x126 F:/Program Files W10/CodeWarrior_10_6/CW MCU v10.6/MCU/ARM_GCC_Support/ewl/lib/armv6-m\librt.a(gcc_ctor_dtor.o)
                                0x181 (size before relaxing)
 .debug_str     0x00001efe       0x9b F:/Program Files W10/CodeWarrior_10_6/CW MCU v10.6/MCU/ARM_GCC_Support/ewl/lib/armv6-m\librt.a(ROMCopy.o)
                                0x13c (size before relaxing)
 .debug_str     0x00001f99       0xe9 F:/Program Files W10/CodeWarrior_10_6/CW MCU v10.6/MCU/ARM_GCC_Support/ewl/lib/armv6-m\librt.a(__arm_eabi_init.o)
                                0x1b5 (size before relaxing)

.comment        0x00000000       0x79
 .comment       0x00000000       0x79 ./Generated_Code/WAIT1.o
                                 0x7a (size before relaxing)
 .comment       0x00000000       0x7a ./Generated_Code/Vectors.o
 .comment       0x00000000       0x7a ./Generated_Code/SCL.o
 .comment       0x00000000       0x7a ./Generated_Code/PE_LDD.o
 .comment       0x00000000       0x7a ./Generated_Code/MOSI.o
 .comment       0x00000000       0x7a ./Generated_Code/MISO.o
 .comment       0x00000000       0x7a ./Generated_Code/LED.o
 .comment       0x00000000       0x7a ./Generated_Code/IO1.o
 .comment       0x00000000       0x7a ./Generated_Code/CsIO1.o
 .comment       0x00000000       0x7a ./Generated_Code/Cpu.o
 .comment       0x00000000       0x7a ./Generated_Code/CS.o
 .comment       0x00000000       0x7a ./Project_Settings/Startup_Code/__arm_start.o
 .comment       0x00000000       0x7a ./Project_Settings/Startup_Code/__arm_end.o
 .comment       0x00000000       0x7a ./Sources/main.o
 .comment       0x00000000       0x7a ./Sources/Events.o
 .comment       0x00000000       0x7a F:/Program Files W10/CodeWarrior_10_6/CW MCU v10.6/MCU/ARM_GCC_Support/ewl/lib/armv6-m\libc.a(printf.o)
 .comment       0x00000000       0x7a F:/Program Files W10/CodeWarrior_10_6/CW MCU v10.6/MCU/ARM_GCC_Support/ewl/lib/armv6-m\libc.a(puts.o)
 .comment       0x00000000       0x7a F:/Program Files W10/CodeWarrior_10_6/CW MCU v10.6/MCU/ARM_GCC_Support/ewl/lib/armv6-m\libc.a(scanf.o)
 .comment       0x00000000       0x7a F:/Program Files W10/CodeWarrior_10_6/CW MCU v10.6/MCU/ARM_GCC_Support/ewl/lib/armv6-m\libc.a(ungetc.o)
 .comment       0x00000000       0x7a F:/Program Files W10/CodeWarrior_10_6/CW MCU v10.6/MCU/ARM_GCC_Support/ewl/lib/armv6-m\libc.a(exit.o)
 .comment       0x00000000       0x7a F:/Program Files W10/CodeWarrior_10_6/CW MCU v10.6/MCU/ARM_GCC_Support/ewl/lib/armv6-m\libc.a(memset.o)
 .comment       0x00000000       0x7a F:/Program Files W10/CodeWarrior_10_6/CW MCU v10.6/MCU/ARM_GCC_Support/ewl/lib/armv6-m\libc.a(printformat_fp_ll.o)
 .comment       0x00000000       0x7a F:/Program Files W10/CodeWarrior_10_6/CW MCU v10.6/MCU/ARM_GCC_Support/ewl/lib/armv6-m\libc.a(scanformat_fp.o)
 .comment       0x00000000       0x7a F:/Program Files W10/CodeWarrior_10_6/CW MCU v10.6/MCU/ARM_GCC_Support/ewl/lib/armv6-m\libc.a(ctype_aeabi.o)
 .comment       0x00000000       0x7a F:/Program Files W10/CodeWarrior_10_6/CW MCU v10.6/MCU/ARM_GCC_Support/ewl/lib/armv6-m\libc.a(__getchar.o)
 .comment       0x00000000       0x7a F:/Program Files W10/CodeWarrior_10_6/CW MCU v10.6/MCU/ARM_GCC_Support/ewl/lib/armv6-m\libc.a(__putchar.o)
 .comment       0x00000000       0x7a F:/Program Files W10/CodeWarrior_10_6/CW MCU v10.6/MCU/ARM_GCC_Support/ewl/lib/armv6-m\libc.a(__strtold.o)
 .comment       0x00000000       0x7a F:/Program Files W10/CodeWarrior_10_6/CW MCU v10.6/MCU/ARM_GCC_Support/ewl/lib/armv6-m\libc.a(ansi_files.o)
 .comment       0x00000000       0x7a F:/Program Files W10/CodeWarrior_10_6/CW MCU v10.6/MCU/ARM_GCC_Support/ewl/lib/armv6-m\libc.a(fwrite.o)
 .comment       0x00000000       0x7a F:/Program Files W10/CodeWarrior_10_6/CW MCU v10.6/MCU/ARM_GCC_Support/ewl/lib/armv6-m\libc.a(__strtoul.o)
 .comment       0x00000000       0x7a F:/Program Files W10/CodeWarrior_10_6/CW MCU v10.6/MCU/ARM_GCC_Support/ewl/lib/armv6-m\libc.a(__filll_mem.o)
 .comment       0x00000000       0x7a F:/Program Files W10/CodeWarrior_10_6/CW MCU v10.6/MCU/ARM_GCC_Support/ewl/lib/armv6-m\libc.a(__memrchr.o)
 .comment       0x00000000       0x7a F:/Program Files W10/CodeWarrior_10_6/CW MCU v10.6/MCU/ARM_GCC_Support/ewl/lib/armv6-m\libc.a(memchr.o)
 .comment       0x00000000       0x7a F:/Program Files W10/CodeWarrior_10_6/CW MCU v10.6/MCU/ARM_GCC_Support/ewl/lib/armv6-m\libc.a(memcpy.o)
 .comment       0x00000000       0x7a F:/Program Files W10/CodeWarrior_10_6/CW MCU v10.6/MCU/ARM_GCC_Support/ewl/lib/armv6-m\libc.a(strchr.o)
 .comment       0x00000000       0x7a F:/Program Files W10/CodeWarrior_10_6/CW MCU v10.6/MCU/ARM_GCC_Support/ewl/lib/armv6-m\libc.a(strcpy.o)
 .comment       0x00000000       0x7a F:/Program Files W10/CodeWarrior_10_6/CW MCU v10.6/MCU/ARM_GCC_Support/ewl/lib/armv6-m\libc.a(strlen.o)
 .comment       0x00000000       0x7a F:/Program Files W10/CodeWarrior_10_6/CW MCU v10.6/MCU/ARM_GCC_Support/ewl/lib/armv6-m\libc.a(errno.o)
 .comment       0x00000000       0x7a F:/Program Files W10/CodeWarrior_10_6/CW MCU v10.6/MCU/ARM_GCC_Support/ewl/lib/armv6-m\libc.a(__buffer_io.o)
 .comment       0x00000000       0x7a F:/Program Files W10/CodeWarrior_10_6/CW MCU v10.6/MCU/ARM_GCC_Support/ewl/lib/armv6-m\libm.a(ansi_fp.o)
 .comment       0x00000000       0x7a F:/Program Files W10/CodeWarrior_10_6/CW MCU v10.6/MCU/ARM_GCC_Support/ewl/lib/armv6-m\libm.a(float.o)
 .comment       0x00000000       0x7a F:/Program Files W10/CodeWarrior_10_6/CW MCU v10.6/MCU/ARM_GCC_Support/ewl/lib/armv6-m\libm.a(math_api.o)
 .comment       0x00000000       0x7a F:/Program Files W10/CodeWarrior_10_6/CW MCU v10.6/MCU/ARM_GCC_Support/ewl/lib/armv6-m\libm.a(s_frexp.o)